[INFO] Scanning for projects...
[INFO] 
[INFO] ---------------< com.fooddelivery:notification-service >----------------
[INFO] Building notification-service 0.0.1-SNAPSHOT
[INFO]   from pom.xml
[INFO] --------------------------------[ jar ]---------------------------------
[INFO] 
[INFO] --- resources:3.3.1:resources (default-resources) @ notification-service ---
[INFO] Copying 1 resource from src/main/resources to target/classes
[INFO] Copying 5 resources from src/main/resources to target/classes
[INFO] 
[INFO] --- compiler:3.13.0:compile (default-compile) @ notification-service ---
[INFO] Nothing to compile - all classes are up to date.
[INFO] 
[INFO] --- exec:3.1.0:exec (check-stale-contracts) @ notification-service ---
[INFO] 
[INFO] --- resources:3.3.1:testResources (default-testResources) @ notification-service ---
[INFO] Copying 1 resource from src/test/resources to target/test-classes
[INFO] 
[INFO] --- compiler:3.13.0:testCompile (default-testCompile) @ notification-service ---
[INFO] Recompiling the module because of changed source code.
[INFO] Compiling 4 source files with javac [forked debug parameters release 17] to target/test-classes
[INFO] 
[INFO] --- surefire:3.2.5:test (default-test) @ notification-service ---
[INFO] Using auto detected provider org.apache.maven.surefire.junitplatform.JUnitPlatformProvider
[INFO] 
[INFO] -------------------------------------------------------
[INFO]  T E S T S
[INFO] -------------------------------------------------------
Standard Commons Logging discovery in action with spring-jcl: please remove commons-logging.jar from classpath in order to avoid potential conflicts
[INFO] Running com.fooddelivery.notification.OpenApiGenerationTest
  .   ____          _            __ _ _
 /\\ / ___'_ __ _ _(_)_ __  __ _ \ \ \ \
( ( )\___ | '_ | '_| | '_ \/ _` | \ \ \ \
 \\/  ___)| |_)| | | | | || (_| |  ) ) ) )
  '  |____| .__|_| |_|_| |_\__, | / / / /
 =========|_|==============|___/=/_/_/_/

 :: Spring Boot ::                (v3.3.0)

{"@timestamp":"2026-08-25T14:41:46.057885+05:30","@version":"1","message":"Starting OpenApiGenerationTest using Java 26.0.1 with PID 98497 (started by parthureddy in /Users/parthureddy/Documents/Food Delivery.nosync/CommunicationIntegration)","logger_name":"com.fooddelivery.notification.OpenApiGenerationTest","thread_name":"main","level":"INFO","level_value":20000,"springAppName":"notification-service","app_name":"notification-service"}
{"@timestamp":"2026-08-25T14:41:46.067287+05:30","@version":"1","message":"The following 1 profile is active: \"test\"","logger_name":"com.fooddelivery.notification.OpenApiGenerationTest","thread_name":"main","level":"INFO","level_value":20000,"springAppName":"notification-service","app_name":"notification-service"}
{"@timestamp":"2026-08-25T14:41:46.990059+05:30","@version":"1","message":"Multiple Spring Data modules found, entering strict repository configuration mode","logger_name":"org.springframework.data.repository.config.RepositoryConfigurationDelegate","thread_name":"main","level":"INFO","level_value":20000,"springAppName":"notification-service","app_name":"notification-service"}
{"@timestamp":"2026-08-25T14:41:46.990417+05:30","@version":"1","message":"Bootstrapping Spring Data JPA repositories in DEFAULT mode.","logger_name":"org.springframework.data.repository.config.RepositoryConfigurationDelegate","thread_name":"main","level":"INFO","level_value":20000,"springAppName":"notification-service","app_name":"notification-service"}
{"@timestamp":"2026-08-25T14:41:47.103549+05:30","@version":"1","message":"Finished Spring Data repository scanning in 107 ms. Found 5 JPA repository interfaces.","logger_name":"org.springframework.data.repository.config.RepositoryConfigurationDelegate","thread_name":"main","level":"INFO","level_value":20000,"springAppName":"notification-service","app_name":"notification-service"}
{"@timestamp":"2026-08-25T14:41:47.287605+05:30","@version":"1","message":"Multiple Spring Data modules found, entering strict repository configuration mode","logger_name":"org.springframework.data.repository.config.RepositoryConfigurationDelegate","thread_name":"main","level":"INFO","level_value":20000,"springAppName":"notification-service","app_name":"notification-service"}
{"@timestamp":"2026-08-25T14:41:47.287986+05:30","@version":"1","message":"Bootstrapping Spring Data JPA repositories in DEFAULT mode.","logger_name":"org.springframework.data.repository.config.RepositoryConfigurationDelegate","thread_name":"main","level":"INFO","level_value":20000,"springAppName":"notification-service","app_name":"notification-service"}
{"@timestamp":"2026-08-25T14:41:47.294393+05:30","@version":"1","message":"Finished Spring Data repository scanning in 6 ms. Found 1 JPA repository interface.","logger_name":"org.springframework.data.repository.config.RepositoryConfigurationDelegate","thread_name":"main","level":"INFO","level_value":20000,"springAppName":"notification-service","app_name":"notification-service"}
{"@timestamp":"2026-08-25T14:41:47.545952+05:30","@version":"1","message":"Multiple Spring Data modules found, entering strict repository configuration mode","logger_name":"org.springframework.data.repository.config.RepositoryConfigurationDelegate","thread_name":"main","level":"INFO","level_value":20000,"springAppName":"notification-service","app_name":"notification-service"}
{"@timestamp":"2026-08-25T14:41:47.546891+05:30","@version":"1","message":"Bootstrapping Spring Data Redis repositories in DEFAULT mode.","logger_name":"org.springframework.data.repository.config.RepositoryConfigurationDelegate","thread_name":"main","level":"INFO","level_value":20000,"springAppName":"notification-service","app_name":"notification-service"}
{"@timestamp":"2026-08-25T14:41:47.567922+05:30","@version":"1","message":"Spring Data Redis - Could not safely identify store assignment for repository candidate interface com.fooddelivery.notification.repository.NotificationAuditLogRepository; If you want this repository to be a Redis repository, consider annotating your entities with one of these annotations: org.springframework.data.redis.core.RedisHash (preferred), or consider extending one of the following types with your repository: org.springframework.data.keyvalue.repository.KeyValueRepository","logger_name":"org.springframework.data.repository.config.RepositoryConfigurationExtensionSupport","thread_name":"main","level":"INFO","level_value":20000,"springAppName":"notification-service","app_name":"notification-service"}
{"@timestamp":"2026-08-25T14:41:47.569358+05:30","@version":"1","message":"Spring Data Redis - Could not safely identify store assignment for repository candidate interface com.fooddelivery.notification.repository.NotificationTemplateRepository; If you want this repository to be a Redis repository, consider annotating your entities with one of these annotations: org.springframework.data.redis.core.RedisHash (preferred), or consider extending one of the following types with your repository: org.springframework.data.keyvalue.repository.KeyValueRepository","logger_name":"org.springframework.data.repository.config.RepositoryConfigurationExtensionSupport","thread_name":"main","level":"INFO","level_value":20000,"springAppName":"notification-service","app_name":"notification-service"}
{"@timestamp":"2026-08-25T14:41:47.569781+05:30","@version":"1","message":"Spring Data Redis - Could not safely identify store assignment for repository candidate interface com.fooddelivery.notification.repository.UserDeviceRepository; If you want this repository to be a Redis repository, consider annotating your entities with one of these annotations: org.springframework.data.redis.core.RedisHash (preferred), or consider extending one of the following types with your repository: org.springframework.data.keyvalue.repository.KeyValueRepository","logger_name":"org.springframework.data.repository.config.RepositoryConfigurationExtensionSupport","thread_name":"main","level":"INFO","level_value":20000,"springAppName":"notification-service","app_name":"notification-service"}
{"@timestamp":"2026-08-25T14:41:47.570066+05:30","@version":"1","message":"Spring Data Redis - Could not safely identify store assignment for repository candidate interface com.fooddelivery.notification.repository.UserPreferenceRepository; If you want this repository to be a Redis repository, consider annotating your entities with one of these annotations: org.springframework.data.redis.core.RedisHash (preferred), or consider extending one of the following types with your repository: org.springframework.data.keyvalue.repository.KeyValueRepository","logger_name":"org.springframework.data.repository.config.RepositoryConfigurationExtensionSupport","thread_name":"main","level":"INFO","level_value":20000,"springAppName":"notification-service","app_name":"notification-service"}
{"@timestamp":"2026-08-25T14:41:47.570289+05:30","@version":"1","message":"Finished Spring Data repository scanning in 17 ms. Found 0 Redis repository interfaces.","logger_name":"org.springframework.data.repository.config.RepositoryConfigurationDelegate","thread_name":"main","level":"INFO","level_value":20000,"springAppName":"notification-service","app_name":"notification-service"}
{"@timestamp":"2026-08-25T14:41:48.097963+05:30","@version":"1","message":"BeanFactory id=7ee6dbdb-98da-3306-a716-c73dccb90ae2","logger_name":"org.springframework.cloud.context.scope.GenericScope","thread_name":"main","level":"INFO","level_value":20000,"springAppName":"notification-service","app_name":"notification-service"}
OpenJDK 64-Bit Server VM warning: Sharing is only supported for boot loader classes because bootstrap classpath has been appended
WARNING: A Java agent has been loaded dynamically (/Users/parthureddy/.m2/repository/net/bytebuddy/byte-buddy-agent/1.14.17/byte-buddy-agent-1.14.17.jar)
WARNING: If a serviceability tool is in use, please run with -XX:+EnableDynamicAgentLoading to hide this warning
WARNING: If a serviceability tool is not in use, please run with -Djdk.instrument.traceUsage for more information
WARNING: Dynamic loading of agents will be disallowed by default in a future release
WARNING: A terminally deprecated method in sun.misc.Unsafe has been called
WARNING: sun.misc.Unsafe::objectFieldOffset has been called by net.bytebuddy.dynamic.loading.ClassInjector$UsingUnsafe$Dispatcher$CreationAction (file:/Users/parthureddy/.m2/repository/net/bytebuddy/byte-buddy/1.14.17/byte-buddy-1.14.17.jar)
WARNING: Please consider reporting this to the maintainers of class net.bytebuddy.dynamic.loading.ClassInjector$UsingUnsafe$Dispatcher$CreationAction
WARNING: sun.misc.Unsafe::objectFieldOffset will be removed in a future release
{"@timestamp":"2026-08-25T14:41:49.639813+05:30","@version":"1","message":"Bean 'org.springframework.cloud.client.loadbalancer.LoadBalancerAutoConfiguration$DeferringLoadBalancerInterceptorConfig' of type [org.springframework.cloud.client.loadbalancer.LoadBalancerAutoConfiguration$DeferringLoadBalancerInterceptorConfig] is not eligible for getting processed by all BeanPostProcessors (for example: not eligible for auto-proxying). The currently created BeanPostProcessor [lbRestClientPostProcessor] is declared through a non-static factory method on that class; consider declaring it as static instead.","logger_name":"org.springframework.context.support.PostProcessorRegistrationDelegate$BeanPostProcessorChecker","thread_name":"main","level":"WARN","level_value":30000,"springAppName":"notification-service","app_name":"notification-service"}
{"@timestamp":"2026-08-25T14:41:49.645827+05:30","@version":"1","message":"Bean 'deferringLoadBalancerInterceptor' of type [org.springframework.cloud.client.loadbalancer.DeferringLoadBalancerInterceptor] is not eligible for getting processed by all BeanPostProcessors (for example: not eligible for auto-proxying). Is this bean getting eagerly injected into a currently created BeanPostProcessor [lbRestClientPostProcessor]? Check the corresponding BeanPostProcessor declaration and its dependencies.","logger_name":"org.springframework.context.support.PostProcessorRegistrationDelegate$BeanPostProcessorChecker","thread_name":"main","level":"WARN","level_value":30000,"springAppName":"notification-service","app_name":"notification-service"}
WARNING: A restricted method in java.lang.System has been called
WARNING: java.lang.System::load has been called by org.apache.tomcat.jni.Library in an unnamed module (file:/Users/parthureddy/.m2/repository/org/apache/tomcat/embed/tomcat-embed-core/10.1.24/tomcat-embed-core-10.1.24.jar)
WARNING: Use --enable-native-access=ALL-UNNAMED to avoid a warning for callers in this module
WARNING: Restricted methods will be blocked in a future release unless native access is enabled

{"@timestamp":"2026-08-25T14:41:50.037114+05:30","@version":"1","message":"Tomcat initialized with port 0 (http)","logger_name":"org.springframework.boot.web.embedded.tomcat.TomcatWebServer","thread_name":"main","level":"INFO","level_value":20000,"springAppName":"notification-service","app_name":"notification-service"}
{"@timestamp":"2026-08-25T14:41:50.050266+05:30","@version":"1","message":"Starting service [Tomcat]","logger_name":"org.apache.catalina.core.StandardService","thread_name":"main","level":"INFO","level_value":20000,"springAppName":"notification-service","app_name":"notification-service"}
{"@timestamp":"2026-08-25T14:41:50.050768+05:30","@version":"1","message":"Starting Servlet engine: [Apache Tomcat/10.1.24]","logger_name":"org.apache.catalina.core.StandardEngine","thread_name":"main","level":"INFO","level_value":20000,"springAppName":"notification-service","app_name":"notification-service"}
{"@timestamp":"2026-08-25T14:41:50.122103+05:30","@version":"1","message":"Initializing Spring embedded WebApplicationContext","logger_name":"org.apache.catalina.core.ContainerBase.[Tomcat].[localhost].[/]","thread_name":"main","level":"INFO","level_value":20000,"springAppName":"notification-service","app_name":"notification-service"}
{"@timestamp":"2026-08-25T14:41:50.122801+05:30","@version":"1","message":"Root WebApplicationContext: initialization completed in 3871 ms","logger_name":"org.springframework.boot.web.servlet.context.ServletWebServerApplicationContext","thread_name":"main","level":"INFO","level_value":20000,"springAppName":"notification-service","app_name":"notification-service"}
Standard Commons Logging discovery in action with spring-jcl: please remove commons-logging.jar from classpath in order to avoid potential conflicts
{"@timestamp":"2026-08-25T14:41:50.526984+05:30","@version":"1","message":"security.identity.hmac-secret is not set; falling back to the development key. Set IDENTITY_HMAC_SECRET before any non-development use.","logger_name":"com.fooddelivery.common.security.IdentityTokenService","thread_name":"main","level":"WARN","level_value":30000,"springAppName":"notification-service","app_name":"notification-service"}
{"@timestamp":"2026-08-25T14:41:50.737525+05:30","@version":"1","message":"HHH000204: Processing PersistenceUnitInfo [name: default]","logger_name":"org.hibernate.jpa.internal.util.LogHelper","thread_name":"main","level":"INFO","level_value":20000,"springAppName":"notification-service","app_name":"notification-service"}
{"@timestamp":"2026-08-25T14:41:50.783268+05:30","@version":"1","message":"HHH000412: Hibernate ORM core version 6.5.2.Final","logger_name":"org.hibernate.Version","thread_name":"main","level":"INFO","level_value":20000,"springAppName":"notification-service","app_name":"notification-service"}
{"@timestamp":"2026-08-25T14:41:50.810154+05:30","@version":"1","message":"HHH000026: Second-level cache disabled","logger_name":"org.hibernate.cache.internal.RegionFactoryInitiator","thread_name":"main","level":"INFO","level_value":20000,"springAppName":"notification-service","app_name":"notification-service"}
{"@timestamp":"2026-08-25T14:41:50.902686+05:30","@version":"1","message":"No LoadTimeWeaver setup: ignoring JPA class transformer","logger_name":"org.springframework.orm.jpa.persistenceunit.SpringPersistenceUnitInfo","thread_name":"main","level":"INFO","level_value":20000,"springAppName":"notification-service","app_name":"notification-service"}
{"@timestamp":"2026-08-25T14:41:50.924538+05:30","@version":"1","message":"HikariPool-1 - Starting...","logger_name":"com.zaxxer.hikari.HikariDataSource","thread_name":"main","level":"INFO","level_value":20000,"springAppName":"notification-service","app_name":"notification-service"}
{"@timestamp":"2026-08-25T14:41:51.115916+05:30","@version":"1","message":"HikariPool-1 - Added connection conn0: url=jdbc:h2:mem:testdb user=SA","logger_name":"com.zaxxer.hikari.pool.HikariPool","thread_name":"main","level":"INFO","level_value":20000,"springAppName":"notification-service","app_name":"notification-service"}
{"@timestamp":"2026-08-25T14:41:51.117081+05:30","@version":"1","message":"HikariPool-1 - Start completed.","logger_name":"com.zaxxer.hikari.HikariDataSource","thread_name":"main","level":"INFO","level_value":20000,"springAppName":"notification-service","app_name":"notification-service"}
{"@timestamp":"2026-08-25T14:41:51.137974+05:30","@version":"1","message":"HHH90000025: H2Dialect does not need to be specified explicitly using 'hibernate.dialect' (remove the property setting and it will be selected by default)","logger_name":"org.hibernate.orm.deprecation","thread_name":"main","level":"WARN","level_value":30000,"springAppName":"notification-service","app_name":"notification-service"}
{"@timestamp":"2026-08-25T14:41:52.047413+05:30","@version":"1","message":"HHH000489: No JTA platform available (set 'hibernate.transaction.jta.platform' to enable JTA platform integration)","logger_name":"org.hibernate.engine.transaction.jta.platform.internal.JtaPlatformInitiator","thread_name":"main","level":"INFO","level_value":20000,"springAppName":"notification-service","app_name":"notification-service"}
{"@timestamp":"2026-08-25T14:41:52.049482+05:30","@version":"1","message":"Initialized JPA EntityManagerFactory for persistence unit 'default'","logger_name":"org.springframework.orm.jpa.LocalContainerEntityManagerFactoryBean","thread_name":"main","level":"INFO","level_value":20000,"springAppName":"notification-service","app_name":"notification-service"}
{"@timestamp":"2026-08-25T14:41:52.154944+05:30","@version":"1","message":"Failed to initialize Firebase app. Ensure GOOGLE_APPLICATION_CREDENTIALS is set.","logger_name":"com.fooddelivery.notification.config.FirebaseConfig","thread_name":"main","level":"ERROR","level_value":40000,"stack_trace":"java.io.IOException: Your default credentials were not found. To set up Application Default Credentials for your environment, see https://cloud.google.com/docs/authentication/external/set-up-adc.\n\tat com.google.auth.oauth2.DefaultCredentialsProvider.getDefaultCredentials(DefaultCredentialsProvider.java:127)\n\tat com.google.auth.oauth2.GoogleCredentials.getApplicationDefault(GoogleCredentials.java:152)\n\tat com.google.auth.oauth2.GoogleCredentials.getApplicationDefault(GoogleCredentials.java:124)\n\tat com.fooddelivery.notification.config.FirebaseConfig.initialize(FirebaseConfig.java:29)\n\tat java.base/jdk.internal.reflect.DirectMethodHandleAccessor.invoke(DirectMethodHandleAccessor.java:104)\n\tat java.base/java.lang.reflect.Method.invoke(Method.java:565)\n\tat org.springframework.beans.factory.annotation.InitDestroyAnnotationBeanPostProcessor$LifecycleMethod.invoke(InitDestroyAnnotationBeanPostProcessor.java:457)\n\tat org.springframework.beans.factory.annotation.InitDestroyAnnotationBeanPostProcessor$LifecycleMetadata.invokeInitMethods(InitDestroyAnnotationBeanPostProcessor.java:401)\n\tat org.springframework.beans.factory.annotation.InitDestroyAnnotationBeanPostProcessor.postProcessBeforeInitialization(InitDestroyAnnotationBeanPostProcessor.java:219)\n\tat org.springframework.beans.factory.support.AbstractAutowireCapableBeanFactory.applyBeanPostProcessorsBeforeInitialization(AbstractAutowireCapableBeanFactory.java:422)\n\tat org.springframework.beans.factory.support.AbstractAutowireCapableBeanFactory.initializeBean(AbstractAutowireCapableBeanFactory.java:1780)\n\tat org.springframework.beans.factory.support.AbstractAutowireCapableBeanFactory.doCreateBean(AbstractAutowireCapableBeanFactory.java:600)\n\tat org.springframework.beans.factory.support.AbstractAutowireCapableBeanFactory.createBean(AbstractAutowireCapableBeanFactory.java:522)\n\tat org.springframework.beans.factory.support.AbstractBeanFactory.lambda$doGetBean$0(AbstractBeanFactory.java:337)\n\tat org.springframework.beans.factory.support.DefaultSingletonBeanRegistry.getSingleton(DefaultSingletonBeanRegistry.java:234)\n\tat org.springframework.beans.factory.support.AbstractBeanFactory.doGetBean(AbstractBeanFactory.java:335)\n\tat org.springframework.beans.factory.support.AbstractBeanFactory.getBean(AbstractBeanFactory.java:200)\n\tat org.springframework.beans.factory.support.DefaultListableBeanFactory.preInstantiateSingletons(DefaultListableBeanFactory.java:975)\n\tat org.springframework.context.support.AbstractApplicationContext.finishBeanFactoryInitialization(AbstractApplicationContext.java:962)\n\tat org.springframework.context.support.AbstractApplicationContext.refresh(AbstractApplicationContext.java:624)\n\tat org.springframework.boot.web.servlet.context.ServletWebServerApplicationContext.refresh(ServletWebServerApplicationContext.java:146)\n\tat org.springframework.boot.SpringApplication.refresh(SpringApplication.java:754)\n\tat org.springframework.boot.SpringApplication.refreshContext(SpringApplication.java:456)\n\tat org.springframework.boot.SpringApplication.run(SpringApplication.java:335)\n\tat org.springframework.boot.test.context.SpringBootContextLoader.lambda$loadContext$3(SpringBootContextLoader.java:137)\n\tat org.springframework.util.function.ThrowingSupplier.get(ThrowingSupplier.java:58)\n\tat org.springframework.util.function.ThrowingSupplier.get(ThrowingSupplier.java:46)\n\tat org.springframework.boot.SpringApplication.withHook(SpringApplication.java:1463)\n\tat org.springframework.boot.test.context.SpringBootContextLoader$ContextLoaderHook.run(SpringBootContextLoader.java:553)\n\tat org.springframework.boot.test.context.SpringBootContextLoader.loadContext(SpringBootContextLoader.java:137)\n\tat org.springframework.boot.test.context.SpringBootContextLoader.loadContext(SpringBootContextLoader.java:108)\n\tat org.springframework.test.context.cache.DefaultCacheAwareContextLoaderDelegate.loadContextInternal(DefaultCacheAwareContextLoaderDelegate.java:225)\n\tat org.springframework.test.context.cache.DefaultCacheAwareContextLoaderDelegate.loadContext(DefaultCacheAwareContextLoaderDelegate.java:152)\n\tat org.springframework.test.context.support.DefaultTestContext.getApplicationContext(DefaultTestContext.java:130)\n\tat org.springframework.boot.test.mock.mockito.MockitoTestExecutionListener.postProcessFields(MockitoTestExecutionListener.java:122)\n\tat org.springframework.boot.test.mock.mockito.MockitoTestExecutionListener.injectFields(MockitoTestExecutionListener.java:106)\n\tat org.springframework.boot.test.mock.mockito.MockitoTestExecutionListener.prepareTestInstance(MockitoTestExecutionListener.java:63)\n\tat org.springframework.test.context.TestContextManager.prepareTestInstance(TestContextManager.java:260)\n\tat org.springframework.test.context.junit.jupiter.SpringExtension.postProcessTestInstance(SpringExtension.java:163)\n\tat org.junit.jupiter.engine.descriptor.ClassBasedTestDescriptor.lambda$invokeTestInstancePostProcessors$10(ClassBasedTestDescriptor.java:378)\n\tat org.junit.jupiter.engine.descriptor.ClassBasedTestDescriptor.executeAndMaskThrowable(ClassBasedTestDescriptor.java:383)\n\tat org.junit.jupiter.engine.descriptor.ClassBasedTestDescriptor.lambda$invokeTestInstancePostProcessors$11(ClassBasedTestDescriptor.java:378)\n\tat java.base/java.util.stream.ReferencePipeline$3$1.accept(ReferencePipeline.java:214)\n\tat java.base/java.util.stream.ReferencePipeline$2$1.accept(ReferencePipeline.java:197)\n\tat java.base/java.util.ArrayList$ArrayListSpliterator.forEachRemaining(ArrayList.java:1724)\n\tat java.base/java.util.stream.AbstractPipeline.copyInto(AbstractPipeline.java:570)\n\tat java.base/java.util.stream.AbstractPipeline.wrapAndCopyInto(AbstractPipeline.java:560)\n\tat java.base/java.util.stream.StreamSpliterators$WrappingSpliterator.forEachRemaining(StreamSpliterators.java:315)\n\tat java.base/java.util.stream.Streams$ConcatSpliterator.forEachRemaining(Streams.java:735)\n\tat java.base/java.util.stream.Streams$ConcatSpliterator.forEachRemaining(Streams.java:734)\n\tat java.base/java.util.stream.ReferencePipeline$Head.forEach(ReferencePipeline.java:803)\n\tat org.junit.jupiter.engine.descriptor.ClassBasedTestDescriptor.invokeTestInstancePostProcessors(ClassBasedTestDescriptor.java:377)\n\tat org.junit.jupiter.engine.descriptor.ClassBasedTestDescriptor.lambda$instantiateAndPostProcessTestInstance$6(ClassBasedTestDescriptor.java:290)\n\tat org.junit.platform.engine.support.hierarchical.ThrowableCollector.execute(ThrowableCollector.java:73)\n\tat org.junit.jupiter.engine.descriptor.ClassBasedTestDescriptor.instantiateAndPostProcessTestInstance(ClassBasedTestDescriptor.java:289)\n\tat org.junit.jupiter.engine.descriptor.ClassBasedTestDescriptor.lambda$testInstancesProvider$4(ClassBasedTestDescriptor.java:279)\n\tat java.base/java.util.Optional.orElseGet(Optional.java:368)\n\tat org.junit.jupiter.engine.descriptor.ClassBasedTestDescriptor.lambda$testInstancesProvider$5(ClassBasedTestDescriptor.java:278)\n\tat org.junit.jupiter.engine.execution.TestInstancesProvider.getTestInstances(TestInstancesProvider.java:31)\n\tat org.junit.jupiter.engine.descriptor.TestMethodTestDescriptor.lambda$prepare$0(TestMethodTestDescriptor.java:106)\n\tat org.junit.platform.engine.support.hierarchical.ThrowableCollector.execute(ThrowableCollector.java:73)\n\tat org.junit.jupiter.engine.descriptor.TestMethodTestDescriptor.prepare(TestMethodTestDescriptor.java:105)\n\tat org.junit.jupiter.engine.descriptor.TestMethodTestDescriptor.prepare(TestMethodTestDescriptor.java:69)\n\tat org.junit.platform.engine.support.hierarchical.NodeTestTask.lambda$prepare$2(NodeTestTask.java:123)\n\tat org.junit.platform.engine.support.hierarchical.ThrowableCollector.execute(ThrowableCollector.java:73)\n\tat org.junit.platform.engine.support.hierarchical.NodeTestTask.prepare(NodeTestTask.java:123)\n\tat org.junit.platform.engine.support.hierarchical.NodeTestTask.execute(NodeTestTask.java:90)\n\tat java.base/java.util.ArrayList.forEach(ArrayList.java:1612)\n\tat org.junit.platform.engine.support.hierarchical.SameThreadHierarchicalTestExecutorService.invokeAll(SameThreadHierarchicalTestExecutorService.java:41)\n\tat org.junit.platform.engine.support.hierarchical.NodeTestTask.lambda$executeRecursively$6(NodeTestTask.java:155)\n\tat org.junit.platform.engine.support.hierarchical.ThrowableCollector.execute(ThrowableCollector.java:73)\n\tat org.junit.platform.engine.support.hierarchical.NodeTestTask.lambda$executeRecursively$8(NodeTestTask.java:141)\n\tat org.junit.platform.engine.support.hierarchical.Node.around(Node.java:137)\n\tat org.junit.platform.engine.support.hierarchical.NodeTestTask.lambda$executeRecursively$9(NodeTestTask.java:139)\n\tat org.junit.platform.engine.support.hierarchical.ThrowableCollector.execute(ThrowableCollector.java:73)\n\tat org.junit.platform.engine.support.hierarchical.NodeTestTask.executeRecursively(NodeTestTask.java:138)\n\tat org.junit.platform.engine.support.hierarchical.NodeTestTask.execute(NodeTestTask.java:95)\n\tat java.base/java.util.ArrayList.forEach(ArrayList.java:1612)\n\tat org.junit.platform.engine.support.hierarchical.SameThreadHierarchicalTestExecutorService.invokeAll(SameThreadHierarchicalTestExecutorService.java:41)\n\tat org.junit.platform.engine.support.hierarchical.NodeTestTask.lambda$executeRecursively$6(NodeTestTask.java:155)\n\tat org.junit.platform.engine.support.hierarchical.ThrowableCollector.execute(ThrowableCollector.java:73)\n\tat org.junit.platform.engine.support.hierarchical.NodeTestTask.lambda$executeRecursively$8(NodeTestTask.java:141)\n\tat org.junit.platform.engine.support.hierarchical.Node.around(Node.java:137)\n\tat org.junit.platform.engine.support.hierarchical.NodeTestTask.lambda$executeRecursively$9(NodeTestTask.java:139)\n\tat org.junit.platform.engine.support.hierarchical.ThrowableCollector.execute(ThrowableCollector.java:73)\n\tat org.junit.platform.engine.support.hierarchical.NodeTestTask.executeRecursively(NodeTestTask.java:138)\n\tat org.junit.platform.engine.support.hierarchical.NodeTestTask.execute(NodeTestTask.java:95)\n\tat org.junit.platform.engine.support.hierarchical.SameThreadHierarchicalTestExecutorService.submit(SameThreadHierarchicalTestExecutorService.java:35)\n\tat org.junit.platform.engine.support.hierarchical.HierarchicalTestExecutor.execute(HierarchicalTestExecutor.java:57)\n\tat org.junit.platform.engine.support.hierarchical.HierarchicalTestEngine.execute(HierarchicalTestEngine.java:54)\n\tat org.junit.platform.launcher.core.EngineExecutionOrchestrator.execute(EngineExecutionOrchestrator.java:198)\n\tat org.junit.platform.launcher.core.EngineExecutionOrchestrator.execute(EngineExecutionOrchestrator.java:169)\n\tat org.junit.platform.launcher.core.EngineExecutionOrchestrator.execute(EngineExecutionOrchestrator.java:93)\n\tat org.junit.platform.launcher.core.EngineExecutionOrchestrator.lambda$execute$0(EngineExecutionOrchestrator.java:58)\n\tat org.junit.platform.launcher.core.EngineExecutionOrchestrator.withInterceptedStreams(EngineExecutionOrchestrator.java:141)\n\tat org.junit.platform.launcher.core.EngineExecutionOrchestrator.execute(EngineExecutionOrchestrator.java:57)\n\tat org.junit.platform.launcher.core.DefaultLauncher.execute(DefaultLauncher.java:103)\n\tat org.junit.platform.launcher.core.DefaultLauncher.execute(DefaultLauncher.java:85)\n\tat org.junit.platform.launcher.core.DelegatingLauncher.execute(DelegatingLauncher.java:47)\n\tat org.apache.maven.surefire.junitplatform.LazyLauncher.execute(LazyLauncher.java:56)\n\tat org.apache.maven.surefire.junitplatform.JUnitPlatformProvider.execute(JUnitPlatformProvider.java:184)\n\tat org.apache.maven.surefire.junitplatform.JUnitPlatformProvider.invokeAllTests(JUnitPlatformProvider.java:148)\n\tat org.apache.maven.surefire.junitplatform.JUnitPlatformProvider.invoke(JUnitPlatformProvider.java:122)\n\tat org.apache.maven.surefire.booter.ForkedBooter.runSuitesInProcess(ForkedBooter.java:385)\n\tat org.apache.maven.surefire.booter.ForkedBooter.execute(ForkedBooter.java:162)\n\tat org.apache.maven.surefire.booter.ForkedBooter.run(ForkedBooter.java:507)\n\tat org.apache.maven.surefire.booter.ForkedBooter.main(ForkedBooter.java:495)\n","springAppName":"notification-service","app_name":"notification-service"}
{"@timestamp":"2026-08-25T14:41:53.556208+05:30","@version":"1","message":"platform.auction.token-secret is not set; falling back to the development key. Set AUCTION_TOKEN_SECRET before any non-development use.","logger_name":"com.fooddelivery.common.security.AuctionTokenService","thread_name":"main","level":"WARN","level_value":30000,"springAppName":"notification-service","app_name":"notification-service"}
{"@timestamp":"2026-08-25T14:41:54.048399+05:30","@version":"1","message":"spring.jpa.open-in-view is enabled by default. Therefore, database queries may be performed during view rendering. Explicitly configure spring.jpa.open-in-view to disable this warning","logger_name":"org.springframework.boot.autoconfigure.orm.jpa.JpaBaseConfiguration$JpaWebConfiguration","thread_name":"main","level":"WARN","level_value":30000,"springAppName":"notification-service","app_name":"notification-service"}
{"@timestamp":"2026-08-25T14:41:54.286443+05:30","@version":"1","message":"\n\nUsing generated security password: ad6a8223-2591-413a-a0aa-f1cbc37ec6d2\n\nThis generated password is for development use only. Your security configuration must be updated before running your application in production.\n","logger_name":"org.springframework.boot.autoconfigure.security.servlet.UserDetailsServiceAutoConfiguration","thread_name":"main","level":"WARN","level_value":30000,"springAppName":"notification-service","app_name":"notification-service"}
{"@timestamp":"2026-08-25T14:41:54.303954+05:30","@version":"1","message":"Global AuthenticationManager configured with UserDetailsService bean with name inMemoryUserDetailsManager","logger_name":"org.springframework.security.config.annotation.authentication.configuration.InitializeUserDetailsBeanManagerConfigurer$InitializeUserDetailsManagerConfigurer","thread_name":"main","level":"INFO","level_value":20000,"springAppName":"notification-service","app_name":"notification-service"}
{"@timestamp":"2026-08-25T14:41:54.407029+05:30","@version":"1","message":"Adding welcome page: class path resource [static/index.html]","logger_name":"org.springframework.boot.autoconfigure.web.servlet.WelcomePageHandlerMapping","thread_name":"main","level":"INFO","level_value":20000,"springAppName":"notification-service","app_name":"notification-service"}
{"@timestamp":"2026-08-25T14:41:54.979775+05:30","@version":"1","message":"Exposing 3 endpoints beneath base path '/actuator'","logger_name":"org.springframework.boot.actuate.endpoint.web.EndpointLinksResolver","thread_name":"main","level":"INFO","level_value":20000,"springAppName":"notification-service","app_name":"notification-service"}
{"@timestamp":"2026-08-25T14:41:55.060697+05:30","@version":"1","message":"Will secure any request with [org.springframework.security.web.session.DisableEncodeUrlFilter@328f4387, org.springframework.security.web.context.request.async.WebAsyncManagerIntegrationFilter@6e0d30e4, org.springframework.security.web.context.SecurityContextHolderFilter@211d223f, org.springframework.security.web.header.HeaderWriterFilter@37cc352e, org.springframework.security.web.authentication.logout.LogoutFilter@5623e0fd, com.fooddelivery.common.security.SecurityContextFilter@7c5ae5c3, org.springframework.security.web.savedrequest.RequestCacheAwareFilter@2aee082d, org.springframework.security.web.servletapi.SecurityContextHolderAwareRequestFilter@7b3a721, org.springframework.security.web.authentication.AnonymousAuthenticationFilter@1c4f7807, org.springframework.security.web.session.SessionManagementFilter@46a0cae9, org.springframework.security.web.access.ExceptionTranslationFilter@64c9bd44, org.springframework.security.web.access.intercept.AuthorizationFilter@2a1a57e5]","logger_name":"org.springframework.security.web.DefaultSecurityFilterChain","thread_name":"main","level":"INFO","level_value":20000,"springAppName":"notification-service","app_name":"notification-service"}
{"@timestamp":"2026-08-25T14:41:55.109173+05:30","@version":"1","message":"Hibernate is in classpath; If applicable, HQL parser will be used.","logger_name":"org.springframework.data.jpa.repository.query.QueryEnhancerFactory","thread_name":"main","level":"INFO","level_value":20000,"springAppName":"notification-service","app_name":"notification-service"}
{"@timestamp":"2026-08-25T14:41:56.481729+05:30","@version":"1","message":"Initializing Spring TestDispatcherServlet ''","logger_name":"org.apache.catalina.core.ContainerBase.[Tomcat].[localhost].[/]","thread_name":"main","level":"INFO","level_value":20000,"springAppName":"notification-service","app_name":"notification-service"}
{"@timestamp":"2026-08-25T14:41:56.482108+05:30","@version":"1","message":"Initializing Servlet ''","logger_name":"org.springframework.test.web.servlet.TestDispatcherServlet","thread_name":"main","level":"INFO","level_value":20000,"springAppName":"notification-service","app_name":"notification-service"}
{"@timestamp":"2026-08-25T14:41:56.483872+05:30","@version":"1","message":"Completed initialization in 1 ms","logger_name":"org.springframework.test.web.servlet.TestDispatcherServlet","thread_name":"main","level":"INFO","level_value":20000,"springAppName":"notification-service","app_name":"notification-service"}
{"@timestamp":"2026-08-25T14:41:56.532857+05:30","@version":"1","message":"Eureka HTTP Client uses RestTemplate.","logger_name":"org.springframework.cloud.netflix.eureka.config.DiscoveryClientOptionalArgsConfiguration","thread_name":"main","level":"INFO","level_value":20000,"springAppName":"notification-service","app_name":"notification-service"}
{"@timestamp":"2026-08-25T14:41:56.841208+05:30","@version":"1","message":"AdminClientConfig values: \n\tauto.include.jmx.reporter = true\n\tbootstrap.controllers = []\n\tbootstrap.servers = [localhost:9092]\n\tclient.dns.lookup = use_all_dns_ips\n\tclient.id = notification-service-admin-0\n\tconnections.max.idle.ms = 300000\n\tdefault.api.timeout.ms = 60000\n\tenable.metrics.push = true\n\tmetadata.max.age.ms = 300000\n\tmetric.reporters = []\n\tmetrics.num.samples = 2\n\tmetrics.recording.level = INFO\n\tmetrics.sample.window.ms = 30000\n\treceive.buffer.bytes = 65536\n\treconnect.backoff.max.ms = 1000\n\treconnect.backoff.ms = 50\n\trequest.timeout.ms = 30000\n\tretries = 2147483647\n\tretry.backoff.max.ms = 1000\n\tretry.backoff.ms = 100\n\tsasl.client.callback.handler.class = null\n\tsasl.jaas.config = null\n\tsasl.kerberos.kinit.cmd = /usr/bin/kinit\n\tsasl.kerberos.min.time.before.relogin = 60000\n\tsasl.kerberos.service.name = null\n\tsasl.kerberos.ticket.renew.jitter = 0.05\n\tsasl.kerberos.ticket.renew.window.factor = 0.8\n\tsasl.login.callback.handler.class = null\n\tsasl.login.class = null\n\tsasl.login.connect.timeout.ms = null\n\tsasl.login.read.timeout.ms = null\n\tsasl.login.refresh.buffer.seconds = 300\n\tsasl.login.refresh.min.period.seconds = 60\n\tsasl.login.refresh.window.factor = 0.8\n\tsasl.login.refresh.window.jitter = 0.05\n\tsasl.login.retry.backoff.max.ms = 10000\n\tsasl.login.retry.backoff.ms = 100\n\tsasl.mechanism = GSSAPI\n\tsasl.oauthbearer.clock.skew.seconds = 30\n\tsasl.oauthbearer.expected.audience = null\n\tsasl.oauthbearer.expected.issuer = null\n\tsasl.oauthbearer.jwks.endpoint.refresh.ms = 3600000\n\tsasl.oauthbearer.jwks.endpoint.retry.backoff.max.ms = 10000\n\tsasl.oauthbearer.jwks.endpoint.retry.backoff.ms = 100\n\tsasl.oauthbearer.jwks.endpoint.url = null\n\tsasl.oauthbearer.scope.claim.name = scope\n\tsasl.oauthbearer.sub.claim.name = sub\n\tsasl.oauthbearer.token.endpoint.url = null\n\tsecurity.protocol = PLAINTEXT\n\tsecurity.providers = null\n\tsend.buffer.bytes = 131072\n\tsocket.connection.setup.timeout.max.ms = 30000\n\tsocket.connection.setup.timeout.ms = 10000\n\tssl.cipher.suites = null\n\tssl.enabled.protocols = [TLSv1.2, TLSv1.3]\n\tssl.endpoint.identification.algorithm = https\n\tssl.engine.factory.class = null\n\tssl.key.password = null\n\tssl.keymanager.algorithm = SunX509\n\tssl.keystore.certificate.chain = null\n\tssl.keystore.key = null\n\tssl.keystore.location = null\n\tssl.keystore.password = null\n\tssl.keystore.type = JKS\n\tssl.protocol = TLSv1.3\n\tssl.provider = null\n\tssl.secure.random.implementation = null\n\tssl.trustmanager.algorithm = PKIX\n\tssl.truststore.certificates = null\n\tssl.truststore.location = null\n\tssl.truststore.password = null\n\tssl.truststore.type = JKS\n","logger_name":"org.apache.kafka.clients.admin.AdminClientConfig","thread_name":"main","level":"INFO","level_value":20000,"springAppName":"notification-service","app_name":"notification-service"}
{"@timestamp":"2026-08-25T14:41:56.961629+05:30","@version":"1","message":"Kafka version: 3.7.0","logger_name":"org.apache.kafka.common.utils.AppInfoParser","thread_name":"main","level":"INFO","level_value":20000,"springAppName":"notification-service","app_name":"notification-service"}
{"@timestamp":"2026-08-25T14:41:56.961961+05:30","@version":"1","message":"Kafka commitId: 2ae524ed625438c5","logger_name":"org.apache.kafka.common.utils.AppInfoParser","thread_name":"main","level":"INFO","level_value":20000,"springAppName":"notification-service","app_name":"notification-service"}
{"@timestamp":"2026-08-25T14:41:56.962108+05:30","@version":"1","message":"Kafka startTimeMs: 1787649116960","logger_name":"org.apache.kafka.common.utils.AppInfoParser","thread_name":"main","level":"INFO","level_value":20000,"springAppName":"notification-service","app_name":"notification-service"}
{"@timestamp":"2026-08-25T14:41:56.972028+05:30","@version":"1","message":"[AdminClient clientId=notification-service-admin-0] Node -1 disconnected.","logger_name":"org.apache.kafka.clients.NetworkClient","thread_name":"kafka-admin-client-thread | notification-service-admin-0","level":"INFO","level_value":20000,"springAppName":"notification-service","app_name":"notification-service"}
{"@timestamp":"2026-08-25T14:41:56.973135+05:30","@version":"1","message":"[AdminClient clientId=notification-service-admin-0] Connection to node -1 (localhost/127.0.0.1:9092) could not be established. Node may not be available.","logger_name":"org.apache.kafka.clients.NetworkClient","thread_name":"kafka-admin-client-thread | notification-service-admin-0","level":"WARN","level_value":30000,"springAppName":"notification-service","app_name":"notification-service"}
{"@timestamp":"2026-08-25T14:41:57.075331+05:30","@version":"1","message":"[AdminClient clientId=notification-service-admin-0] Node -1 disconnected.","logger_name":"org.apache.kafka.clients.NetworkClient","thread_name":"kafka-admin-client-thread | notification-service-admin-0","level":"INFO","level_value":20000,"springAppName":"notification-service","app_name":"notification-service"}
{"@timestamp":"2026-08-25T14:41:57.075569+05:30","@version":"1","message":"[AdminClient clientId=notification-service-admin-0] Connection to node -1 (localhost/127.0.0.1:9092) could not be established. Node may not be available.","logger_name":"org.apache.kafka.clients.NetworkClient","thread_name":"kafka-admin-client-thread | notification-service-admin-0","level":"WARN","level_value":30000,"springAppName":"notification-service","app_name":"notification-service"}
{"@timestamp":"2026-08-25T14:41:57.178248+05:30","@version":"1","message":"[AdminClient clientId=notification-service-admin-0] Node -1 disconnected.","logger_name":"org.apache.kafka.clients.NetworkClient","thread_name":"kafka-admin-client-thread | notification-service-admin-0","level":"INFO","level_value":20000,"springAppName":"notification-service","app_name":"notification-service"}
{"@timestamp":"2026-08-25T14:41:57.178472+05:30","@version":"1","message":"[AdminClient clientId=notification-service-admin-0] Connection to node -1 (localhost/127.0.0.1:9092) could not be established. Node may not be available.","logger_name":"org.apache.kafka.clients.NetworkClient","thread_name":"kafka-admin-client-thread | notification-service-admin-0","level":"WARN","level_value":30000,"springAppName":"notification-service","app_name":"notification-service"}
{"@timestamp":"2026-08-25T14:41:57.383793+05:30","@version":"1","message":"[AdminClient clientId=notification-service-admin-0] Node -1 disconnected.","logger_name":"org.apache.kafka.clients.NetworkClient","thread_name":"kafka-admin-client-thread | notification-service-admin-0","level":"INFO","level_value":20000,"springAppName":"notification-service","app_name":"notification-service"}
{"@timestamp":"2026-08-25T14:41:57.384244+05:30","@version":"1","message":"[AdminClient clientId=notification-service-admin-0] Connection to node -1 (localhost/127.0.0.1:9092) could not be established. Node may not be available.","logger_name":"org.apache.kafka.clients.NetworkClient","thread_name":"kafka-admin-client-thread | notification-service-admin-0","level":"WARN","level_value":30000,"springAppName":"notification-service","app_name":"notification-service"}
{"@timestamp":"2026-08-25T14:41:57.895712+05:30","@version":"1","message":"[AdminClient clientId=notification-service-admin-0] Node -1 disconnected.","logger_name":"org.apache.kafka.clients.NetworkClient","thread_name":"kafka-admin-client-thread | notification-service-admin-0","level":"INFO","level_value":20000,"springAppName":"notification-service","app_name":"notification-service"}
{"@timestamp":"2026-08-25T14:41:57.895985+05:30","@version":"1","message":"[AdminClient clientId=notification-service-admin-0] Connection to node -1 (localhost/127.0.0.1:9092) could not be established. Node may not be available.","logger_name":"org.apache.kafka.clients.NetworkClient","thread_name":"kafka-admin-client-thread | notification-service-admin-0","level":"WARN","level_value":30000,"springAppName":"notification-service","app_name":"notification-service"}
{"@timestamp":"2026-08-25T14:41:58.816207+05:30","@version":"1","message":"[AdminClient clientId=notification-service-admin-0] Node -1 disconnected.","logger_name":"org.apache.kafka.clients.NetworkClient","thread_name":"kafka-admin-client-thread | notification-service-admin-0","level":"INFO","level_value":20000,"springAppName":"notification-service","app_name":"notification-service"}
{"@timestamp":"2026-08-25T14:41:58.817168+05:30","@version":"1","message":"[AdminClient clientId=notification-service-admin-0] Connection to node -1 (localhost/127.0.0.1:9092) could not be established. Node may not be available.","logger_name":"org.apache.kafka.clients.NetworkClient","thread_name":"kafka-admin-client-thread | notification-service-admin-0","level":"WARN","level_value":30000,"springAppName":"notification-service","app_name":"notification-service"}
{"@timestamp":"2026-08-25T14:41:59.83622+05:30","@version":"1","message":"[AdminClient clientId=notification-service-admin-0] Node -1 disconnected.","logger_name":"org.apache.kafka.clients.NetworkClient","thread_name":"kafka-admin-client-thread | notification-service-admin-0","level":"INFO","level_value":20000,"springAppName":"notification-service","app_name":"notification-service"}
{"@timestamp":"2026-08-25T14:41:59.836581+05:30","@version":"1","message":"[AdminClient clientId=notification-service-admin-0] Connection to node -1 (localhost/127.0.0.1:9092) could not be established. Node may not be available.","logger_name":"org.apache.kafka.clients.NetworkClient","thread_name":"kafka-admin-client-thread | notification-service-admin-0","level":"WARN","level_value":30000,"springAppName":"notification-service","app_name":"notification-service"}
{"@timestamp":"2026-08-25T14:42:00.858222+05:30","@version":"1","message":"[AdminClient clientId=notification-service-admin-0] Node -1 disconnected.","logger_name":"org.apache.kafka.clients.NetworkClient","thread_name":"kafka-admin-client-thread | notification-service-admin-0","level":"INFO","level_value":20000,"springAppName":"notification-service","app_name":"notification-service"}
{"@timestamp":"2026-08-25T14:42:00.859023+05:30","@version":"1","message":"[AdminClient clientId=notification-service-admin-0] Connection to node -1 (localhost/127.0.0.1:9092) could not be established. Node may not be available.","logger_name":"org.apache.kafka.clients.NetworkClient","thread_name":"kafka-admin-client-thread | notification-service-admin-0","level":"WARN","level_value":30000,"springAppName":"notification-service","app_name":"notification-service"}
{"@timestamp":"2026-08-25T14:42:01.882408+05:30","@version":"1","message":"[AdminClient clientId=notification-service-admin-0] Node -1 disconnected.","logger_name":"org.apache.kafka.clients.NetworkClient","thread_name":"kafka-admin-client-thread | notification-service-admin-0","level":"INFO","level_value":20000,"springAppName":"notification-service","app_name":"notification-service"}
{"@timestamp":"2026-08-25T14:42:01.882674+05:30","@version":"1","message":"[AdminClient clientId=notification-service-admin-0] Connection to node -1 (localhost/127.0.0.1:9092) could not be established. Node may not be available.","logger_name":"org.apache.kafka.clients.NetworkClient","thread_name":"kafka-admin-client-thread | notification-service-admin-0","level":"WARN","level_value":30000,"springAppName":"notification-service","app_name":"notification-service"}
{"@timestamp":"2026-08-25T14:42:02.940599+05:30","@version":"1","message":"[AdminClient clientId=notification-service-admin-0] Node -1 disconnected.","logger_name":"org.apache.kafka.clients.NetworkClient","thread_name":"kafka-admin-client-thread | notification-service-admin-0","level":"INFO","level_value":20000,"springAppName":"notification-service","app_name":"notification-service"}
{"@timestamp":"2026-08-25T14:42:02.946421+05:30","@version":"1","message":"[AdminClient clientId=notification-service-admin-0] Connection to node -1 (localhost/127.0.0.1:9092) could not be established. Node may not be available.","logger_name":"org.apache.kafka.clients.NetworkClient","thread_name":"kafka-admin-client-thread | notification-service-admin-0","level":"WARN","level_value":30000,"springAppName":"notification-service","app_name":"notification-service"}
{"@timestamp":"2026-08-25T14:42:06.053866+05:30","@version":"1","message":"[AdminClient clientId=notification-service-admin-0] Node -1 disconnected.","logger_name":"org.apache.kafka.clients.NetworkClient","thread_name":"kafka-admin-client-thread | notification-service-admin-0","level":"INFO","level_value":20000,"springAppName":"notification-service","app_name":"notification-service"}
{"@timestamp":"2026-08-25T14:42:06.136253+05:30","@version":"1","message":"[AdminClient clientId=notification-service-admin-0] Connection to node -1 (localhost/127.0.0.1:9092) could not be established. Node may not be available.","logger_name":"org.apache.kafka.clients.NetworkClient","thread_name":"kafka-admin-client-thread | notification-service-admin-0","level":"WARN","level_value":30000,"springAppName":"notification-service","app_name":"notification-service"}
{"@timestamp":"2026-08-25T14:42:06.624096+05:30","@version":"1","message":"[AdminClient clientId=notification-service-admin-0] Node -1 disconnected.","logger_name":"org.apache.kafka.clients.NetworkClient","thread_name":"kafka-admin-client-thread | notification-service-admin-0","level":"INFO","level_value":20000,"springAppName":"notification-service","app_name":"notification-service"}
{"@timestamp":"2026-08-25T14:42:06.626152+05:30","@version":"1","message":"[AdminClient clientId=notification-service-admin-0] Connection to node -1 (localhost/127.0.0.1:9092) could not be established. Node may not be available.","logger_name":"org.apache.kafka.clients.NetworkClient","thread_name":"kafka-admin-client-thread | notification-service-admin-0","level":"WARN","level_value":30000,"springAppName":"notification-service","app_name":"notification-service"}
{"@timestamp":"2026-08-25T14:42:07.624558+05:30","@version":"1","message":"[AdminClient clientId=notification-service-admin-0] Node -1 disconnected.","logger_name":"org.apache.kafka.clients.NetworkClient","thread_name":"kafka-admin-client-thread | notification-service-admin-0","level":"INFO","level_value":20000,"springAppName":"notification-service","app_name":"notification-service"}
{"@timestamp":"2026-08-25T14:42:07.627601+05:30","@version":"1","message":"[AdminClient clientId=notification-service-admin-0] Connection to node -1 (localhost/127.0.0.1:9092) could not be established. Node may not be available.","logger_name":"org.apache.kafka.clients.NetworkClient","thread_name":"kafka-admin-client-thread | notification-service-admin-0","level":"WARN","level_value":30000,"springAppName":"notification-service","app_name":"notification-service"}
{"@timestamp":"2026-08-25T14:42:08.514463+05:30","@version":"1","message":"[AdminClient clientId=notification-service-admin-0] Node -1 disconnected.","logger_name":"org.apache.kafka.clients.NetworkClient","thread_name":"kafka-admin-client-thread | notification-service-admin-0","level":"INFO","level_value":20000,"springAppName":"notification-service","app_name":"notification-service"}
{"@timestamp":"2026-08-25T14:42:08.514977+05:30","@version":"1","message":"[AdminClient clientId=notification-service-admin-0] Connection to node -1 (localhost/127.0.0.1:9092) could not be established. Node may not be available.","logger_name":"org.apache.kafka.clients.NetworkClient","thread_name":"kafka-admin-client-thread | notification-service-admin-0","level":"WARN","level_value":30000,"springAppName":"notification-service","app_name":"notification-service"}
{"@timestamp":"2026-08-25T14:42:09.483492+05:30","@version":"1","message":"[AdminClient clientId=notification-service-admin-0] Node -1 disconnected.","logger_name":"org.apache.kafka.clients.NetworkClient","thread_name":"kafka-admin-client-thread | notification-service-admin-0","level":"INFO","level_value":20000,"springAppName":"notification-service","app_name":"notification-service"}
{"@timestamp":"2026-08-25T14:42:09.488833+05:30","@version":"1","message":"[AdminClient clientId=notification-service-admin-0] Connection to node -1 (localhost/127.0.0.1:9092) could not be established. Node may not be available.","logger_name":"org.apache.kafka.clients.NetworkClient","thread_name":"kafka-admin-client-thread | notification-service-admin-0","level":"WARN","level_value":30000,"springAppName":"notification-service","app_name":"notification-service"}
{"@timestamp":"2026-08-25T14:42:10.452207+05:30","@version":"1","message":"[AdminClient clientId=notification-service-admin-0] Node -1 disconnected.","logger_name":"org.apache.kafka.clients.NetworkClient","thread_name":"kafka-admin-client-thread | notification-service-admin-0","level":"INFO","level_value":20000,"springAppName":"notification-service","app_name":"notification-service"}
{"@timestamp":"2026-08-25T14:42:10.452971+05:30","@version":"1","message":"[AdminClient clientId=notification-service-admin-0] Connection to node -1 (localhost/127.0.0.1:9092) could not be established. Node may not be available.","logger_name":"org.apache.kafka.clients.NetworkClient","thread_name":"kafka-admin-client-thread | notification-service-admin-0","level":"WARN","level_value":30000,"springAppName":"notification-service","app_name":"notification-service"}
{"@timestamp":"2026-08-25T14:42:11.693734+05:30","@version":"1","message":"[AdminClient clientId=notification-service-admin-0] Node -1 disconnected.","logger_name":"org.apache.kafka.clients.NetworkClient","thread_name":"kafka-admin-client-thread | notification-service-admin-0","level":"INFO","level_value":20000,"springAppName":"notification-service","app_name":"notification-service"}
{"@timestamp":"2026-08-25T14:42:11.694728+05:30","@version":"1","message":"[AdminClient clientId=notification-service-admin-0] Connection to node -1 (localhost/127.0.0.1:9092) could not be established. Node may not be available.","logger_name":"org.apache.kafka.clients.NetworkClient","thread_name":"kafka-admin-client-thread | notification-service-admin-0","level":"WARN","level_value":30000,"springAppName":"notification-service","app_name":"notification-service"}
{"@timestamp":"2026-08-25T14:42:12.979423+05:30","@version":"1","message":"[AdminClient clientId=notification-service-admin-0] Node -1 disconnected.","logger_name":"org.apache.kafka.clients.NetworkClient","thread_name":"kafka-admin-client-thread | notification-service-admin-0","level":"INFO","level_value":20000,"springAppName":"notification-service","app_name":"notification-service"}
{"@timestamp":"2026-08-25T14:42:13.008841+05:30","@version":"1","message":"[AdminClient clientId=notification-service-admin-0] Connection to node -1 (localhost/127.0.0.1:9092) could not be established. Node may not be available.","logger_name":"org.apache.kafka.clients.NetworkClient","thread_name":"kafka-admin-client-thread | notification-service-admin-0","level":"WARN","level_value":30000,"springAppName":"notification-service","app_name":"notification-service"}
{"@timestamp":"2026-08-25T14:42:13.903996+05:30","@version":"1","message":"[AdminClient clientId=notification-service-admin-0] Node -1 disconnected.","logger_name":"org.apache.kafka.clients.NetworkClient","thread_name":"kafka-admin-client-thread | notification-service-admin-0","level":"INFO","level_value":20000,"springAppName":"notification-service","app_name":"notification-service"}
{"@timestamp":"2026-08-25T14:42:13.905609+05:30","@version":"1","message":"[AdminClient clientId=notification-service-admin-0] Connection to node -1 (localhost/127.0.0.1:9092) could not be established. Node may not be available.","logger_name":"org.apache.kafka.clients.NetworkClient","thread_name":"kafka-admin-client-thread | notification-service-admin-0","level":"WARN","level_value":30000,"springAppName":"notification-service","app_name":"notification-service"}
{"@timestamp":"2026-08-25T14:42:15.138768+05:30","@version":"1","message":"[AdminClient clientId=notification-service-admin-0] Node -1 disconnected.","logger_name":"org.apache.kafka.clients.NetworkClient","thread_name":"kafka-admin-client-thread | notification-service-admin-0","level":"INFO","level_value":20000,"springAppName":"notification-service","app_name":"notification-service"}
{"@timestamp":"2026-08-25T14:42:15.143449+05:30","@version":"1","message":"[AdminClient clientId=notification-service-admin-0] Connection to node -1 (localhost/127.0.0.1:9092) could not be established. Node may not be available.","logger_name":"org.apache.kafka.clients.NetworkClient","thread_name":"kafka-admin-client-thread | notification-service-admin-0","level":"WARN","level_value":30000,"springAppName":"notification-service","app_name":"notification-service"}
{"@timestamp":"2026-08-25T14:42:16.090588+05:30","@version":"1","message":"[AdminClient clientId=notification-service-admin-0] Node -1 disconnected.","logger_name":"org.apache.kafka.clients.NetworkClient","thread_name":"kafka-admin-client-thread | notification-service-admin-0","level":"INFO","level_value":20000,"springAppName":"notification-service","app_name":"notification-service"}
{"@timestamp":"2026-08-25T14:42:16.091525+05:30","@version":"1","message":"[AdminClient clientId=notification-service-admin-0] Connection to node -1 (localhost/127.0.0.1:9092) could not be established. Node may not be available.","logger_name":"org.apache.kafka.clients.NetworkClient","thread_name":"kafka-admin-client-thread | notification-service-admin-0","level":"WARN","level_value":30000,"springAppName":"notification-service","app_name":"notification-service"}
{"@timestamp":"2026-08-25T14:42:17.123746+05:30","@version":"1","message":"[AdminClient clientId=notification-service-admin-0] Node -1 disconnected.","logger_name":"org.apache.kafka.clients.NetworkClient","thread_name":"kafka-admin-client-thread | notification-service-admin-0","level":"INFO","level_value":20000,"springAppName":"notification-service","app_name":"notification-service"}
{"@timestamp":"2026-08-25T14:42:17.12427+05:30","@version":"1","message":"[AdminClient clientId=notification-service-admin-0] Connection to node -1 (localhost/127.0.0.1:9092) could not be established. Node may not be available.","logger_name":"org.apache.kafka.clients.NetworkClient","thread_name":"kafka-admin-client-thread | notification-service-admin-0","level":"WARN","level_value":30000,"springAppName":"notification-service","app_name":"notification-service"}
{"@timestamp":"2026-08-25T14:42:18.016928+05:30","@version":"1","message":"[AdminClient clientId=notification-service-admin-0] Node -1 disconnected.","logger_name":"org.apache.kafka.clients.NetworkClient","thread_name":"kafka-admin-client-thread | notification-service-admin-0","level":"INFO","level_value":20000,"springAppName":"notification-service","app_name":"notification-service"}
{"@timestamp":"2026-08-25T14:42:18.017647+05:30","@version":"1","message":"[AdminClient clientId=notification-service-admin-0] Connection to node -1 (localhost/127.0.0.1:9092) could not be established. Node may not be available.","logger_name":"org.apache.kafka.clients.NetworkClient","thread_name":"kafka-admin-client-thread | notification-service-admin-0","level":"WARN","level_value":30000,"springAppName":"notification-service","app_name":"notification-service"}
{"@timestamp":"2026-08-25T14:42:19.109486+05:30","@version":"1","message":"[AdminClient clientId=notification-service-admin-0] Node -1 disconnected.","logger_name":"org.apache.kafka.clients.NetworkClient","thread_name":"kafka-admin-client-thread | notification-service-admin-0","level":"INFO","level_value":20000,"springAppName":"notification-service","app_name":"notification-service"}
{"@timestamp":"2026-08-25T14:42:19.110195+05:30","@version":"1","message":"[AdminClient clientId=notification-service-admin-0] Connection to node -1 (localhost/127.0.0.1:9092) could not be established. Node may not be available.","logger_name":"org.apache.kafka.clients.NetworkClient","thread_name":"kafka-admin-client-thread | notification-service-admin-0","level":"WARN","level_value":30000,"springAppName":"notification-service","app_name":"notification-service"}
{"@timestamp":"2026-08-25T14:42:20.187316+05:30","@version":"1","message":"[AdminClient clientId=notification-service-admin-0] Node -1 disconnected.","logger_name":"org.apache.kafka.clients.NetworkClient","thread_name":"kafka-admin-client-thread | notification-service-admin-0","level":"INFO","level_value":20000,"springAppName":"notification-service","app_name":"notification-service"}
{"@timestamp":"2026-08-25T14:42:20.188308+05:30","@version":"1","message":"[AdminClient clientId=notification-service-admin-0] Connection to node -1 (localhost/127.0.0.1:9092) could not be established. Node may not be available.","logger_name":"org.apache.kafka.clients.NetworkClient","thread_name":"kafka-admin-client-thread | notification-service-admin-0","level":"WARN","level_value":30000,"springAppName":"notification-service","app_name":"notification-service"}
{"@timestamp":"2026-08-25T14:42:21.012708+05:30","@version":"1","message":"[AdminClient clientId=notification-service-admin-0] Node -1 disconnected.","logger_name":"org.apache.kafka.clients.NetworkClient","thread_name":"kafka-admin-client-thread | notification-service-admin-0","level":"INFO","level_value":20000,"springAppName":"notification-service","app_name":"notification-service"}
{"@timestamp":"2026-08-25T14:42:21.013095+05:30","@version":"1","message":"[AdminClient clientId=notification-service-admin-0] Connection to node -1 (localhost/127.0.0.1:9092) could not be established. Node may not be available.","logger_name":"org.apache.kafka.clients.NetworkClient","thread_name":"kafka-admin-client-thread | notification-service-admin-0","level":"WARN","level_value":30000,"springAppName":"notification-service","app_name":"notification-service"}
{"@timestamp":"2026-08-25T14:42:21.87868+05:30","@version":"1","message":"[AdminClient clientId=notification-service-admin-0] Node -1 disconnected.","logger_name":"org.apache.kafka.clients.NetworkClient","thread_name":"kafka-admin-client-thread | notification-service-admin-0","level":"INFO","level_value":20000,"springAppName":"notification-service","app_name":"notification-service"}
{"@timestamp":"2026-08-25T14:42:21.879099+05:30","@version":"1","message":"[AdminClient clientId=notification-service-admin-0] Connection to node -1 (localhost/127.0.0.1:9092) could not be established. Node may not be available.","logger_name":"org.apache.kafka.clients.NetworkClient","thread_name":"kafka-admin-client-thread | notification-service-admin-0","level":"WARN","level_value":30000,"springAppName":"notification-service","app_name":"notification-service"}
{"@timestamp":"2026-08-25T14:42:22.972215+05:30","@version":"1","message":"[AdminClient clientId=notification-service-admin-0] Node -1 disconnected.","logger_name":"org.apache.kafka.clients.NetworkClient","thread_name":"kafka-admin-client-thread | notification-service-admin-0","level":"INFO","level_value":20000,"springAppName":"notification-service","app_name":"notification-service"}
{"@timestamp":"2026-08-25T14:42:22.972656+05:30","@version":"1","message":"[AdminClient clientId=notification-service-admin-0] Connection to node -1 (localhost/127.0.0.1:9092) could not be established. Node may not be available.","logger_name":"org.apache.kafka.clients.NetworkClient","thread_name":"kafka-admin-client-thread | notification-service-admin-0","level":"WARN","level_value":30000,"springAppName":"notification-service","app_name":"notification-service"}
{"@timestamp":"2026-08-25T14:42:23.89474+05:30","@version":"1","message":"[AdminClient clientId=notification-service-admin-0] Node -1 disconnected.","logger_name":"org.apache.kafka.clients.NetworkClient","thread_name":"kafka-admin-client-thread | notification-service-admin-0","level":"INFO","level_value":20000,"springAppName":"notification-service","app_name":"notification-service"}
{"@timestamp":"2026-08-25T14:42:23.895479+05:30","@version":"1","message":"[AdminClient clientId=notification-service-admin-0] Connection to node -1 (localhost/127.0.0.1:9092) could not be established. Node may not be available.","logger_name":"org.apache.kafka.clients.NetworkClient","thread_name":"kafka-admin-client-thread | notification-service-admin-0","level":"WARN","level_value":30000,"springAppName":"notification-service","app_name":"notification-service"}
{"@timestamp":"2026-08-25T14:42:24.914982+05:30","@version":"1","message":"[AdminClient clientId=notification-service-admin-0] Node -1 disconnected.","logger_name":"org.apache.kafka.clients.NetworkClient","thread_name":"kafka-admin-client-thread | notification-service-admin-0","level":"INFO","level_value":20000,"springAppName":"notification-service","app_name":"notification-service"}
{"@timestamp":"2026-08-25T14:42:24.919151+05:30","@version":"1","message":"[AdminClient clientId=notification-service-admin-0] Connection to node -1 (localhost/127.0.0.1:9092) could not be established. Node may not be available.","logger_name":"org.apache.kafka.clients.NetworkClient","thread_name":"kafka-admin-client-thread | notification-service-admin-0","level":"WARN","level_value":30000,"springAppName":"notification-service","app_name":"notification-service"}
{"@timestamp":"2026-08-25T14:42:25.837278+05:30","@version":"1","message":"[AdminClient clientId=notification-service-admin-0] Node -1 disconnected.","logger_name":"org.apache.kafka.clients.NetworkClient","thread_name":"kafka-admin-client-thread | notification-service-admin-0","level":"INFO","level_value":20000,"springAppName":"notification-service","app_name":"notification-service"}
{"@timestamp":"2026-08-25T14:42:25.837739+05:30","@version":"1","message":"[AdminClient clientId=notification-service-admin-0] Connection to node -1 (localhost/127.0.0.1:9092) could not be established. Node may not be available.","logger_name":"org.apache.kafka.clients.NetworkClient","thread_name":"kafka-admin-client-thread | notification-service-admin-0","level":"WARN","level_value":30000,"springAppName":"notification-service","app_name":"notification-service"}
{"@timestamp":"2026-08-25T14:42:26.855055+05:30","@version":"1","message":"[AdminClient clientId=notification-service-admin-0] Node -1 disconnected.","logger_name":"org.apache.kafka.clients.NetworkClient","thread_name":"kafka-admin-client-thread | notification-service-admin-0","level":"INFO","level_value":20000,"springAppName":"notification-service","app_name":"notification-service"}
{"@timestamp":"2026-08-25T14:42:26.855436+05:30","@version":"1","message":"[AdminClient clientId=notification-service-admin-0] Connection to node -1 (localhost/127.0.0.1:9092) could not be established. Node may not be available.","logger_name":"org.apache.kafka.clients.NetworkClient","thread_name":"kafka-admin-client-thread | notification-service-admin-0","level":"WARN","level_value":30000,"springAppName":"notification-service","app_name":"notification-service"}
{"@timestamp":"2026-08-25T14:42:26.96729+05:30","@version":"1","message":"[AdminClient clientId=notification-service-admin-0] Metadata update failed","logger_name":"org.apache.kafka.clients.admin.internals.AdminMetadataManager","thread_name":"kafka-admin-client-thread | notification-service-admin-0","level":"INFO","level_value":20000,"stack_trace":"org.apache.kafka.common.errors.TimeoutException: Timed out waiting for a node assignment. Call: fetchMetadata\n","springAppName":"notification-service","app_name":"notification-service"}
{"@timestamp":"2026-08-25T14:42:26.988819+05:30","@version":"1","message":"Could not configure topics","logger_name":"org.springframework.kafka.core.KafkaAdmin","thread_name":"main","level":"ERROR","level_value":40000,"stack_trace":"org.springframework.kafka.KafkaException: Timed out waiting to get existing topics\n\tat org.springframework.kafka.core.KafkaAdmin.lambda$checkPartitions$13(KafkaAdmin.java:539)\n\tat java.base/java.util.HashMap.forEach(HashMap.java:1430)\n\tat org.springframework.kafka.core.KafkaAdmin.checkPartitions(KafkaAdmin.java:518)\n\tat org.springframework.kafka.core.KafkaAdmin.addOrModifyTopicsIfNeeded(KafkaAdmin.java:411)\n\tat org.springframework.kafka.core.KafkaAdmin.initialize(KafkaAdmin.java:263)\n\tat org.springframework.kafka.core.KafkaAdmin.afterSingletonsInstantiated(KafkaAdmin.java:227)\n\tat org.springframework.beans.factory.support.DefaultListableBeanFactory.preInstantiateSingletons(DefaultListableBeanFactory.java:986)\n\tat org.springframework.context.support.AbstractApplicationContext.finishBeanFactoryInitialization(AbstractApplicationContext.java:962)\n\tat org.springframework.context.support.AbstractApplicationContext.refresh(AbstractApplicationContext.java:624)\n\tat org.springframework.boot.web.servlet.context.ServletWebServerApplicationContext.refresh(ServletWebServerApplicationContext.java:146)\n\tat org.springframework.boot.SpringApplication.refresh(SpringApplication.java:754)\n\tat org.springframework.boot.SpringApplication.refreshContext(SpringApplication.java:456)\n\tat org.springframework.boot.SpringApplication.run(SpringApplication.java:335)\n\tat org.springframework.boot.test.context.SpringBootContextLoader.lambda$loadContext$3(SpringBootContextLoader.java:137)\n\tat org.springframework.util.function.ThrowingSupplier.get(ThrowingSupplier.java:58)\n\tat org.springframework.util.function.ThrowingSupplier.get(ThrowingSupplier.java:46)\n\tat org.springframework.boot.SpringApplication.withHook(SpringApplication.java:1463)\n\tat org.springframework.boot.test.context.SpringBootContextLoader$ContextLoaderHook.run(SpringBootContextLoader.java:553)\n\tat org.springframework.boot.test.context.SpringBootContextLoader.loadContext(SpringBootContextLoader.java:137)\n\tat org.springframework.boot.test.context.SpringBootContextLoader.loadContext(SpringBootContextLoader.java:108)\n\tat org.springframework.test.context.cache.DefaultCacheAwareContextLoaderDelegate.loadContextInternal(DefaultCacheAwareContextLoaderDelegate.java:225)\n\tat org.springframework.test.context.cache.DefaultCacheAwareContextLoaderDelegate.loadContext(DefaultCacheAwareContextLoaderDelegate.java:152)\n\tat org.springframework.test.context.support.DefaultTestContext.getApplicationContext(DefaultTestContext.java:130)\n\tat org.springframework.boot.test.mock.mockito.MockitoTestExecutionListener.postProcessFields(MockitoTestExecutionListener.java:122)\n\tat org.springframework.boot.test.mock.mockito.MockitoTestExecutionListener.injectFields(MockitoTestExecutionListener.java:106)\n\tat org.springframework.boot.test.mock.mockito.MockitoTestExecutionListener.prepareTestInstance(MockitoTestExecutionListener.java:63)\n\tat org.springframework.test.context.TestContextManager.prepareTestInstance(TestContextManager.java:260)\n\tat org.springframework.test.context.junit.jupiter.SpringExtension.postProcessTestInstance(SpringExtension.java:163)\n\tat org.junit.jupiter.engine.descriptor.ClassBasedTestDescriptor.lambda$invokeTestInstancePostProcessors$10(ClassBasedTestDescriptor.java:378)\n\tat org.junit.jupiter.engine.descriptor.ClassBasedTestDescriptor.executeAndMaskThrowable(ClassBasedTestDescriptor.java:383)\n\tat org.junit.jupiter.engine.descriptor.ClassBasedTestDescriptor.lambda$invokeTestInstancePostProcessors$11(ClassBasedTestDescriptor.java:378)\n\tat java.base/java.util.stream.ReferencePipeline$3$1.accept(ReferencePipeline.java:214)\n\tat java.base/java.util.stream.ReferencePipeline$2$1.accept(ReferencePipeline.java:197)\n\tat java.base/java.util.ArrayList$ArrayListSpliterator.forEachRemaining(ArrayList.java:1724)\n\tat java.base/java.util.stream.AbstractPipeline.copyInto(AbstractPipeline.java:570)\n\tat java.base/java.util.stream.AbstractPipeline.wrapAndCopyInto(AbstractPipeline.java:560)\n\tat java.base/java.util.stream.StreamSpliterators$WrappingSpliterator.forEachRemaining(StreamSpliterators.java:315)\n\tat java.base/java.util.stream.Streams$ConcatSpliterator.forEachRemaining(Streams.java:735)\n\tat java.base/java.util.stream.Streams$ConcatSpliterator.forEachRemaining(Streams.java:734)\n\tat java.base/java.util.stream.ReferencePipeline$Head.forEach(ReferencePipeline.java:803)\n\tat org.junit.jupiter.engine.descriptor.ClassBasedTestDescriptor.invokeTestInstancePostProcessors(ClassBasedTestDescriptor.java:377)\n\tat org.junit.jupiter.engine.descriptor.ClassBasedTestDescriptor.lambda$instantiateAndPostProcessTestInstance$6(ClassBasedTestDescriptor.java:290)\n\tat org.junit.platform.engine.support.hierarchical.ThrowableCollector.execute(ThrowableCollector.java:73)\n\tat org.junit.jupiter.engine.descriptor.ClassBasedTestDescriptor.instantiateAndPostProcessTestInstance(ClassBasedTestDescriptor.java:289)\n\tat org.junit.jupiter.engine.descriptor.ClassBasedTestDescriptor.lambda$testInstancesProvider$4(ClassBasedTestDescriptor.java:279)\n\tat java.base/java.util.Optional.orElseGet(Optional.java:368)\n\tat org.junit.jupiter.engine.descriptor.ClassBasedTestDescriptor.lambda$testInstancesProvider$5(ClassBasedTestDescriptor.java:278)\n\tat org.junit.jupiter.engine.execution.TestInstancesProvider.getTestInstances(TestInstancesProvider.java:31)\n\tat org.junit.jupiter.engine.descriptor.TestMethodTestDescriptor.lambda$prepare$0(TestMethodTestDescriptor.java:106)\n\tat org.junit.platform.engine.support.hierarchical.ThrowableCollector.execute(ThrowableCollector.java:73)\n\tat org.junit.jupiter.engine.descriptor.TestMethodTestDescriptor.prepare(TestMethodTestDescriptor.java:105)\n\tat org.junit.jupiter.engine.descriptor.TestMethodTestDescriptor.prepare(TestMethodTestDescriptor.java:69)\n\tat org.junit.platform.engine.support.hierarchical.NodeTestTask.lambda$prepare$2(NodeTestTask.java:123)\n\tat org.junit.platform.engine.support.hierarchical.ThrowableCollector.execute(ThrowableCollector.java:73)\n\tat org.junit.platform.engine.support.hierarchical.NodeTestTask.prepare(NodeTestTask.java:123)\n\tat org.junit.platform.engine.support.hierarchical.NodeTestTask.execute(NodeTestTask.java:90)\n\tat java.base/java.util.ArrayList.forEach(ArrayList.java:1612)\n\tat org.junit.platform.engine.support.hierarchical.SameThreadHierarchicalTestExecutorService.invokeAll(SameThreadHierarchicalTestExecutorService.java:41)\n\tat org.junit.platform.engine.support.hierarchical.NodeTestTask.lambda$executeRecursively$6(NodeTestTask.java:155)\n\tat org.junit.platform.engine.support.hierarchical.ThrowableCollector.execute(ThrowableCollector.java:73)\n\tat org.junit.platform.engine.support.hierarchical.NodeTestTask.lambda$executeRecursively$8(NodeTestTask.java:141)\n\tat org.junit.platform.engine.support.hierarchical.Node.around(Node.java:137)\n\tat org.junit.platform.engine.support.hierarchical.NodeTestTask.lambda$executeRecursively$9(NodeTestTask.java:139)\n\tat org.junit.platform.engine.support.hierarchical.ThrowableCollector.execute(ThrowableCollector.java:73)\n\tat org.junit.platform.engine.support.hierarchical.NodeTestTask.executeRecursively(NodeTestTask.java:138)\n\tat org.junit.platform.engine.support.hierarchical.NodeTestTask.execute(NodeTestTask.java:95)\n\tat java.base/java.util.ArrayList.forEach(ArrayList.java:1612)\n\tat org.junit.platform.engine.support.hierarchical.SameThreadHierarchicalTestExecutorService.invokeAll(SameThreadHierarchicalTestExecutorService.java:41)\n\tat org.junit.platform.engine.support.hierarchical.NodeTestTask.lambda$executeRecursively$6(NodeTestTask.java:155)\n\tat org.junit.platform.engine.support.hierarchical.ThrowableCollector.execute(ThrowableCollector.java:73)\n\tat org.junit.platform.engine.support.hierarchical.NodeTestTask.lambda$executeRecursively$8(NodeTestTask.java:141)\n\tat org.junit.platform.engine.support.hierarchical.Node.around(Node.java:137)\n\tat org.junit.platform.engine.support.hierarchical.NodeTestTask.lambda$executeRecursively$9(NodeTestTask.java:139)\n\tat org.junit.platform.engine.support.hierarchical.ThrowableCollector.execute(ThrowableCollector.java:73)\n\tat org.junit.platform.engine.support.hierarchical.NodeTestTask.executeRecursively(NodeTestTask.java:138)\n\tat org.junit.platform.engine.support.hierarchical.NodeTestTask.execute(NodeTestTask.java:95)\n\tat org.junit.platform.engine.support.hierarchical.SameThreadHierarchicalTestExecutorService.submit(SameThreadHierarchicalTestExecutorService.java:35)\n\tat org.junit.platform.engine.support.hierarchical.HierarchicalTestExecutor.execute(HierarchicalTestExecutor.java:57)\n\tat org.junit.platform.engine.support.hierarchical.HierarchicalTestEngine.execute(HierarchicalTestEngine.java:54)\n\tat org.junit.platform.launcher.core.EngineExecutionOrchestrator.execute(EngineExecutionOrchestrator.java:198)\n\tat org.junit.platform.launcher.core.EngineExecutionOrchestrator.execute(EngineExecutionOrchestrator.java:169)\n\tat org.junit.platform.launcher.core.EngineExecutionOrchestrator.execute(EngineExecutionOrchestrator.java:93)\n\tat org.junit.platform.launcher.core.EngineExecutionOrchestrator.lambda$execute$0(EngineExecutionOrchestrator.java:58)\n\tat org.junit.platform.launcher.core.EngineExecutionOrchestrator.withInterceptedStreams(EngineExecutionOrchestrator.java:141)\n\tat org.junit.platform.launcher.core.EngineExecutionOrchestrator.execute(EngineExecutionOrchestrator.java:57)\n\tat org.junit.platform.launcher.core.DefaultLauncher.execute(DefaultLauncher.java:103)\n\tat org.junit.platform.launcher.core.DefaultLauncher.execute(DefaultLauncher.java:85)\n\tat org.junit.platform.launcher.core.DelegatingLauncher.execute(DelegatingLauncher.java:47)\n\tat org.apache.maven.surefire.junitplatform.LazyLauncher.execute(LazyLauncher.java:56)\n\tat org.apache.maven.surefire.junitplatform.JUnitPlatformProvider.execute(JUnitPlatformProvider.java:184)\n\tat org.apache.maven.surefire.junitplatform.JUnitPlatformProvider.invokeAllTests(JUnitPlatformProvider.java:148)\n\tat org.apache.maven.surefire.junitplatform.JUnitPlatformProvider.invoke(JUnitPlatformProvider.java:122)\n\tat org.apache.maven.surefire.booter.ForkedBooter.runSuitesInProcess(ForkedBooter.java:385)\n\tat org.apache.maven.surefire.booter.ForkedBooter.execute(ForkedBooter.java:162)\n\tat org.apache.maven.surefire.booter.ForkedBooter.run(ForkedBooter.java:507)\n\tat org.apache.maven.surefire.booter.ForkedBooter.main(ForkedBooter.java:495)\nCaused by: java.util.concurrent.TimeoutException: null\n\tat java.base/java.util.concurrent.CompletableFuture.timedGet(CompletableFuture.java:1981)\n\tat java.base/java.util.concurrent.CompletableFuture.get(CompletableFuture.java:2116)\n\tat org.apache.kafka.common.internals.KafkaFutureImpl.get(KafkaFutureImpl.java:180)\n\tat org.springframework.kafka.core.KafkaAdmin.lambda$checkPartitions$13(KafkaAdmin.java:521)\n\t... 95 common frames omitted\n","springAppName":"notification-service","app_name":"notification-service"}
{"@timestamp":"2026-08-25T14:42:27.831067+05:30","@version":"1","message":"[AdminClient clientId=notification-service-admin-0] Node -1 disconnected.","logger_name":"org.apache.kafka.clients.NetworkClient","thread_name":"kafka-admin-client-thread | notification-service-admin-0","level":"INFO","level_value":20000,"springAppName":"notification-service","app_name":"notification-service"}
{"@timestamp":"2026-08-25T14:42:27.831593+05:30","@version":"1","message":"[AdminClient clientId=notification-service-admin-0] Connection to node -1 (localhost/127.0.0.1:9092) could not be established. Node may not be available.","logger_name":"org.apache.kafka.clients.NetworkClient","thread_name":"kafka-admin-client-thread | notification-service-admin-0","level":"WARN","level_value":30000,"springAppName":"notification-service","app_name":"notification-service"}
{"@timestamp":"2026-08-25T14:42:28.760107+05:30","@version":"1","message":"[AdminClient clientId=notification-service-admin-0] Node -1 disconnected.","logger_name":"org.apache.kafka.clients.NetworkClient","thread_name":"kafka-admin-client-thread | notification-service-admin-0","level":"INFO","level_value":20000,"springAppName":"notification-service","app_name":"notification-service"}
{"@timestamp":"2026-08-25T14:42:28.76045+05:30","@version":"1","message":"[AdminClient clientId=notification-service-admin-0] Connection to node -1 (localhost/127.0.0.1:9092) could not be established. Node may not be available.","logger_name":"org.apache.kafka.clients.NetworkClient","thread_name":"kafka-admin-client-thread | notification-service-admin-0","level":"WARN","level_value":30000,"springAppName":"notification-service","app_name":"notification-service"}
{"@timestamp":"2026-08-25T14:42:29.77696+05:30","@version":"1","message":"[AdminClient clientId=notification-service-admin-0] Node -1 disconnected.","logger_name":"org.apache.kafka.clients.NetworkClient","thread_name":"kafka-admin-client-thread | notification-service-admin-0","level":"INFO","level_value":20000,"springAppName":"notification-service","app_name":"notification-service"}
{"@timestamp":"2026-08-25T14:42:29.777648+05:30","@version":"1","message":"[AdminClient clientId=notification-service-admin-0] Connection to node -1 (localhost/127.0.0.1:9092) could not be established. Node may not be available.","logger_name":"org.apache.kafka.clients.NetworkClient","thread_name":"kafka-admin-client-thread | notification-service-admin-0","level":"WARN","level_value":30000,"springAppName":"notification-service","app_name":"notification-service"}
{"@timestamp":"2026-08-25T14:42:30.793257+05:30","@version":"1","message":"[AdminClient clientId=notification-service-admin-0] Node -1 disconnected.","logger_name":"org.apache.kafka.clients.NetworkClient","thread_name":"kafka-admin-client-thread | notification-service-admin-0","level":"INFO","level_value":20000,"springAppName":"notification-service","app_name":"notification-service"}
{"@timestamp":"2026-08-25T14:42:30.793592+05:30","@version":"1","message":"[AdminClient clientId=notification-service-admin-0] Connection to node -1 (localhost/127.0.0.1:9092) could not be established. Node may not be available.","logger_name":"org.apache.kafka.clients.NetworkClient","thread_name":"kafka-admin-client-thread | notification-service-admin-0","level":"WARN","level_value":30000,"springAppName":"notification-service","app_name":"notification-service"}
{"@timestamp":"2026-08-25T14:42:31.707319+05:30","@version":"1","message":"[AdminClient clientId=notification-service-admin-0] Node -1 disconnected.","logger_name":"org.apache.kafka.clients.NetworkClient","thread_name":"kafka-admin-client-thread | notification-service-admin-0","level":"INFO","level_value":20000,"springAppName":"notification-service","app_name":"notification-service"}
{"@timestamp":"2026-08-25T14:42:31.707789+05:30","@version":"1","message":"[AdminClient clientId=notification-service-admin-0] Connection to node -1 (localhost/127.0.0.1:9092) could not be established. Node may not be available.","logger_name":"org.apache.kafka.clients.NetworkClient","thread_name":"kafka-admin-client-thread | notification-service-admin-0","level":"WARN","level_value":30000,"springAppName":"notification-service","app_name":"notification-service"}
{"@timestamp":"2026-08-25T14:42:32.726439+05:30","@version":"1","message":"[AdminClient clientId=notification-service-admin-0] Node -1 disconnected.","logger_name":"org.apache.kafka.clients.NetworkClient","thread_name":"kafka-admin-client-thread | notification-service-admin-0","level":"INFO","level_value":20000,"springAppName":"notification-service","app_name":"notification-service"}
{"@timestamp":"2026-08-25T14:42:32.727126+05:30","@version":"1","message":"[AdminClient clientId=notification-service-admin-0] Connection to node -1 (localhost/127.0.0.1:9092) could not be established. Node may not be available.","logger_name":"org.apache.kafka.clients.NetworkClient","thread_name":"kafka-admin-client-thread | notification-service-admin-0","level":"WARN","level_value":30000,"springAppName":"notification-service","app_name":"notification-service"}
{"@timestamp":"2026-08-25T14:42:33.740186+05:30","@version":"1","message":"[AdminClient clientId=notification-service-admin-0] Node -1 disconnected.","logger_name":"org.apache.kafka.clients.NetworkClient","thread_name":"kafka-admin-client-thread | notification-service-admin-0","level":"INFO","level_value":20000,"springAppName":"notification-service","app_name":"notification-service"}
{"@timestamp":"2026-08-25T14:42:33.740491+05:30","@version":"1","message":"[AdminClient clientId=notification-service-admin-0] Connection to node -1 (localhost/127.0.0.1:9092) could not be established. Node may not be available.","logger_name":"org.apache.kafka.clients.NetworkClient","thread_name":"kafka-admin-client-thread | notification-service-admin-0","level":"WARN","level_value":30000,"springAppName":"notification-service","app_name":"notification-service"}
{"@timestamp":"2026-08-25T14:42:34.753575+05:30","@version":"1","message":"[AdminClient clientId=notification-service-admin-0] Node -1 disconnected.","logger_name":"org.apache.kafka.clients.NetworkClient","thread_name":"kafka-admin-client-thread | notification-service-admin-0","level":"INFO","level_value":20000,"springAppName":"notification-service","app_name":"notification-service"}
{"@timestamp":"2026-08-25T14:42:34.753887+05:30","@version":"1","message":"[AdminClient clientId=notification-service-admin-0] Connection to node -1 (localhost/127.0.0.1:9092) could not be established. Node may not be available.","logger_name":"org.apache.kafka.clients.NetworkClient","thread_name":"kafka-admin-client-thread | notification-service-admin-0","level":"WARN","level_value":30000,"springAppName":"notification-service","app_name":"notification-service"}
{"@timestamp":"2026-08-25T14:42:35.767562+05:30","@version":"1","message":"[AdminClient clientId=notification-service-admin-0] Node -1 disconnected.","logger_name":"org.apache.kafka.clients.NetworkClient","thread_name":"kafka-admin-client-thread | notification-service-admin-0","level":"INFO","level_value":20000,"springAppName":"notification-service","app_name":"notification-service"}
{"@timestamp":"2026-08-25T14:42:35.768107+05:30","@version":"1","message":"[AdminClient clientId=notification-service-admin-0] Connection to node -1 (localhost/127.0.0.1:9092) could not be established. Node may not be available.","logger_name":"org.apache.kafka.clients.NetworkClient","thread_name":"kafka-admin-client-thread | notification-service-admin-0","level":"WARN","level_value":30000,"springAppName":"notification-service","app_name":"notification-service"}
{"@timestamp":"2026-08-25T14:42:36.780738+05:30","@version":"1","message":"[AdminClient clientId=notification-service-admin-0] Node -1 disconnected.","logger_name":"org.apache.kafka.clients.NetworkClient","thread_name":"kafka-admin-client-thread | notification-service-admin-0","level":"INFO","level_value":20000,"springAppName":"notification-service","app_name":"notification-service"}
{"@timestamp":"2026-08-25T14:42:36.781097+05:30","@version":"1","message":"[AdminClient clientId=notification-service-admin-0] Connection to node -1 (localhost/127.0.0.1:9092) could not be established. Node may not be available.","logger_name":"org.apache.kafka.clients.NetworkClient","thread_name":"kafka-admin-client-thread | notification-service-admin-0","level":"WARN","level_value":30000,"springAppName":"notification-service","app_name":"notification-service"}
{"@timestamp":"2026-08-25T14:42:36.995249+05:30","@version":"1","message":"[AdminClient clientId=notification-service-admin-0] Forcing a hard I/O thread shutdown. Requests in progress will be aborted.","logger_name":"org.apache.kafka.clients.admin.KafkaAdminClient","thread_name":"kafka-admin-client-thread | notification-service-admin-0","level":"INFO","level_value":20000,"springAppName":"notification-service","app_name":"notification-service"}
{"@timestamp":"2026-08-25T14:42:36.997094+05:30","@version":"1","message":"App info kafka.admin.client for notification-service-admin-0 unregistered","logger_name":"org.apache.kafka.common.utils.AppInfoParser","thread_name":"kafka-admin-client-thread | notification-service-admin-0","level":"INFO","level_value":20000,"springAppName":"notification-service","app_name":"notification-service"}
{"@timestamp":"2026-08-25T14:42:37.000139+05:30","@version":"1","message":"[AdminClient clientId=notification-service-admin-0] Metadata update failed","logger_name":"org.apache.kafka.clients.admin.internals.AdminMetadataManager","thread_name":"kafka-admin-client-thread | notification-service-admin-0","level":"INFO","level_value":20000,"stack_trace":"org.apache.kafka.common.errors.TimeoutException: The AdminClient thread has exited. Call: fetchMetadata\n","springAppName":"notification-service","app_name":"notification-service"}
{"@timestamp":"2026-08-25T14:42:37.000467+05:30","@version":"1","message":"[AdminClient clientId=notification-service-admin-0] Timed out 2 remaining operation(s) during close.","logger_name":"org.apache.kafka.clients.admin.KafkaAdminClient","thread_name":"kafka-admin-client-thread | notification-service-admin-0","level":"INFO","level_value":20000,"springAppName":"notification-service","app_name":"notification-service"}
{"@timestamp":"2026-08-25T14:42:37.005432+05:30","@version":"1","message":"Metrics scheduler closed","logger_name":"org.apache.kafka.common.metrics.Metrics","thread_name":"kafka-admin-client-thread | notification-service-admin-0","level":"INFO","level_value":20000,"springAppName":"notification-service","app_name":"notification-service"}
{"@timestamp":"2026-08-25T14:42:37.005667+05:30","@version":"1","message":"Closing reporter org.apache.kafka.common.metrics.JmxReporter","logger_name":"org.apache.kafka.common.metrics.Metrics","thread_name":"kafka-admin-client-thread | notification-service-admin-0","level":"INFO","level_value":20000,"springAppName":"notification-service","app_name":"notification-service"}
{"@timestamp":"2026-08-25T14:42:37.00581+05:30","@version":"1","message":"Metrics reporters closed","logger_name":"org.apache.kafka.common.metrics.Metrics","thread_name":"kafka-admin-client-thread | notification-service-admin-0","level":"INFO","level_value":20000,"springAppName":"notification-service","app_name":"notification-service"}
{"@timestamp":"2026-08-25T14:42:37.048329+05:30","@version":"1","message":"Tomcat started on port 50570 (http) with context path '/'","logger_name":"org.springframework.boot.web.embedded.tomcat.TomcatWebServer","thread_name":"main","level":"INFO","level_value":20000,"springAppName":"notification-service","app_name":"notification-service"}
{"@timestamp":"2026-08-25T14:42:37.111162+05:30","@version":"1","message":"ConsumerConfig values: \n\tallow.auto.create.topics = true\n\tauto.commit.interval.ms = 5000\n\tauto.include.jmx.reporter = true\n\tauto.offset.reset = latest\n\tbootstrap.servers = [localhost:9092]\n\tcheck.crcs = true\n\tclient.dns.lookup = use_all_dns_ips\n\tclient.id = consumer-notification-service-group-adnotificationlistener-retry-8000-1\n\tclient.rack = \n\tconnections.max.idle.ms = 540000\n\tdefault.api.timeout.ms = 60000\n\tenable.auto.commit = false\n\tenable.metrics.push = true\n\texclude.internal.topics = true\n\tfetch.max.bytes = 52428800\n\tfetch.max.wait.ms = 500\n\tfetch.min.bytes = 1\n\tgroup.id = notification-service-group-adnotificationlistener-retry-8000\n\tgroup.instance.id = null\n\tgroup.protocol = classic\n\tgroup.remote.assignor = null\n\theartbeat.interval.ms = 3000\n\tinterceptor.classes = []\n\tinternal.leave.group.on.close = true\n\tinternal.throw.on.fetch.stable.offset.unsupported = false\n\tisolation.level = read_uncommitted\n\tkey.deserializer = class org.apache.kafka.common.serialization.StringDeserializer\n\tmax.partition.fetch.bytes = 1048576\n\tmax.poll.interval.ms = 300000\n\tmax.poll.records = 500\n\tmetadata.max.age.ms = 300000\n\tmetric.reporters = []\n\tmetrics.num.samples = 2\n\tmetrics.recording.level = INFO\n\tmetrics.sample.window.ms = 30000\n\tpartition.assignment.strategy = [class org.apache.kafka.clients.consumer.RangeAssignor, class org.apache.kafka.clients.consumer.CooperativeStickyAssignor]\n\treceive.buffer.bytes = 65536\n\treconnect.backoff.max.ms = 1000\n\treconnect.backoff.ms = 50\n\trequest.timeout.ms = 30000\n\tretry.backoff.max.ms = 1000\n\tretry.backoff.ms = 100\n\tsasl.client.callback.handler.class = null\n\tsasl.jaas.config = null\n\tsasl.kerberos.kinit.cmd = /usr/bin/kinit\n\tsasl.kerberos.min.time.before.relogin = 60000\n\tsasl.kerberos.service.name = null\n\tsasl.kerberos.ticket.renew.jitter = 0.05\n\tsasl.kerberos.ticket.renew.window.factor = 0.8\n\tsasl.login.callback.handler.class = null\n\tsasl.login.class = null\n\tsasl.login.connect.timeout.ms = null\n\tsasl.login.read.timeout.ms = null\n\tsasl.login.refresh.buffer.seconds = 300\n\tsasl.login.refresh.min.period.seconds = 60\n\tsasl.login.refresh.window.factor = 0.8\n\tsasl.login.refresh.window.jitter = 0.05\n\tsasl.login.retry.backoff.max.ms = 10000\n\tsasl.login.retry.backoff.ms = 100\n\tsasl.mechanism = GSSAPI\n\tsasl.oauthbearer.clock.skew.seconds = 30\n\tsasl.oauthbearer.expected.audience = null\n\tsasl.oauthbearer.expected.issuer = null\n\tsasl.oauthbearer.jwks.endpoint.refresh.ms = 3600000\n\tsasl.oauthbearer.jwks.endpoint.retry.backoff.max.ms = 10000\n\tsasl.oauthbearer.jwks.endpoint.retry.backoff.ms = 100\n\tsasl.oauthbearer.jwks.endpoint.url = null\n\tsasl.oauthbearer.scope.claim.name = scope\n\tsasl.oauthbearer.sub.claim.name = sub\n\tsasl.oauthbearer.token.endpoint.url = null\n\tsecurity.protocol = PLAINTEXT\n\tsecurity.providers = null\n\tsend.buffer.bytes = 131072\n\tsession.timeout.ms = 45000\n\tsocket.connection.setup.timeout.max.ms = 30000\n\tsocket.connection.setup.timeout.ms = 10000\n\tssl.cipher.suites = null\n\tssl.enabled.protocols = [TLSv1.2, TLSv1.3]\n\tssl.endpoint.identification.algorithm = https\n\tssl.engine.factory.class = null\n\tssl.key.password = null\n\tssl.keymanager.algorithm = SunX509\n\tssl.keystore.certificate.chain = null\n\tssl.keystore.key = null\n\tssl.keystore.location = null\n\tssl.keystore.password = null\n\tssl.keystore.type = JKS\n\tssl.protocol = TLSv1.3\n\tssl.provider = null\n\tssl.secure.random.implementation = null\n\tssl.trustmanager.algorithm = PKIX\n\tssl.truststore.certificates = null\n\tssl.truststore.location = null\n\tssl.truststore.password = null\n\tssl.truststore.type = JKS\n\tvalue.deserializer = class org.apache.kafka.common.serialization.StringDeserializer\n","logger_name":"org.apache.kafka.clients.consumer.ConsumerConfig","thread_name":"main","level":"INFO","level_value":20000,"springAppName":"notification-service","app_name":"notification-service"}
{"@timestamp":"2026-08-25T14:42:37.207807+05:30","@version":"1","message":"initializing Kafka metrics collector","logger_name":"org.apache.kafka.common.telemetry.internals.KafkaMetricsCollector","thread_name":"main","level":"INFO","level_value":20000,"springAppName":"notification-service","app_name":"notification-service"}
{"@timestamp":"2026-08-25T14:42:37.296398+05:30","@version":"1","message":"Kafka version: 3.7.0","logger_name":"org.apache.kafka.common.utils.AppInfoParser","thread_name":"main","level":"INFO","level_value":20000,"springAppName":"notification-service","app_name":"notification-service"}
{"@timestamp":"2026-08-25T14:42:37.296828+05:30","@version":"1","message":"Kafka commitId: 2ae524ed625438c5","logger_name":"org.apache.kafka.common.utils.AppInfoParser","thread_name":"main","level":"INFO","level_value":20000,"springAppName":"notification-service","app_name":"notification-service"}
{"@timestamp":"2026-08-25T14:42:37.296937+05:30","@version":"1","message":"Kafka startTimeMs: 1787649157296","logger_name":"org.apache.kafka.common.utils.AppInfoParser","thread_name":"main","level":"INFO","level_value":20000,"springAppName":"notification-service","app_name":"notification-service"}
{"@timestamp":"2026-08-25T14:42:37.320159+05:30","@version":"1","message":"[Consumer clientId=consumer-notification-service-group-adnotificationlistener-retry-8000-1, groupId=notification-service-group-adnotificationlistener-retry-8000] Subscribed to topic(s): ad-events-retry-8000","logger_name":"org.apache.kafka.clients.consumer.internals.LegacyKafkaConsumer","thread_name":"main","level":"INFO","level_value":20000,"springAppName":"notification-service","app_name":"notification-service"}
{"@timestamp":"2026-08-25T14:42:37.331951+05:30","@version":"1","message":"ConsumerConfig values: \n\tallow.auto.create.topics = true\n\tauto.commit.interval.ms = 5000\n\tauto.include.jmx.reporter = true\n\tauto.offset.reset = latest\n\tbootstrap.servers = [localhost:9092]\n\tcheck.crcs = true\n\tclient.dns.lookup = use_all_dns_ips\n\tclient.id = consumer-notification-service-group-notificationeventconsumer-retry-2000-2\n\tclient.rack = \n\tconnections.max.idle.ms = 540000\n\tdefault.api.timeout.ms = 60000\n\tenable.auto.commit = false\n\tenable.metrics.push = true\n\texclude.internal.topics = true\n\tfetch.max.bytes = 52428800\n\tfetch.max.wait.ms = 500\n\tfetch.min.bytes = 1\n\tgroup.id = notification-service-group-notificationeventconsumer-retry-2000\n\tgroup.instance.id = null\n\tgroup.protocol = classic\n\tgroup.remote.assignor = null\n\theartbeat.interval.ms = 3000\n\tinterceptor.classes = []\n\tinternal.leave.group.on.close = true\n\tinternal.throw.on.fetch.stable.offset.unsupported = false\n\tisolation.level = read_uncommitted\n\tkey.deserializer = class org.apache.kafka.common.serialization.StringDeserializer\n\tmax.partition.fetch.bytes = 1048576\n\tmax.poll.interval.ms = 300000\n\tmax.poll.records = 500\n\tmetadata.max.age.ms = 300000\n\tmetric.reporters = []\n\tmetrics.num.samples = 2\n\tmetrics.recording.level = INFO\n\tmetrics.sample.window.ms = 30000\n\tpartition.assignment.strategy = [class org.apache.kafka.clients.consumer.RangeAssignor, class org.apache.kafka.clients.consumer.CooperativeStickyAssignor]\n\treceive.buffer.bytes = 65536\n\treconnect.backoff.max.ms = 1000\n\treconnect.backoff.ms = 50\n\trequest.timeout.ms = 30000\n\tretry.backoff.max.ms = 1000\n\tretry.backoff.ms = 100\n\tsasl.client.callback.handler.class = null\n\tsasl.jaas.config = null\n\tsasl.kerberos.kinit.cmd = /usr/bin/kinit\n\tsasl.kerberos.min.time.before.relogin = 60000\n\tsasl.kerberos.service.name = null\n\tsasl.kerberos.ticket.renew.jitter = 0.05\n\tsasl.kerberos.ticket.renew.window.factor = 0.8\n\tsasl.login.callback.handler.class = null\n\tsasl.login.class = null\n\tsasl.login.connect.timeout.ms = null\n\tsasl.login.read.timeout.ms = null\n\tsasl.login.refresh.buffer.seconds = 300\n\tsasl.login.refresh.min.period.seconds = 60\n\tsasl.login.refresh.window.factor = 0.8\n\tsasl.login.refresh.window.jitter = 0.05\n\tsasl.login.retry.backoff.max.ms = 10000\n\tsasl.login.retry.backoff.ms = 100\n\tsasl.mechanism = GSSAPI\n\tsasl.oauthbearer.clock.skew.seconds = 30\n\tsasl.oauthbearer.expected.audience = null\n\tsasl.oauthbearer.expected.issuer = null\n\tsasl.oauthbearer.jwks.endpoint.refresh.ms = 3600000\n\tsasl.oauthbearer.jwks.endpoint.retry.backoff.max.ms = 10000\n\tsasl.oauthbearer.jwks.endpoint.retry.backoff.ms = 100\n\tsasl.oauthbearer.jwks.endpoint.url = null\n\tsasl.oauthbearer.scope.claim.name = scope\n\tsasl.oauthbearer.sub.claim.name = sub\n\tsasl.oauthbearer.token.endpoint.url = null\n\tsecurity.protocol = PLAINTEXT\n\tsecurity.providers = null\n\tsend.buffer.bytes = 131072\n\tsession.timeout.ms = 45000\n\tsocket.connection.setup.timeout.max.ms = 30000\n\tsocket.connection.setup.timeout.ms = 10000\n\tssl.cipher.suites = null\n\tssl.enabled.protocols = [TLSv1.2, TLSv1.3]\n\tssl.endpoint.identification.algorithm = https\n\tssl.engine.factory.class = null\n\tssl.key.password = null\n\tssl.keymanager.algorithm = SunX509\n\tssl.keystore.certificate.chain = null\n\tssl.keystore.key = null\n\tssl.keystore.location = null\n\tssl.keystore.password = null\n\tssl.keystore.type = JKS\n\tssl.protocol = TLSv1.3\n\tssl.provider = null\n\tssl.secure.random.implementation = null\n\tssl.trustmanager.algorithm = PKIX\n\tssl.truststore.certificates = null\n\tssl.truststore.location = null\n\tssl.truststore.password = null\n\tssl.truststore.type = JKS\n\tvalue.deserializer = class org.apache.kafka.common.serialization.StringDeserializer\n","logger_name":"org.apache.kafka.clients.consumer.ConsumerConfig","thread_name":"main","level":"INFO","level_value":20000,"springAppName":"notification-service","app_name":"notification-service"}
{"@timestamp":"2026-08-25T14:42:37.334918+05:30","@version":"1","message":"initializing Kafka metrics collector","logger_name":"org.apache.kafka.common.telemetry.internals.KafkaMetricsCollector","thread_name":"main","level":"INFO","level_value":20000,"springAppName":"notification-service","app_name":"notification-service"}
{"@timestamp":"2026-08-25T14:42:37.346178+05:30","@version":"1","message":"Kafka version: 3.7.0","logger_name":"org.apache.kafka.common.utils.AppInfoParser","thread_name":"main","level":"INFO","level_value":20000,"springAppName":"notification-service","app_name":"notification-service"}
{"@timestamp":"2026-08-25T14:42:37.346657+05:30","@version":"1","message":"Kafka commitId: 2ae524ed625438c5","logger_name":"org.apache.kafka.common.utils.AppInfoParser","thread_name":"main","level":"INFO","level_value":20000,"springAppName":"notification-service","app_name":"notification-service"}
{"@timestamp":"2026-08-25T14:42:37.346779+05:30","@version":"1","message":"Kafka startTimeMs: 1787649157346","logger_name":"org.apache.kafka.common.utils.AppInfoParser","thread_name":"main","level":"INFO","level_value":20000,"springAppName":"notification-service","app_name":"notification-service"}
{"@timestamp":"2026-08-25T14:42:37.363653+05:30","@version":"1","message":"[Consumer clientId=consumer-notification-service-group-notificationeventconsumer-retry-2000-2, groupId=notification-service-group-notificationeventconsumer-retry-2000] Subscribed to topic(s): platform.notifications.dispatch-retry-2000","logger_name":"org.apache.kafka.clients.consumer.internals.LegacyKafkaConsumer","thread_name":"main","level":"INFO","level_value":20000,"springAppName":"notification-service","app_name":"notification-service"}
{"@timestamp":"2026-08-25T14:42:37.37382+05:30","@version":"1","message":"ConsumerConfig values: \n\tallow.auto.create.topics = true\n\tauto.commit.interval.ms = 5000\n\tauto.include.jmx.reporter = true\n\tauto.offset.reset = latest\n\tbootstrap.servers = [localhost:9092]\n\tcheck.crcs = true\n\tclient.dns.lookup = use_all_dns_ips\n\tclient.id = consumer-notification-service-group-notificationeventconsumer-dlt-3\n\tclient.rack = \n\tconnections.max.idle.ms = 540000\n\tdefault.api.timeout.ms = 60000\n\tenable.auto.commit = false\n\tenable.metrics.push = true\n\texclude.internal.topics = true\n\tfetch.max.bytes = 52428800\n\tfetch.max.wait.ms = 500\n\tfetch.min.bytes = 1\n\tgroup.id = notification-service-group-notificationeventconsumer-dlt\n\tgroup.instance.id = null\n\tgroup.protocol = classic\n\tgroup.remote.assignor = null\n\theartbeat.interval.ms = 3000\n\tinterceptor.classes = []\n\tinternal.leave.group.on.close = true\n\tinternal.throw.on.fetch.stable.offset.unsupported = false\n\tisolation.level = read_uncommitted\n\tkey.deserializer = class org.apache.kafka.common.serialization.StringDeserializer\n\tmax.partition.fetch.bytes = 1048576\n\tmax.poll.interval.ms = 300000\n\tmax.poll.records = 500\n\tmetadata.max.age.ms = 300000\n\tmetric.reporters = []\n\tmetrics.num.samples = 2\n\tmetrics.recording.level = INFO\n\tmetrics.sample.window.ms = 30000\n\tpartition.assignment.strategy = [class org.apache.kafka.clients.consumer.RangeAssignor, class org.apache.kafka.clients.consumer.CooperativeStickyAssignor]\n\treceive.buffer.bytes = 65536\n\treconnect.backoff.max.ms = 1000\n\treconnect.backoff.ms = 50\n\trequest.timeout.ms = 30000\n\tretry.backoff.max.ms = 1000\n\tretry.backoff.ms = 100\n\tsasl.client.callback.handler.class = null\n\tsasl.jaas.config = null\n\tsasl.kerberos.kinit.cmd = /usr/bin/kinit\n\tsasl.kerberos.min.time.before.relogin = 60000\n\tsasl.kerberos.service.name = null\n\tsasl.kerberos.ticket.renew.jitter = 0.05\n\tsasl.kerberos.ticket.renew.window.factor = 0.8\n\tsasl.login.callback.handler.class = null\n\tsasl.login.class = null\n\tsasl.login.connect.timeout.ms = null\n\tsasl.login.read.timeout.ms = null\n\tsasl.login.refresh.buffer.seconds = 300\n\tsasl.login.refresh.min.period.seconds = 60\n\tsasl.login.refresh.window.factor = 0.8\n\tsasl.login.refresh.window.jitter = 0.05\n\tsasl.login.retry.backoff.max.ms = 10000\n\tsasl.login.retry.backoff.ms = 100\n\tsasl.mechanism = GSSAPI\n\tsasl.oauthbearer.clock.skew.seconds = 30\n\tsasl.oauthbearer.expected.audience = null\n\tsasl.oauthbearer.expected.issuer = null\n\tsasl.oauthbearer.jwks.endpoint.refresh.ms = 3600000\n\tsasl.oauthbearer.jwks.endpoint.retry.backoff.max.ms = 10000\n\tsasl.oauthbearer.jwks.endpoint.retry.backoff.ms = 100\n\tsasl.oauthbearer.jwks.endpoint.url = null\n\tsasl.oauthbearer.scope.claim.name = scope\n\tsasl.oauthbearer.sub.claim.name = sub\n\tsasl.oauthbearer.token.endpoint.url = null\n\tsecurity.protocol = PLAINTEXT\n\tsecurity.providers = null\n\tsend.buffer.bytes = 131072\n\tsession.timeout.ms = 45000\n\tsocket.connection.setup.timeout.max.ms = 30000\n\tsocket.connection.setup.timeout.ms = 10000\n\tssl.cipher.suites = null\n\tssl.enabled.protocols = [TLSv1.2, TLSv1.3]\n\tssl.endpoint.identification.algorithm = https\n\tssl.engine.factory.class = null\n\tssl.key.password = null\n\tssl.keymanager.algorithm = SunX509\n\tssl.keystore.certificate.chain = null\n\tssl.keystore.key = null\n\tssl.keystore.location = null\n\tssl.keystore.password = null\n\tssl.keystore.type = JKS\n\tssl.protocol = TLSv1.3\n\tssl.provider = null\n\tssl.secure.random.implementation = null\n\tssl.trustmanager.algorithm = PKIX\n\tssl.truststore.certificates = null\n\tssl.truststore.location = null\n\tssl.truststore.password = null\n\tssl.truststore.type = JKS\n\tvalue.deserializer = class org.apache.kafka.common.serialization.StringDeserializer\n","logger_name":"org.apache.kafka.clients.consumer.ConsumerConfig","thread_name":"main","level":"INFO","level_value":20000,"springAppName":"notification-service","app_name":"notification-service"}
{"@timestamp":"2026-08-25T14:42:37.375485+05:30","@version":"1","message":"initializing Kafka metrics collector","logger_name":"org.apache.kafka.common.telemetry.internals.KafkaMetricsCollector","thread_name":"main","level":"INFO","level_value":20000,"springAppName":"notification-service","app_name":"notification-service"}
{"@timestamp":"2026-08-25T14:42:37.390687+05:30","@version":"1","message":"Kafka version: 3.7.0","logger_name":"org.apache.kafka.common.utils.AppInfoParser","thread_name":"main","level":"INFO","level_value":20000,"springAppName":"notification-service","app_name":"notification-service"}
{"@timestamp":"2026-08-25T14:42:37.391131+05:30","@version":"1","message":"Kafka commitId: 2ae524ed625438c5","logger_name":"org.apache.kafka.common.utils.AppInfoParser","thread_name":"main","level":"INFO","level_value":20000,"springAppName":"notification-service","app_name":"notification-service"}
{"@timestamp":"2026-08-25T14:42:37.391293+05:30","@version":"1","message":"Kafka startTimeMs: 1787649157390","logger_name":"org.apache.kafka.common.utils.AppInfoParser","thread_name":"main","level":"INFO","level_value":20000,"springAppName":"notification-service","app_name":"notification-service"}
{"@timestamp":"2026-08-25T14:42:37.403995+05:30","@version":"1","message":"[Consumer clientId=consumer-notification-service-group-notificationeventconsumer-dlt-3, groupId=notification-service-group-notificationeventconsumer-dlt] Subscribed to topic(s): platform.notifications.dispatch-dlt","logger_name":"org.apache.kafka.clients.consumer.internals.LegacyKafkaConsumer","thread_name":"main","level":"INFO","level_value":20000,"springAppName":"notification-service","app_name":"notification-service"}
{"@timestamp":"2026-08-25T14:42:37.406934+05:30","@version":"1","message":"ConsumerConfig values: \n\tallow.auto.create.topics = true\n\tauto.commit.interval.ms = 5000\n\tauto.include.jmx.reporter = true\n\tauto.offset.reset = latest\n\tbootstrap.servers = [localhost:9092]\n\tcheck.crcs = true\n\tclient.dns.lookup = use_all_dns_ips\n\tclient.id = consumer-notification-service-group-notificationeventconsumer-retry-8000-4\n\tclient.rack = \n\tconnections.max.idle.ms = 540000\n\tdefault.api.timeout.ms = 60000\n\tenable.auto.commit = false\n\tenable.metrics.push = true\n\texclude.internal.topics = true\n\tfetch.max.bytes = 52428800\n\tfetch.max.wait.ms = 500\n\tfetch.min.bytes = 1\n\tgroup.id = notification-service-group-notificationeventconsumer-retry-8000\n\tgroup.instance.id = null\n\tgroup.protocol = classic\n\tgroup.remote.assignor = null\n\theartbeat.interval.ms = 3000\n\tinterceptor.classes = []\n\tinternal.leave.group.on.close = true\n\tinternal.throw.on.fetch.stable.offset.unsupported = false\n\tisolation.level = read_uncommitted\n\tkey.deserializer = class org.apache.kafka.common.serialization.StringDeserializer\n\tmax.partition.fetch.bytes = 1048576\n\tmax.poll.interval.ms = 300000\n\tmax.poll.records = 500\n\tmetadata.max.age.ms = 300000\n\tmetric.reporters = []\n\tmetrics.num.samples = 2\n\tmetrics.recording.level = INFO\n\tmetrics.sample.window.ms = 30000\n\tpartition.assignment.strategy = [class org.apache.kafka.clients.consumer.RangeAssignor, class org.apache.kafka.clients.consumer.CooperativeStickyAssignor]\n\treceive.buffer.bytes = 65536\n\treconnect.backoff.max.ms = 1000\n\treconnect.backoff.ms = 50\n\trequest.timeout.ms = 30000\n\tretry.backoff.max.ms = 1000\n\tretry.backoff.ms = 100\n\tsasl.client.callback.handler.class = null\n\tsasl.jaas.config = null\n\tsasl.kerberos.kinit.cmd = /usr/bin/kinit\n\tsasl.kerberos.min.time.before.relogin = 60000\n\tsasl.kerberos.service.name = null\n\tsasl.kerberos.ticket.renew.jitter = 0.05\n\tsasl.kerberos.ticket.renew.window.factor = 0.8\n\tsasl.login.callback.handler.class = null\n\tsasl.login.class = null\n\tsasl.login.connect.timeout.ms = null\n\tsasl.login.read.timeout.ms = null\n\tsasl.login.refresh.buffer.seconds = 300\n\tsasl.login.refresh.min.period.seconds = 60\n\tsasl.login.refresh.window.factor = 0.8\n\tsasl.login.refresh.window.jitter = 0.05\n\tsasl.login.retry.backoff.max.ms = 10000\n\tsasl.login.retry.backoff.ms = 100\n\tsasl.mechanism = GSSAPI\n\tsasl.oauthbearer.clock.skew.seconds = 30\n\tsasl.oauthbearer.expected.audience = null\n\tsasl.oauthbearer.expected.issuer = null\n\tsasl.oauthbearer.jwks.endpoint.refresh.ms = 3600000\n\tsasl.oauthbearer.jwks.endpoint.retry.backoff.max.ms = 10000\n\tsasl.oauthbearer.jwks.endpoint.retry.backoff.ms = 100\n\tsasl.oauthbearer.jwks.endpoint.url = null\n\tsasl.oauthbearer.scope.claim.name = scope\n\tsasl.oauthbearer.sub.claim.name = sub\n\tsasl.oauthbearer.token.endpoint.url = null\n\tsecurity.protocol = PLAINTEXT\n\tsecurity.providers = null\n\tsend.buffer.bytes = 131072\n\tsession.timeout.ms = 45000\n\tsocket.connection.setup.timeout.max.ms = 30000\n\tsocket.connection.setup.timeout.ms = 10000\n\tssl.cipher.suites = null\n\tssl.enabled.protocols = [TLSv1.2, TLSv1.3]\n\tssl.endpoint.identification.algorithm = https\n\tssl.engine.factory.class = null\n\tssl.key.password = null\n\tssl.keymanager.algorithm = SunX509\n\tssl.keystore.certificate.chain = null\n\tssl.keystore.key = null\n\tssl.keystore.location = null\n\tssl.keystore.password = null\n\tssl.keystore.type = JKS\n\tssl.protocol = TLSv1.3\n\tssl.provider = null\n\tssl.secure.random.implementation = null\n\tssl.trustmanager.algorithm = PKIX\n\tssl.truststore.certificates = null\n\tssl.truststore.location = null\n\tssl.truststore.password = null\n\tssl.truststore.type = JKS\n\tvalue.deserializer = class org.apache.kafka.common.serialization.StringDeserializer\n","logger_name":"org.apache.kafka.clients.consumer.ConsumerConfig","thread_name":"main","level":"INFO","level_value":20000,"springAppName":"notification-service","app_name":"notification-service"}
{"@timestamp":"2026-08-25T14:42:37.407909+05:30","@version":"1","message":"initializing Kafka metrics collector","logger_name":"org.apache.kafka.common.telemetry.internals.KafkaMetricsCollector","thread_name":"main","level":"INFO","level_value":20000,"springAppName":"notification-service","app_name":"notification-service"}
{"@timestamp":"2026-08-25T14:42:37.416315+05:30","@version":"1","message":"Kafka version: 3.7.0","logger_name":"org.apache.kafka.common.utils.AppInfoParser","thread_name":"main","level":"INFO","level_value":20000,"springAppName":"notification-service","app_name":"notification-service"}
{"@timestamp":"2026-08-25T14:42:37.417697+05:30","@version":"1","message":"Kafka commitId: 2ae524ed625438c5","logger_name":"org.apache.kafka.common.utils.AppInfoParser","thread_name":"main","level":"INFO","level_value":20000,"springAppName":"notification-service","app_name":"notification-service"}
{"@timestamp":"2026-08-25T14:42:37.417986+05:30","@version":"1","message":"Kafka startTimeMs: 1787649157416","logger_name":"org.apache.kafka.common.utils.AppInfoParser","thread_name":"main","level":"INFO","level_value":20000,"springAppName":"notification-service","app_name":"notification-service"}
{"@timestamp":"2026-08-25T14:42:37.659305+05:30","@version":"1","message":"[Consumer clientId=consumer-notification-service-group-notificationeventconsumer-retry-8000-4, groupId=notification-service-group-notificationeventconsumer-retry-8000] Subscribed to topic(s): platform.notifications.dispatch-retry-8000","logger_name":"org.apache.kafka.clients.consumer.internals.LegacyKafkaConsumer","thread_name":"main","level":"INFO","level_value":20000,"springAppName":"notification-service","app_name":"notification-service"}
{"@timestamp":"2026-08-25T14:42:37.708354+05:30","@version":"1","message":"ConsumerConfig values: \n\tallow.auto.create.topics = true\n\tauto.commit.interval.ms = 5000\n\tauto.include.jmx.reporter = true\n\tauto.offset.reset = latest\n\tbootstrap.servers = [localhost:9092]\n\tcheck.crcs = true\n\tclient.dns.lookup = use_all_dns_ips\n\tclient.id = consumer-notification-service-group-adnotificationlistener-retry-1000-5\n\tclient.rack = \n\tconnections.max.idle.ms = 540000\n\tdefault.api.timeout.ms = 60000\n\tenable.auto.commit = false\n\tenable.metrics.push = true\n\texclude.internal.topics = true\n\tfetch.max.bytes = 52428800\n\tfetch.max.wait.ms = 500\n\tfetch.min.bytes = 1\n\tgroup.id = notification-service-group-adnotificationlistener-retry-1000\n\tgroup.instance.id = null\n\tgroup.protocol = classic\n\tgroup.remote.assignor = null\n\theartbeat.interval.ms = 3000\n\tinterceptor.classes = []\n\tinternal.leave.group.on.close = true\n\tinternal.throw.on.fetch.stable.offset.unsupported = false\n\tisolation.level = read_uncommitted\n\tkey.deserializer = class org.apache.kafka.common.serialization.StringDeserializer\n\tmax.partition.fetch.bytes = 1048576\n\tmax.poll.interval.ms = 300000\n\tmax.poll.records = 500\n\tmetadata.max.age.ms = 300000\n\tmetric.reporters = []\n\tmetrics.num.samples = 2\n\tmetrics.recording.level = INFO\n\tmetrics.sample.window.ms = 30000\n\tpartition.assignment.strategy = [class org.apache.kafka.clients.consumer.RangeAssignor, class org.apache.kafka.clients.consumer.CooperativeStickyAssignor]\n\treceive.buffer.bytes = 65536\n\treconnect.backoff.max.ms = 1000\n\treconnect.backoff.ms = 50\n\trequest.timeout.ms = 30000\n\tretry.backoff.max.ms = 1000\n\tretry.backoff.ms = 100\n\tsasl.client.callback.handler.class = null\n\tsasl.jaas.config = null\n\tsasl.kerberos.kinit.cmd = /usr/bin/kinit\n\tsasl.kerberos.min.time.before.relogin = 60000\n\tsasl.kerberos.service.name = null\n\tsasl.kerberos.ticket.renew.jitter = 0.05\n\tsasl.kerberos.ticket.renew.window.factor = 0.8\n\tsasl.login.callback.handler.class = null\n\tsasl.login.class = null\n\tsasl.login.connect.timeout.ms = null\n\tsasl.login.read.timeout.ms = null\n\tsasl.login.refresh.buffer.seconds = 300\n\tsasl.login.refresh.min.period.seconds = 60\n\tsasl.login.refresh.window.factor = 0.8\n\tsasl.login.refresh.window.jitter = 0.05\n\tsasl.login.retry.backoff.max.ms = 10000\n\tsasl.login.retry.backoff.ms = 100\n\tsasl.mechanism = GSSAPI\n\tsasl.oauthbearer.clock.skew.seconds = 30\n\tsasl.oauthbearer.expected.audience = null\n\tsasl.oauthbearer.expected.issuer = null\n\tsasl.oauthbearer.jwks.endpoint.refresh.ms = 3600000\n\tsasl.oauthbearer.jwks.endpoint.retry.backoff.max.ms = 10000\n\tsasl.oauthbearer.jwks.endpoint.retry.backoff.ms = 100\n\tsasl.oauthbearer.jwks.endpoint.url = null\n\tsasl.oauthbearer.scope.claim.name = scope\n\tsasl.oauthbearer.sub.claim.name = sub\n\tsasl.oauthbearer.token.endpoint.url = null\n\tsecurity.protocol = PLAINTEXT\n\tsecurity.providers = null\n\tsend.buffer.bytes = 131072\n\tsession.timeout.ms = 45000\n\tsocket.connection.setup.timeout.max.ms = 30000\n\tsocket.connection.setup.timeout.ms = 10000\n\tssl.cipher.suites = null\n\tssl.enabled.protocols = [TLSv1.2, TLSv1.3]\n\tssl.endpoint.identification.algorithm = https\n\tssl.engine.factory.class = null\n\tssl.key.password = null\n\tssl.keymanager.algorithm = SunX509\n\tssl.keystore.certificate.chain = null\n\tssl.keystore.key = null\n\tssl.keystore.location = null\n\tssl.keystore.password = null\n\tssl.keystore.type = JKS\n\tssl.protocol = TLSv1.3\n\tssl.provider = null\n\tssl.secure.random.implementation = null\n\tssl.trustmanager.algorithm = PKIX\n\tssl.truststore.certificates = null\n\tssl.truststore.location = null\n\tssl.truststore.password = null\n\tssl.truststore.type = JKS\n\tvalue.deserializer = class org.apache.kafka.common.serialization.StringDeserializer\n","logger_name":"org.apache.kafka.clients.consumer.ConsumerConfig","thread_name":"main","level":"INFO","level_value":20000,"springAppName":"notification-service","app_name":"notification-service"}
{"@timestamp":"2026-08-25T14:42:37.709641+05:30","@version":"1","message":"initializing Kafka metrics collector","logger_name":"org.apache.kafka.common.telemetry.internals.KafkaMetricsCollector","thread_name":"main","level":"INFO","level_value":20000,"springAppName":"notification-service","app_name":"notification-service"}
{"@timestamp":"2026-08-25T14:42:37.747036+05:30","@version":"1","message":"Kafka version: 3.7.0","logger_name":"org.apache.kafka.common.utils.AppInfoParser","thread_name":"main","level":"INFO","level_value":20000,"springAppName":"notification-service","app_name":"notification-service"}
{"@timestamp":"2026-08-25T14:42:37.747509+05:30","@version":"1","message":"Kafka commitId: 2ae524ed625438c5","logger_name":"org.apache.kafka.common.utils.AppInfoParser","thread_name":"main","level":"INFO","level_value":20000,"springAppName":"notification-service","app_name":"notification-service"}
{"@timestamp":"2026-08-25T14:42:37.747577+05:30","@version":"1","message":"Kafka startTimeMs: 1787649157746","logger_name":"org.apache.kafka.common.utils.AppInfoParser","thread_name":"main","level":"INFO","level_value":20000,"springAppName":"notification-service","app_name":"notification-service"}
{"@timestamp":"2026-08-25T14:42:37.787171+05:30","@version":"1","message":"[Consumer clientId=consumer-notification-service-group-adnotificationlistener-retry-1000-5, groupId=notification-service-group-adnotificationlistener-retry-1000] Subscribed to topic(s): ad-events-retry-1000","logger_name":"org.apache.kafka.clients.consumer.internals.LegacyKafkaConsumer","thread_name":"main","level":"INFO","level_value":20000,"springAppName":"notification-service","app_name":"notification-service"}
{"@timestamp":"2026-08-25T14:42:37.796474+05:30","@version":"1","message":"ConsumerConfig values: \n\tallow.auto.create.topics = true\n\tauto.commit.interval.ms = 5000\n\tauto.include.jmx.reporter = true\n\tauto.offset.reset = latest\n\tbootstrap.servers = [localhost:9092]\n\tcheck.crcs = true\n\tclient.dns.lookup = use_all_dns_ips\n\tclient.id = consumer-notification-service-group-adnotificationlistener-retry-4000-6\n\tclient.rack = \n\tconnections.max.idle.ms = 540000\n\tdefault.api.timeout.ms = 60000\n\tenable.auto.commit = false\n\tenable.metrics.push = true\n\texclude.internal.topics = true\n\tfetch.max.bytes = 52428800\n\tfetch.max.wait.ms = 500\n\tfetch.min.bytes = 1\n\tgroup.id = notification-service-group-adnotificationlistener-retry-4000\n\tgroup.instance.id = null\n\tgroup.protocol = classic\n\tgroup.remote.assignor = null\n\theartbeat.interval.ms = 3000\n\tinterceptor.classes = []\n\tinternal.leave.group.on.close = true\n\tinternal.throw.on.fetch.stable.offset.unsupported = false\n\tisolation.level = read_uncommitted\n\tkey.deserializer = class org.apache.kafka.common.serialization.StringDeserializer\n\tmax.partition.fetch.bytes = 1048576\n\tmax.poll.interval.ms = 300000\n\tmax.poll.records = 500\n\tmetadata.max.age.ms = 300000\n\tmetric.reporters = []\n\tmetrics.num.samples = 2\n\tmetrics.recording.level = INFO\n\tmetrics.sample.window.ms = 30000\n\tpartition.assignment.strategy = [class org.apache.kafka.clients.consumer.RangeAssignor, class org.apache.kafka.clients.consumer.CooperativeStickyAssignor]\n\treceive.buffer.bytes = 65536\n\treconnect.backoff.max.ms = 1000\n\treconnect.backoff.ms = 50\n\trequest.timeout.ms = 30000\n\tretry.backoff.max.ms = 1000\n\tretry.backoff.ms = 100\n\tsasl.client.callback.handler.class = null\n\tsasl.jaas.config = null\n\tsasl.kerberos.kinit.cmd = /usr/bin/kinit\n\tsasl.kerberos.min.time.before.relogin = 60000\n\tsasl.kerberos.service.name = null\n\tsasl.kerberos.ticket.renew.jitter = 0.05\n\tsasl.kerberos.ticket.renew.window.factor = 0.8\n\tsasl.login.callback.handler.class = null\n\tsasl.login.class = null\n\tsasl.login.connect.timeout.ms = null\n\tsasl.login.read.timeout.ms = null\n\tsasl.login.refresh.buffer.seconds = 300\n\tsasl.login.refresh.min.period.seconds = 60\n\tsasl.login.refresh.window.factor = 0.8\n\tsasl.login.refresh.window.jitter = 0.05\n\tsasl.login.retry.backoff.max.ms = 10000\n\tsasl.login.retry.backoff.ms = 100\n\tsasl.mechanism = GSSAPI\n\tsasl.oauthbearer.clock.skew.seconds = 30\n\tsasl.oauthbearer.expected.audience = null\n\tsasl.oauthbearer.expected.issuer = null\n\tsasl.oauthbearer.jwks.endpoint.refresh.ms = 3600000\n\tsasl.oauthbearer.jwks.endpoint.retry.backoff.max.ms = 10000\n\tsasl.oauthbearer.jwks.endpoint.retry.backoff.ms = 100\n\tsasl.oauthbearer.jwks.endpoint.url = null\n\tsasl.oauthbearer.scope.claim.name = scope\n\tsasl.oauthbearer.sub.claim.name = sub\n\tsasl.oauthbearer.token.endpoint.url = null\n\tsecurity.protocol = PLAINTEXT\n\tsecurity.providers = null\n\tsend.buffer.bytes = 131072\n\tsession.timeout.ms = 45000\n\tsocket.connection.setup.timeout.max.ms = 30000\n\tsocket.connection.setup.timeout.ms = 10000\n\tssl.cipher.suites = null\n\tssl.enabled.protocols = [TLSv1.2, TLSv1.3]\n\tssl.endpoint.identification.algorithm = https\n\tssl.engine.factory.class = null\n\tssl.key.password = null\n\tssl.keymanager.algorithm = SunX509\n\tssl.keystore.certificate.chain = null\n\tssl.keystore.key = null\n\tssl.keystore.location = null\n\tssl.keystore.password = null\n\tssl.keystore.type = JKS\n\tssl.protocol = TLSv1.3\n\tssl.provider = null\n\tssl.secure.random.implementation = null\n\tssl.trustmanager.algorithm = PKIX\n\tssl.truststore.certificates = null\n\tssl.truststore.location = null\n\tssl.truststore.password = null\n\tssl.truststore.type = JKS\n\tvalue.deserializer = class org.apache.kafka.common.serialization.StringDeserializer\n","logger_name":"org.apache.kafka.clients.consumer.ConsumerConfig","thread_name":"main","level":"INFO","level_value":20000,"springAppName":"notification-service","app_name":"notification-service"}
{"@timestamp":"2026-08-25T14:42:37.797678+05:30","@version":"1","message":"initializing Kafka metrics collector","logger_name":"org.apache.kafka.common.telemetry.internals.KafkaMetricsCollector","thread_name":"main","level":"INFO","level_value":20000,"springAppName":"notification-service","app_name":"notification-service"}
{"@timestamp":"2026-08-25T14:42:37.809814+05:30","@version":"1","message":"Kafka version: 3.7.0","logger_name":"org.apache.kafka.common.utils.AppInfoParser","thread_name":"main","level":"INFO","level_value":20000,"springAppName":"notification-service","app_name":"notification-service"}
{"@timestamp":"2026-08-25T14:42:37.810385+05:30","@version":"1","message":"Kafka commitId: 2ae524ed625438c5","logger_name":"org.apache.kafka.common.utils.AppInfoParser","thread_name":"main","level":"INFO","level_value":20000,"springAppName":"notification-service","app_name":"notification-service"}
{"@timestamp":"2026-08-25T14:42:37.81051+05:30","@version":"1","message":"Kafka startTimeMs: 1787649157809","logger_name":"org.apache.kafka.common.utils.AppInfoParser","thread_name":"main","level":"INFO","level_value":20000,"springAppName":"notification-service","app_name":"notification-service"}
{"@timestamp":"2026-08-25T14:42:37.825174+05:30","@version":"1","message":"[Consumer clientId=consumer-notification-service-group-adnotificationlistener-retry-4000-6, groupId=notification-service-group-adnotificationlistener-retry-4000] Subscribed to topic(s): ad-events-retry-4000","logger_name":"org.apache.kafka.clients.consumer.internals.LegacyKafkaConsumer","thread_name":"main","level":"INFO","level_value":20000,"springAppName":"notification-service","app_name":"notification-service"}
{"@timestamp":"2026-08-25T14:42:37.837309+05:30","@version":"1","message":"ConsumerConfig values: \n\tallow.auto.create.topics = true\n\tauto.commit.interval.ms = 5000\n\tauto.include.jmx.reporter = true\n\tauto.offset.reset = latest\n\tbootstrap.servers = [localhost:9092]\n\tcheck.crcs = true\n\tclient.dns.lookup = use_all_dns_ips\n\tclient.id = consumer-notification-service-group-adnotificationlistener-dlt-7\n\tclient.rack = \n\tconnections.max.idle.ms = 540000\n\tdefault.api.timeout.ms = 60000\n\tenable.auto.commit = false\n\tenable.metrics.push = true\n\texclude.internal.topics = true\n\tfetch.max.bytes = 52428800\n\tfetch.max.wait.ms = 500\n\tfetch.min.bytes = 1\n\tgroup.id = notification-service-group-adnotificationlistener-dlt\n\tgroup.instance.id = null\n\tgroup.protocol = classic\n\tgroup.remote.assignor = null\n\theartbeat.interval.ms = 3000\n\tinterceptor.classes = []\n\tinternal.leave.group.on.close = true\n\tinternal.throw.on.fetch.stable.offset.unsupported = false\n\tisolation.level = read_uncommitted\n\tkey.deserializer = class org.apache.kafka.common.serialization.StringDeserializer\n\tmax.partition.fetch.bytes = 1048576\n\tmax.poll.interval.ms = 300000\n\tmax.poll.records = 500\n\tmetadata.max.age.ms = 300000\n\tmetric.reporters = []\n\tmetrics.num.samples = 2\n\tmetrics.recording.level = INFO\n\tmetrics.sample.window.ms = 30000\n\tpartition.assignment.strategy = [class org.apache.kafka.clients.consumer.RangeAssignor, class org.apache.kafka.clients.consumer.CooperativeStickyAssignor]\n\treceive.buffer.bytes = 65536\n\treconnect.backoff.max.ms = 1000\n\treconnect.backoff.ms = 50\n\trequest.timeout.ms = 30000\n\tretry.backoff.max.ms = 1000\n\tretry.backoff.ms = 100\n\tsasl.client.callback.handler.class = null\n\tsasl.jaas.config = null\n\tsasl.kerberos.kinit.cmd = /usr/bin/kinit\n\tsasl.kerberos.min.time.before.relogin = 60000\n\tsasl.kerberos.service.name = null\n\tsasl.kerberos.ticket.renew.jitter = 0.05\n\tsasl.kerberos.ticket.renew.window.factor = 0.8\n\tsasl.login.callback.handler.class = null\n\tsasl.login.class = null\n\tsasl.login.connect.timeout.ms = null\n\tsasl.login.read.timeout.ms = null\n\tsasl.login.refresh.buffer.seconds = 300\n\tsasl.login.refresh.min.period.seconds = 60\n\tsasl.login.refresh.window.factor = 0.8\n\tsasl.login.refresh.window.jitter = 0.05\n\tsasl.login.retry.backoff.max.ms = 10000\n\tsasl.login.retry.backoff.ms = 100\n\tsasl.mechanism = GSSAPI\n\tsasl.oauthbearer.clock.skew.seconds = 30\n\tsasl.oauthbearer.expected.audience = null\n\tsasl.oauthbearer.expected.issuer = null\n\tsasl.oauthbearer.jwks.endpoint.refresh.ms = 3600000\n\tsasl.oauthbearer.jwks.endpoint.retry.backoff.max.ms = 10000\n\tsasl.oauthbearer.jwks.endpoint.retry.backoff.ms = 100\n\tsasl.oauthbearer.jwks.endpoint.url = null\n\tsasl.oauthbearer.scope.claim.name = scope\n\tsasl.oauthbearer.sub.claim.name = sub\n\tsasl.oauthbearer.token.endpoint.url = null\n\tsecurity.protocol = PLAINTEXT\n\tsecurity.providers = null\n\tsend.buffer.bytes = 131072\n\tsession.timeout.ms = 45000\n\tsocket.connection.setup.timeout.max.ms = 30000\n\tsocket.connection.setup.timeout.ms = 10000\n\tssl.cipher.suites = null\n\tssl.enabled.protocols = [TLSv1.2, TLSv1.3]\n\tssl.endpoint.identification.algorithm = https\n\tssl.engine.factory.class = null\n\tssl.key.password = null\n\tssl.keymanager.algorithm = SunX509\n\tssl.keystore.certificate.chain = null\n\tssl.keystore.key = null\n\tssl.keystore.location = null\n\tssl.keystore.password = null\n\tssl.keystore.type = JKS\n\tssl.protocol = TLSv1.3\n\tssl.provider = null\n\tssl.secure.random.implementation = null\n\tssl.trustmanager.algorithm = PKIX\n\tssl.truststore.certificates = null\n\tssl.truststore.location = null\n\tssl.truststore.password = null\n\tssl.truststore.type = JKS\n\tvalue.deserializer = class org.apache.kafka.common.serialization.StringDeserializer\n","logger_name":"org.apache.kafka.clients.consumer.ConsumerConfig","thread_name":"main","level":"INFO","level_value":20000,"springAppName":"notification-service","app_name":"notification-service"}
{"@timestamp":"2026-08-25T14:42:37.942375+05:30","@version":"1","message":"initializing Kafka metrics collector","logger_name":"org.apache.kafka.common.telemetry.internals.KafkaMetricsCollector","thread_name":"main","level":"INFO","level_value":20000,"springAppName":"notification-service","app_name":"notification-service"}
{"@timestamp":"2026-08-25T14:42:37.96361+05:30","@version":"1","message":"Kafka version: 3.7.0","logger_name":"org.apache.kafka.common.utils.AppInfoParser","thread_name":"main","level":"INFO","level_value":20000,"springAppName":"notification-service","app_name":"notification-service"}
{"@timestamp":"2026-08-25T14:42:37.964036+05:30","@version":"1","message":"Kafka commitId: 2ae524ed625438c5","logger_name":"org.apache.kafka.common.utils.AppInfoParser","thread_name":"main","level":"INFO","level_value":20000,"springAppName":"notification-service","app_name":"notification-service"}
{"@timestamp":"2026-08-25T14:42:37.964153+05:30","@version":"1","message":"Kafka startTimeMs: 1787649157963","logger_name":"org.apache.kafka.common.utils.AppInfoParser","thread_name":"main","level":"INFO","level_value":20000,"springAppName":"notification-service","app_name":"notification-service"}
{"@timestamp":"2026-08-25T14:42:37.985137+05:30","@version":"1","message":"[Consumer clientId=consumer-notification-service-group-adnotificationlistener-dlt-7, groupId=notification-service-group-adnotificationlistener-dlt] Subscribed to topic(s): ad-events-dlt","logger_name":"org.apache.kafka.clients.consumer.internals.LegacyKafkaConsumer","thread_name":"main","level":"INFO","level_value":20000,"springAppName":"notification-service","app_name":"notification-service"}
{"@timestamp":"2026-08-25T14:42:38.003764+05:30","@version":"1","message":"ConsumerConfig values: \n\tallow.auto.create.topics = true\n\tauto.commit.interval.ms = 5000\n\tauto.include.jmx.reporter = true\n\tauto.offset.reset = latest\n\tbootstrap.servers = [localhost:9092]\n\tcheck.crcs = true\n\tclient.dns.lookup = use_all_dns_ips\n\tclient.id = consumer-notification-service-group-notificationeventconsumer-retry-4000-8\n\tclient.rack = \n\tconnections.max.idle.ms = 540000\n\tdefault.api.timeout.ms = 60000\n\tenable.auto.commit = false\n\tenable.metrics.push = true\n\texclude.internal.topics = true\n\tfetch.max.bytes = 52428800\n\tfetch.max.wait.ms = 500\n\tfetch.min.bytes = 1\n\tgroup.id = notification-service-group-notificationeventconsumer-retry-4000\n\tgroup.instance.id = null\n\tgroup.protocol = classic\n\tgroup.remote.assignor = null\n\theartbeat.interval.ms = 3000\n\tinterceptor.classes = []\n\tinternal.leave.group.on.close = true\n\tinternal.throw.on.fetch.stable.offset.unsupported = false\n\tisolation.level = read_uncommitted\n\tkey.deserializer = class org.apache.kafka.common.serialization.StringDeserializer\n\tmax.partition.fetch.bytes = 1048576\n\tmax.poll.interval.ms = 300000\n\tmax.poll.records = 500\n\tmetadata.max.age.ms = 300000\n\tmetric.reporters = []\n\tmetrics.num.samples = 2\n\tmetrics.recording.level = INFO\n\tmetrics.sample.window.ms = 30000\n\tpartition.assignment.strategy = [class org.apache.kafka.clients.consumer.RangeAssignor, class org.apache.kafka.clients.consumer.CooperativeStickyAssignor]\n\treceive.buffer.bytes = 65536\n\treconnect.backoff.max.ms = 1000\n\treconnect.backoff.ms = 50\n\trequest.timeout.ms = 30000\n\tretry.backoff.max.ms = 1000\n\tretry.backoff.ms = 100\n\tsasl.client.callback.handler.class = null\n\tsasl.jaas.config = null\n\tsasl.kerberos.kinit.cmd = /usr/bin/kinit\n\tsasl.kerberos.min.time.before.relogin = 60000\n\tsasl.kerberos.service.name = null\n\tsasl.kerberos.ticket.renew.jitter = 0.05\n\tsasl.kerberos.ticket.renew.window.factor = 0.8\n\tsasl.login.callback.handler.class = null\n\tsasl.login.class = null\n\tsasl.login.connect.timeout.ms = null\n\tsasl.login.read.timeout.ms = null\n\tsasl.login.refresh.buffer.seconds = 300\n\tsasl.login.refresh.min.period.seconds = 60\n\tsasl.login.refresh.window.factor = 0.8\n\tsasl.login.refresh.window.jitter = 0.05\n\tsasl.login.retry.backoff.max.ms = 10000\n\tsasl.login.retry.backoff.ms = 100\n\tsasl.mechanism = GSSAPI\n\tsasl.oauthbearer.clock.skew.seconds = 30\n\tsasl.oauthbearer.expected.audience = null\n\tsasl.oauthbearer.expected.issuer = null\n\tsasl.oauthbearer.jwks.endpoint.refresh.ms = 3600000\n\tsasl.oauthbearer.jwks.endpoint.retry.backoff.max.ms = 10000\n\tsasl.oauthbearer.jwks.endpoint.retry.backoff.ms = 100\n\tsasl.oauthbearer.jwks.endpoint.url = null\n\tsasl.oauthbearer.scope.claim.name = scope\n\tsasl.oauthbearer.sub.claim.name = sub\n\tsasl.oauthbearer.token.endpoint.url = null\n\tsecurity.protocol = PLAINTEXT\n\tsecurity.providers = null\n\tsend.buffer.bytes = 131072\n\tsession.timeout.ms = 45000\n\tsocket.connection.setup.timeout.max.ms = 30000\n\tsocket.connection.setup.timeout.ms = 10000\n\tssl.cipher.suites = null\n\tssl.enabled.protocols = [TLSv1.2, TLSv1.3]\n\tssl.endpoint.identification.algorithm = https\n\tssl.engine.factory.class = null\n\tssl.key.password = null\n\tssl.keymanager.algorithm = SunX509\n\tssl.keystore.certificate.chain = null\n\tssl.keystore.key = null\n\tssl.keystore.location = null\n\tssl.keystore.password = null\n\tssl.keystore.type = JKS\n\tssl.protocol = TLSv1.3\n\tssl.provider = null\n\tssl.secure.random.implementation = null\n\tssl.trustmanager.algorithm = PKIX\n\tssl.truststore.certificates = null\n\tssl.truststore.location = null\n\tssl.truststore.password = null\n\tssl.truststore.type = JKS\n\tvalue.deserializer = class org.apache.kafka.common.serialization.StringDeserializer\n","logger_name":"org.apache.kafka.clients.consumer.ConsumerConfig","thread_name":"main","level":"INFO","level_value":20000,"springAppName":"notification-service","app_name":"notification-service"}
{"@timestamp":"2026-08-25T14:42:38.004829+05:30","@version":"1","message":"initializing Kafka metrics collector","logger_name":"org.apache.kafka.common.telemetry.internals.KafkaMetricsCollector","thread_name":"main","level":"INFO","level_value":20000,"springAppName":"notification-service","app_name":"notification-service"}
{"@timestamp":"2026-08-25T14:42:38.01471+05:30","@version":"1","message":"Kafka version: 3.7.0","logger_name":"org.apache.kafka.common.utils.AppInfoParser","thread_name":"main","level":"INFO","level_value":20000,"springAppName":"notification-service","app_name":"notification-service"}
{"@timestamp":"2026-08-25T14:42:38.017778+05:30","@version":"1","message":"Kafka commitId: 2ae524ed625438c5","logger_name":"org.apache.kafka.common.utils.AppInfoParser","thread_name":"main","level":"INFO","level_value":20000,"springAppName":"notification-service","app_name":"notification-service"}
{"@timestamp":"2026-08-25T14:42:38.018349+05:30","@version":"1","message":"Kafka startTimeMs: 1787649158014","logger_name":"org.apache.kafka.common.utils.AppInfoParser","thread_name":"main","level":"INFO","level_value":20000,"springAppName":"notification-service","app_name":"notification-service"}
{"@timestamp":"2026-08-25T14:42:38.038235+05:30","@version":"1","message":"[Consumer clientId=consumer-notification-service-group-notificationeventconsumer-retry-4000-8, groupId=notification-service-group-notificationeventconsumer-retry-4000] Subscribed to topic(s): platform.notifications.dispatch-retry-4000","logger_name":"org.apache.kafka.clients.consumer.internals.LegacyKafkaConsumer","thread_name":"main","level":"INFO","level_value":20000,"springAppName":"notification-service","app_name":"notification-service"}
{"@timestamp":"2026-08-25T14:42:38.040627+05:30","@version":"1","message":"ConsumerConfig values: \n\tallow.auto.create.topics = true\n\tauto.commit.interval.ms = 5000\n\tauto.include.jmx.reporter = true\n\tauto.offset.reset = latest\n\tbootstrap.servers = [localhost:9092]\n\tcheck.crcs = true\n\tclient.dns.lookup = use_all_dns_ips\n\tclient.id = consumer-notification-service-group-adnotificationlistener-retry-2000-9\n\tclient.rack = \n\tconnections.max.idle.ms = 540000\n\tdefault.api.timeout.ms = 60000\n\tenable.auto.commit = false\n\tenable.metrics.push = true\n\texclude.internal.topics = true\n\tfetch.max.bytes = 52428800\n\tfetch.max.wait.ms = 500\n\tfetch.min.bytes = 1\n\tgroup.id = notification-service-group-adnotificationlistener-retry-2000\n\tgroup.instance.id = null\n\tgroup.protocol = classic\n\tgroup.remote.assignor = null\n\theartbeat.interval.ms = 3000\n\tinterceptor.classes = []\n\tinternal.leave.group.on.close = true\n\tinternal.throw.on.fetch.stable.offset.unsupported = false\n\tisolation.level = read_uncommitted\n\tkey.deserializer = class org.apache.kafka.common.serialization.StringDeserializer\n\tmax.partition.fetch.bytes = 1048576\n\tmax.poll.interval.ms = 300000\n\tmax.poll.records = 500\n\tmetadata.max.age.ms = 300000\n\tmetric.reporters = []\n\tmetrics.num.samples = 2\n\tmetrics.recording.level = INFO\n\tmetrics.sample.window.ms = 30000\n\tpartition.assignment.strategy = [class org.apache.kafka.clients.consumer.RangeAssignor, class org.apache.kafka.clients.consumer.CooperativeStickyAssignor]\n\treceive.buffer.bytes = 65536\n\treconnect.backoff.max.ms = 1000\n\treconnect.backoff.ms = 50\n\trequest.timeout.ms = 30000\n\tretry.backoff.max.ms = 1000\n\tretry.backoff.ms = 100\n\tsasl.client.callback.handler.class = null\n\tsasl.jaas.config = null\n\tsasl.kerberos.kinit.cmd = /usr/bin/kinit\n\tsasl.kerberos.min.time.before.relogin = 60000\n\tsasl.kerberos.service.name = null\n\tsasl.kerberos.ticket.renew.jitter = 0.05\n\tsasl.kerberos.ticket.renew.window.factor = 0.8\n\tsasl.login.callback.handler.class = null\n\tsasl.login.class = null\n\tsasl.login.connect.timeout.ms = null\n\tsasl.login.read.timeout.ms = null\n\tsasl.login.refresh.buffer.seconds = 300\n\tsasl.login.refresh.min.period.seconds = 60\n\tsasl.login.refresh.window.factor = 0.8\n\tsasl.login.refresh.window.jitter = 0.05\n\tsasl.login.retry.backoff.max.ms = 10000\n\tsasl.login.retry.backoff.ms = 100\n\tsasl.mechanism = GSSAPI\n\tsasl.oauthbearer.clock.skew.seconds = 30\n\tsasl.oauthbearer.expected.audience = null\n\tsasl.oauthbearer.expected.issuer = null\n\tsasl.oauthbearer.jwks.endpoint.refresh.ms = 3600000\n\tsasl.oauthbearer.jwks.endpoint.retry.backoff.max.ms = 10000\n\tsasl.oauthbearer.jwks.endpoint.retry.backoff.ms = 100\n\tsasl.oauthbearer.jwks.endpoint.url = null\n\tsasl.oauthbearer.scope.claim.name = scope\n\tsasl.oauthbearer.sub.claim.name = sub\n\tsasl.oauthbearer.token.endpoint.url = null\n\tsecurity.protocol = PLAINTEXT\n\tsecurity.providers = null\n\tsend.buffer.bytes = 131072\n\tsession.timeout.ms = 45000\n\tsocket.connection.setup.timeout.max.ms = 30000\n\tsocket.connection.setup.timeout.ms = 10000\n\tssl.cipher.suites = null\n\tssl.enabled.protocols = [TLSv1.2, TLSv1.3]\n\tssl.endpoint.identification.algorithm = https\n\tssl.engine.factory.class = null\n\tssl.key.password = null\n\tssl.keymanager.algorithm = SunX509\n\tssl.keystore.certificate.chain = null\n\tssl.keystore.key = null\n\tssl.keystore.location = null\n\tssl.keystore.password = null\n\tssl.keystore.type = JKS\n\tssl.protocol = TLSv1.3\n\tssl.provider = null\n\tssl.secure.random.implementation = null\n\tssl.trustmanager.algorithm = PKIX\n\tssl.truststore.certificates = null\n\tssl.truststore.location = null\n\tssl.truststore.password = null\n\tssl.truststore.type = JKS\n\tvalue.deserializer = class org.apache.kafka.common.serialization.StringDeserializer\n","logger_name":"org.apache.kafka.clients.consumer.ConsumerConfig","thread_name":"main","level":"INFO","level_value":20000,"springAppName":"notification-service","app_name":"notification-service"}
{"@timestamp":"2026-08-25T14:42:38.041498+05:30","@version":"1","message":"initializing Kafka metrics collector","logger_name":"org.apache.kafka.common.telemetry.internals.KafkaMetricsCollector","thread_name":"main","level":"INFO","level_value":20000,"springAppName":"notification-service","app_name":"notification-service"}
{"@timestamp":"2026-08-25T14:42:38.047333+05:30","@version":"1","message":"Kafka version: 3.7.0","logger_name":"org.apache.kafka.common.utils.AppInfoParser","thread_name":"main","level":"INFO","level_value":20000,"springAppName":"notification-service","app_name":"notification-service"}
{"@timestamp":"2026-08-25T14:42:38.047898+05:30","@version":"1","message":"Kafka commitId: 2ae524ed625438c5","logger_name":"org.apache.kafka.common.utils.AppInfoParser","thread_name":"main","level":"INFO","level_value":20000,"springAppName":"notification-service","app_name":"notification-service"}
{"@timestamp":"2026-08-25T14:42:38.048008+05:30","@version":"1","message":"Kafka startTimeMs: 1787649158047","logger_name":"org.apache.kafka.common.utils.AppInfoParser","thread_name":"main","level":"INFO","level_value":20000,"springAppName":"notification-service","app_name":"notification-service"}
{"@timestamp":"2026-08-25T14:42:38.058276+05:30","@version":"1","message":"[Consumer clientId=consumer-notification-service-group-adnotificationlistener-retry-2000-9, groupId=notification-service-group-adnotificationlistener-retry-2000] Subscribed to topic(s): ad-events-retry-2000","logger_name":"org.apache.kafka.clients.consumer.internals.LegacyKafkaConsumer","thread_name":"main","level":"INFO","level_value":20000,"springAppName":"notification-service","app_name":"notification-service"}
{"@timestamp":"2026-08-25T14:42:38.06439+05:30","@version":"1","message":"ConsumerConfig values: \n\tallow.auto.create.topics = true\n\tauto.commit.interval.ms = 5000\n\tauto.include.jmx.reporter = true\n\tauto.offset.reset = latest\n\tbootstrap.servers = [localhost:9092]\n\tcheck.crcs = true\n\tclient.dns.lookup = use_all_dns_ips\n\tclient.id = consumer-notification-service-group-notificationeventconsumer-10\n\tclient.rack = \n\tconnections.max.idle.ms = 540000\n\tdefault.api.timeout.ms = 60000\n\tenable.auto.commit = false\n\tenable.metrics.push = true\n\texclude.internal.topics = true\n\tfetch.max.bytes = 52428800\n\tfetch.max.wait.ms = 500\n\tfetch.min.bytes = 1\n\tgroup.id = notification-service-group-notificationeventconsumer\n\tgroup.instance.id = null\n\tgroup.protocol = classic\n\tgroup.remote.assignor = null\n\theartbeat.interval.ms = 3000\n\tinterceptor.classes = []\n\tinternal.leave.group.on.close = true\n\tinternal.throw.on.fetch.stable.offset.unsupported = false\n\tisolation.level = read_uncommitted\n\tkey.deserializer = class org.apache.kafka.common.serialization.StringDeserializer\n\tmax.partition.fetch.bytes = 1048576\n\tmax.poll.interval.ms = 300000\n\tmax.poll.records = 500\n\tmetadata.max.age.ms = 300000\n\tmetric.reporters = []\n\tmetrics.num.samples = 2\n\tmetrics.recording.level = INFO\n\tmetrics.sample.window.ms = 30000\n\tpartition.assignment.strategy = [class org.apache.kafka.clients.consumer.RangeAssignor, class org.apache.kafka.clients.consumer.CooperativeStickyAssignor]\n\treceive.buffer.bytes = 65536\n\treconnect.backoff.max.ms = 1000\n\treconnect.backoff.ms = 50\n\trequest.timeout.ms = 30000\n\tretry.backoff.max.ms = 1000\n\tretry.backoff.ms = 100\n\tsasl.client.callback.handler.class = null\n\tsasl.jaas.config = null\n\tsasl.kerberos.kinit.cmd = /usr/bin/kinit\n\tsasl.kerberos.min.time.before.relogin = 60000\n\tsasl.kerberos.service.name = null\n\tsasl.kerberos.ticket.renew.jitter = 0.05\n\tsasl.kerberos.ticket.renew.window.factor = 0.8\n\tsasl.login.callback.handler.class = null\n\tsasl.login.class = null\n\tsasl.login.connect.timeout.ms = null\n\tsasl.login.read.timeout.ms = null\n\tsasl.login.refresh.buffer.seconds = 300\n\tsasl.login.refresh.min.period.seconds = 60\n\tsasl.login.refresh.window.factor = 0.8\n\tsasl.login.refresh.window.jitter = 0.05\n\tsasl.login.retry.backoff.max.ms = 10000\n\tsasl.login.retry.backoff.ms = 100\n\tsasl.mechanism = GSSAPI\n\tsasl.oauthbearer.clock.skew.seconds = 30\n\tsasl.oauthbearer.expected.audience = null\n\tsasl.oauthbearer.expected.issuer = null\n\tsasl.oauthbearer.jwks.endpoint.refresh.ms = 3600000\n\tsasl.oauthbearer.jwks.endpoint.retry.backoff.max.ms = 10000\n\tsasl.oauthbearer.jwks.endpoint.retry.backoff.ms = 100\n\tsasl.oauthbearer.jwks.endpoint.url = null\n\tsasl.oauthbearer.scope.claim.name = scope\n\tsasl.oauthbearer.sub.claim.name = sub\n\tsasl.oauthbearer.token.endpoint.url = null\n\tsecurity.protocol = PLAINTEXT\n\tsecurity.providers = null\n\tsend.buffer.bytes = 131072\n\tsession.timeout.ms = 45000\n\tsocket.connection.setup.timeout.max.ms = 30000\n\tsocket.connection.setup.timeout.ms = 10000\n\tssl.cipher.suites = null\n\tssl.enabled.protocols = [TLSv1.2, TLSv1.3]\n\tssl.endpoint.identification.algorithm = https\n\tssl.engine.factory.class = null\n\tssl.key.password = null\n\tssl.keymanager.algorithm = SunX509\n\tssl.keystore.certificate.chain = null\n\tssl.keystore.key = null\n\tssl.keystore.location = null\n\tssl.keystore.password = null\n\tssl.keystore.type = JKS\n\tssl.protocol = TLSv1.3\n\tssl.provider = null\n\tssl.secure.random.implementation = null\n\tssl.trustmanager.algorithm = PKIX\n\tssl.truststore.certificates = null\n\tssl.truststore.location = null\n\tssl.truststore.password = null\n\tssl.truststore.type = JKS\n\tvalue.deserializer = class org.apache.kafka.common.serialization.StringDeserializer\n","logger_name":"org.apache.kafka.clients.consumer.ConsumerConfig","thread_name":"main","level":"INFO","level_value":20000,"springAppName":"notification-service","app_name":"notification-service"}
{"@timestamp":"2026-08-25T14:42:38.065835+05:30","@version":"1","message":"initializing Kafka metrics collector","logger_name":"org.apache.kafka.common.telemetry.internals.KafkaMetricsCollector","thread_name":"main","level":"INFO","level_value":20000,"springAppName":"notification-service","app_name":"notification-service"}
{"@timestamp":"2026-08-25T14:42:38.072353+05:30","@version":"1","message":"Kafka version: 3.7.0","logger_name":"org.apache.kafka.common.utils.AppInfoParser","thread_name":"main","level":"INFO","level_value":20000,"springAppName":"notification-service","app_name":"notification-service"}
{"@timestamp":"2026-08-25T14:42:38.07277+05:30","@version":"1","message":"Kafka commitId: 2ae524ed625438c5","logger_name":"org.apache.kafka.common.utils.AppInfoParser","thread_name":"main","level":"INFO","level_value":20000,"springAppName":"notification-service","app_name":"notification-service"}
{"@timestamp":"2026-08-25T14:42:38.072905+05:30","@version":"1","message":"Kafka startTimeMs: 1787649158072","logger_name":"org.apache.kafka.common.utils.AppInfoParser","thread_name":"main","level":"INFO","level_value":20000,"springAppName":"notification-service","app_name":"notification-service"}
{"@timestamp":"2026-08-25T14:42:38.08077+05:30","@version":"1","message":"[Consumer clientId=consumer-notification-service-group-notificationeventconsumer-10, groupId=notification-service-group-notificationeventconsumer] Subscribed to topic(s): platform.notifications.dispatch","logger_name":"org.apache.kafka.clients.consumer.internals.LegacyKafkaConsumer","thread_name":"main","level":"INFO","level_value":20000,"springAppName":"notification-service","app_name":"notification-service"}
{"@timestamp":"2026-08-25T14:42:38.088101+05:30","@version":"1","message":"ConsumerConfig values: \n\tallow.auto.create.topics = true\n\tauto.commit.interval.ms = 5000\n\tauto.include.jmx.reporter = true\n\tauto.offset.reset = latest\n\tbootstrap.servers = [localhost:9092]\n\tcheck.crcs = true\n\tclient.dns.lookup = use_all_dns_ips\n\tclient.id = consumer-notification-service-group-adnotificationlistener-11\n\tclient.rack = \n\tconnections.max.idle.ms = 540000\n\tdefault.api.timeout.ms = 60000\n\tenable.auto.commit = false\n\tenable.metrics.push = true\n\texclude.internal.topics = true\n\tfetch.max.bytes = 52428800\n\tfetch.max.wait.ms = 500\n\tfetch.min.bytes = 1\n\tgroup.id = notification-service-group-adnotificationlistener\n\tgroup.instance.id = null\n\tgroup.protocol = classic\n\tgroup.remote.assignor = null\n\theartbeat.interval.ms = 3000\n\tinterceptor.classes = []\n\tinternal.leave.group.on.close = true\n\tinternal.throw.on.fetch.stable.offset.unsupported = false\n\tisolation.level = read_uncommitted\n\tkey.deserializer = class org.apache.kafka.common.serialization.StringDeserializer\n\tmax.partition.fetch.bytes = 1048576\n\tmax.poll.interval.ms = 300000\n\tmax.poll.records = 500\n\tmetadata.max.age.ms = 300000\n\tmetric.reporters = []\n\tmetrics.num.samples = 2\n\tmetrics.recording.level = INFO\n\tmetrics.sample.window.ms = 30000\n\tpartition.assignment.strategy = [class org.apache.kafka.clients.consumer.RangeAssignor, class org.apache.kafka.clients.consumer.CooperativeStickyAssignor]\n\treceive.buffer.bytes = 65536\n\treconnect.backoff.max.ms = 1000\n\treconnect.backoff.ms = 50\n\trequest.timeout.ms = 30000\n\tretry.backoff.max.ms = 1000\n\tretry.backoff.ms = 100\n\tsasl.client.callback.handler.class = null\n\tsasl.jaas.config = null\n\tsasl.kerberos.kinit.cmd = /usr/bin/kinit\n\tsasl.kerberos.min.time.before.relogin = 60000\n\tsasl.kerberos.service.name = null\n\tsasl.kerberos.ticket.renew.jitter = 0.05\n\tsasl.kerberos.ticket.renew.window.factor = 0.8\n\tsasl.login.callback.handler.class = null\n\tsasl.login.class = null\n\tsasl.login.connect.timeout.ms = null\n\tsasl.login.read.timeout.ms = null\n\tsasl.login.refresh.buffer.seconds = 300\n\tsasl.login.refresh.min.period.seconds = 60\n\tsasl.login.refresh.window.factor = 0.8\n\tsasl.login.refresh.window.jitter = 0.05\n\tsasl.login.retry.backoff.max.ms = 10000\n\tsasl.login.retry.backoff.ms = 100\n\tsasl.mechanism = GSSAPI\n\tsasl.oauthbearer.clock.skew.seconds = 30\n\tsasl.oauthbearer.expected.audience = null\n\tsasl.oauthbearer.expected.issuer = null\n\tsasl.oauthbearer.jwks.endpoint.refresh.ms = 3600000\n\tsasl.oauthbearer.jwks.endpoint.retry.backoff.max.ms = 10000\n\tsasl.oauthbearer.jwks.endpoint.retry.backoff.ms = 100\n\tsasl.oauthbearer.jwks.endpoint.url = null\n\tsasl.oauthbearer.scope.claim.name = scope\n\tsasl.oauthbearer.sub.claim.name = sub\n\tsasl.oauthbearer.token.endpoint.url = null\n\tsecurity.protocol = PLAINTEXT\n\tsecurity.providers = null\n\tsend.buffer.bytes = 131072\n\tsession.timeout.ms = 45000\n\tsocket.connection.setup.timeout.max.ms = 30000\n\tsocket.connection.setup.timeout.ms = 10000\n\tssl.cipher.suites = null\n\tssl.enabled.protocols = [TLSv1.2, TLSv1.3]\n\tssl.endpoint.identification.algorithm = https\n\tssl.engine.factory.class = null\n\tssl.key.password = null\n\tssl.keymanager.algorithm = SunX509\n\tssl.keystore.certificate.chain = null\n\tssl.keystore.key = null\n\tssl.keystore.location = null\n\tssl.keystore.password = null\n\tssl.keystore.type = JKS\n\tssl.protocol = TLSv1.3\n\tssl.provider = null\n\tssl.secure.random.implementation = null\n\tssl.trustmanager.algorithm = PKIX\n\tssl.truststore.certificates = null\n\tssl.truststore.location = null\n\tssl.truststore.password = null\n\tssl.truststore.type = JKS\n\tvalue.deserializer = class org.apache.kafka.common.serialization.StringDeserializer\n","logger_name":"org.apache.kafka.clients.consumer.ConsumerConfig","thread_name":"main","level":"INFO","level_value":20000,"springAppName":"notification-service","app_name":"notification-service"}
{"@timestamp":"2026-08-25T14:42:38.089428+05:30","@version":"1","message":"initializing Kafka metrics collector","logger_name":"org.apache.kafka.common.telemetry.internals.KafkaMetricsCollector","thread_name":"main","level":"INFO","level_value":20000,"springAppName":"notification-service","app_name":"notification-service"}
{"@timestamp":"2026-08-25T14:42:38.09554+05:30","@version":"1","message":"Kafka version: 3.7.0","logger_name":"org.apache.kafka.common.utils.AppInfoParser","thread_name":"main","level":"INFO","level_value":20000,"springAppName":"notification-service","app_name":"notification-service"}
{"@timestamp":"2026-08-25T14:42:38.09585+05:30","@version":"1","message":"Kafka commitId: 2ae524ed625438c5","logger_name":"org.apache.kafka.common.utils.AppInfoParser","thread_name":"main","level":"INFO","level_value":20000,"springAppName":"notification-service","app_name":"notification-service"}
{"@timestamp":"2026-08-25T14:42:38.095925+05:30","@version":"1","message":"Kafka startTimeMs: 1787649158095","logger_name":"org.apache.kafka.common.utils.AppInfoParser","thread_name":"main","level":"INFO","level_value":20000,"springAppName":"notification-service","app_name":"notification-service"}
{"@timestamp":"2026-08-25T14:42:38.106378+05:30","@version":"1","message":"[Consumer clientId=consumer-notification-service-group-adnotificationlistener-11, groupId=notification-service-group-adnotificationlistener] Subscribed to topic(s): ad-events","logger_name":"org.apache.kafka.clients.consumer.internals.LegacyKafkaConsumer","thread_name":"main","level":"INFO","level_value":20000,"springAppName":"notification-service","app_name":"notification-service"}
{"@timestamp":"2026-08-25T14:42:38.225043+05:30","@version":"1","message":"Started OpenApiGenerationTest in 52.98 seconds (process running for 53.792)","logger_name":"com.fooddelivery.notification.OpenApiGenerationTest","thread_name":"main","level":"INFO","level_value":20000,"springAppName":"notification-service","app_name":"notification-service"}
{"@timestamp":"2026-08-25T14:42:38.484914+05:30","@version":"1","message":"[Consumer clientId=consumer-notification-service-group-notificationeventconsumer-retry-2000-2, groupId=notification-service-group-notificationeventconsumer-retry-2000] Node -1 disconnected.","logger_name":"org.apache.kafka.clients.NetworkClient","thread_name":"org.springframework.kafka.KafkaListenerEndpointContainer#0-retry-2000-0-C-1","level":"INFO","level_value":20000,"springAppName":"notification-service","app_name":"notification-service"}
{"@timestamp":"2026-08-25T14:42:38.48572+05:30","@version":"1","message":"[Consumer clientId=consumer-notification-service-group-notificationeventconsumer-retry-2000-2, groupId=notification-service-group-notificationeventconsumer-retry-2000] Connection to node -1 (localhost/127.0.0.1:9092) could not be established. Node may not be available.","logger_name":"org.apache.kafka.clients.NetworkClient","thread_name":"org.springframework.kafka.KafkaListenerEndpointContainer#0-retry-2000-0-C-1","level":"WARN","level_value":30000,"springAppName":"notification-service","app_name":"notification-service"}
{"@timestamp":"2026-08-25T14:42:38.486024+05:30","@version":"1","message":"[Consumer clientId=consumer-notification-service-group-notificationeventconsumer-retry-2000-2, groupId=notification-service-group-notificationeventconsumer-retry-2000] Bootstrap broker localhost:9092 (id: -1 rack: null) disconnected","logger_name":"org.apache.kafka.clients.NetworkClient","thread_name":"org.springframework.kafka.KafkaListenerEndpointContainer#0-retry-2000-0-C-1","level":"WARN","level_value":30000,"springAppName":"notification-service","app_name":"notification-service"}
{"@timestamp":"2026-08-25T14:42:38.485015+05:30","@version":"1","message":"[Consumer clientId=consumer-notification-service-group-notificationeventconsumer-dlt-3, groupId=notification-service-group-notificationeventconsumer-dlt] Node -1 disconnected.","logger_name":"org.apache.kafka.clients.NetworkClient","thread_name":"org.springframework.kafka.KafkaListenerEndpointContainer#0-dlt-0-C-1","level":"INFO","level_value":20000,"springAppName":"notification-service","app_name":"notification-service"}
{"@timestamp":"2026-08-25T14:42:38.487402+05:30","@version":"1","message":"[Consumer clientId=consumer-notification-service-group-notificationeventconsumer-dlt-3, groupId=notification-service-group-notificationeventconsumer-dlt] Connection to node -1 (localhost/127.0.0.1:9092) could not be established. Node may not be available.","logger_name":"org.apache.kafka.clients.NetworkClient","thread_name":"org.springframework.kafka.KafkaListenerEndpointContainer#0-dlt-0-C-1","level":"WARN","level_value":30000,"springAppName":"notification-service","app_name":"notification-service"}
{"@timestamp":"2026-08-25T14:42:38.487657+05:30","@version":"1","message":"[Consumer clientId=consumer-notification-service-group-notificationeventconsumer-dlt-3, groupId=notification-service-group-notificationeventconsumer-dlt] Bootstrap broker localhost:9092 (id: -1 rack: null) disconnected","logger_name":"org.apache.kafka.clients.NetworkClient","thread_name":"org.springframework.kafka.KafkaListenerEndpointContainer#0-dlt-0-C-1","level":"WARN","level_value":30000,"springAppName":"notification-service","app_name":"notification-service"}
{"@timestamp":"2026-08-25T14:42:38.488324+05:30","@version":"1","message":"[Consumer clientId=consumer-notification-service-group-notificationeventconsumer-retry-8000-4, groupId=notification-service-group-notificationeventconsumer-retry-8000] Node -1 disconnected.","logger_name":"org.apache.kafka.clients.NetworkClient","thread_name":"org.springframework.kafka.KafkaListenerEndpointContainer#0-retry-8000-0-C-1","level":"INFO","level_value":20000,"springAppName":"notification-service","app_name":"notification-service"}
{"@timestamp":"2026-08-25T14:42:38.489056+05:30","@version":"1","message":"[Consumer clientId=consumer-notification-service-group-notificationeventconsumer-retry-8000-4, groupId=notification-service-group-notificationeventconsumer-retry-8000] Connection to node -1 (localhost/127.0.0.1:9092) could not be established. Node may not be available.","logger_name":"org.apache.kafka.clients.NetworkClient","thread_name":"org.springframework.kafka.KafkaListenerEndpointContainer#0-retry-8000-0-C-1","level":"WARN","level_value":30000,"springAppName":"notification-service","app_name":"notification-service"}
{"@timestamp":"2026-08-25T14:42:38.489281+05:30","@version":"1","message":"[Consumer clientId=consumer-notification-service-group-notificationeventconsumer-retry-8000-4, groupId=notification-service-group-notificationeventconsumer-retry-8000] Bootstrap broker localhost:9092 (id: -1 rack: null) disconnected","logger_name":"org.apache.kafka.clients.NetworkClient","thread_name":"org.springframework.kafka.KafkaListenerEndpointContainer#0-retry-8000-0-C-1","level":"WARN","level_value":30000,"springAppName":"notification-service","app_name":"notification-service"}
{"@timestamp":"2026-08-25T14:42:38.489509+05:30","@version":"1","message":"[Consumer clientId=consumer-notification-service-group-adnotificationlistener-retry-2000-9, groupId=notification-service-group-adnotificationlistener-retry-2000] Node -1 disconnected.","logger_name":"org.apache.kafka.clients.NetworkClient","thread_name":"org.springframework.kafka.KafkaListenerEndpointContainer#1-retry-2000-0-C-1","level":"INFO","level_value":20000,"springAppName":"notification-service","app_name":"notification-service"}
{"@timestamp":"2026-08-25T14:42:38.489761+05:30","@version":"1","message":"[Consumer clientId=consumer-notification-service-group-adnotificationlistener-retry-2000-9, groupId=notification-service-group-adnotificationlistener-retry-2000] Connection to node -1 (localhost/127.0.0.1:9092) could not be established. Node may not be available.","logger_name":"org.apache.kafka.clients.NetworkClient","thread_name":"org.springframework.kafka.KafkaListenerEndpointContainer#1-retry-2000-0-C-1","level":"WARN","level_value":30000,"springAppName":"notification-service","app_name":"notification-service"}
{"@timestamp":"2026-08-25T14:42:38.489859+05:30","@version":"1","message":"[Consumer clientId=consumer-notification-service-group-adnotificationlistener-retry-2000-9, groupId=notification-service-group-adnotificationlistener-retry-2000] Bootstrap broker localhost:9092 (id: -1 rack: null) disconnected","logger_name":"org.apache.kafka.clients.NetworkClient","thread_name":"org.springframework.kafka.KafkaListenerEndpointContainer#1-retry-2000-0-C-1","level":"WARN","level_value":30000,"springAppName":"notification-service","app_name":"notification-service"}
{"@timestamp":"2026-08-25T14:42:38.486175+05:30","@version":"1","message":"[Consumer clientId=consumer-notification-service-group-adnotificationlistener-retry-1000-5, groupId=notification-service-group-adnotificationlistener-retry-1000] Node -1 disconnected.","logger_name":"org.apache.kafka.clients.NetworkClient","thread_name":"org.springframework.kafka.KafkaListenerEndpointContainer#1-retry-1000-0-C-1","level":"INFO","level_value":20000,"springAppName":"notification-service","app_name":"notification-service"}
{"@timestamp":"2026-08-25T14:42:38.498059+05:30","@version":"1","message":"[Consumer clientId=consumer-notification-service-group-adnotificationlistener-retry-1000-5, groupId=notification-service-group-adnotificationlistener-retry-1000] Connection to node -1 (localhost/127.0.0.1:9092) could not be established. Node may not be available.","logger_name":"org.apache.kafka.clients.NetworkClient","thread_name":"org.springframework.kafka.KafkaListenerEndpointContainer#1-retry-1000-0-C-1","level":"WARN","level_value":30000,"springAppName":"notification-service","app_name":"notification-service"}
{"@timestamp":"2026-08-25T14:42:38.497788+05:30","@version":"1","message":"[Consumer clientId=consumer-notification-service-group-notificationeventconsumer-retry-4000-8, groupId=notification-service-group-notificationeventconsumer-retry-4000] Node -1 disconnected.","logger_name":"org.apache.kafka.clients.NetworkClient","thread_name":"org.springframework.kafka.KafkaListenerEndpointContainer#0-retry-4000-0-C-1","level":"INFO","level_value":20000,"springAppName":"notification-service","app_name":"notification-service"}
{"@timestamp":"2026-08-25T14:42:38.498491+05:30","@version":"1","message":"[Consumer clientId=consumer-notification-service-group-notificationeventconsumer-retry-4000-8, groupId=notification-service-group-notificationeventconsumer-retry-4000] Connection to node -1 (localhost/127.0.0.1:9092) could not be established. Node may not be available.","logger_name":"org.apache.kafka.clients.NetworkClient","thread_name":"org.springframework.kafka.KafkaListenerEndpointContainer#0-retry-4000-0-C-1","level":"WARN","level_value":30000,"springAppName":"notification-service","app_name":"notification-service"}
{"@timestamp":"2026-08-25T14:42:38.499906+05:30","@version":"1","message":"[Consumer clientId=consumer-notification-service-group-notificationeventconsumer-retry-4000-8, groupId=notification-service-group-notificationeventconsumer-retry-4000] Bootstrap broker localhost:9092 (id: -1 rack: null) disconnected","logger_name":"org.apache.kafka.clients.NetworkClient","thread_name":"org.springframework.kafka.KafkaListenerEndpointContainer#0-retry-4000-0-C-1","level":"WARN","level_value":30000,"springAppName":"notification-service","app_name":"notification-service"}
{"@timestamp":"2026-08-25T14:42:38.498322+05:30","@version":"1","message":"[Consumer clientId=consumer-notification-service-group-adnotificationlistener-retry-1000-5, groupId=notification-service-group-adnotificationlistener-retry-1000] Bootstrap broker localhost:9092 (id: -1 rack: null) disconnected","logger_name":"org.apache.kafka.clients.NetworkClient","thread_name":"org.springframework.kafka.KafkaListenerEndpointContainer#1-retry-1000-0-C-1","level":"WARN","level_value":30000,"springAppName":"notification-service","app_name":"notification-service"}
{"@timestamp":"2026-08-25T14:42:38.508396+05:30","@version":"1","message":"[Consumer clientId=consumer-notification-service-group-adnotificationlistener-dlt-7, groupId=notification-service-group-adnotificationlistener-dlt] Node -1 disconnected.","logger_name":"org.apache.kafka.clients.NetworkClient","thread_name":"org.springframework.kafka.KafkaListenerEndpointContainer#1-dlt-0-C-1","level":"INFO","level_value":20000,"springAppName":"notification-service","app_name":"notification-service"}
{"@timestamp":"2026-08-25T14:42:38.509151+05:30","@version":"1","message":"[Consumer clientId=consumer-notification-service-group-adnotificationlistener-dlt-7, groupId=notification-service-group-adnotificationlistener-dlt] Connection to node -1 (localhost/127.0.0.1:9092) could not be established. Node may not be available.","logger_name":"org.apache.kafka.clients.NetworkClient","thread_name":"org.springframework.kafka.KafkaListenerEndpointContainer#1-dlt-0-C-1","level":"WARN","level_value":30000,"springAppName":"notification-service","app_name":"notification-service"}
{"@timestamp":"2026-08-25T14:42:38.509371+05:30","@version":"1","message":"[Consumer clientId=consumer-notification-service-group-adnotificationlistener-dlt-7, groupId=notification-service-group-adnotificationlistener-dlt] Bootstrap broker localhost:9092 (id: -1 rack: null) disconnected","logger_name":"org.apache.kafka.clients.NetworkClient","thread_name":"org.springframework.kafka.KafkaListenerEndpointContainer#1-dlt-0-C-1","level":"WARN","level_value":30000,"springAppName":"notification-service","app_name":"notification-service"}
{"@timestamp":"2026-08-25T14:42:38.511174+05:30","@version":"1","message":"[Consumer clientId=consumer-notification-service-group-adnotificationlistener-11, groupId=notification-service-group-adnotificationlistener] Node -1 disconnected.","logger_name":"org.apache.kafka.clients.NetworkClient","thread_name":"org.springframework.kafka.KafkaListenerEndpointContainer#1-0-C-1","level":"INFO","level_value":20000,"springAppName":"notification-service","app_name":"notification-service"}
{"@timestamp":"2026-08-25T14:42:38.512078+05:30","@version":"1","message":"[Consumer clientId=consumer-notification-service-group-adnotificationlistener-11, groupId=notification-service-group-adnotificationlistener] Connection to node -1 (localhost/127.0.0.1:9092) could not be established. Node may not be available.","logger_name":"org.apache.kafka.clients.NetworkClient","thread_name":"org.springframework.kafka.KafkaListenerEndpointContainer#1-0-C-1","level":"WARN","level_value":30000,"springAppName":"notification-service","app_name":"notification-service"}
{"@timestamp":"2026-08-25T14:42:38.512249+05:30","@version":"1","message":"[Consumer clientId=consumer-notification-service-group-adnotificationlistener-11, groupId=notification-service-group-adnotificationlistener] Bootstrap broker localhost:9092 (id: -1 rack: null) disconnected","logger_name":"org.apache.kafka.clients.NetworkClient","thread_name":"org.springframework.kafka.KafkaListenerEndpointContainer#1-0-C-1","level":"WARN","level_value":30000,"springAppName":"notification-service","app_name":"notification-service"}
{"@timestamp":"2026-08-25T14:42:38.518091+05:30","@version":"1","message":"[Consumer clientId=consumer-notification-service-group-adnotificationlistener-retry-4000-6, groupId=notification-service-group-adnotificationlistener-retry-4000] Node -1 disconnected.","logger_name":"org.apache.kafka.clients.NetworkClient","thread_name":"org.springframework.kafka.KafkaListenerEndpointContainer#1-retry-4000-0-C-1","level":"INFO","level_value":20000,"springAppName":"notification-service","app_name":"notification-service"}
{"@timestamp":"2026-08-25T14:42:38.518585+05:30","@version":"1","message":"[Consumer clientId=consumer-notification-service-group-adnotificationlistener-retry-4000-6, groupId=notification-service-group-adnotificationlistener-retry-4000] Connection to node -1 (localhost/127.0.0.1:9092) could not be established. Node may not be available.","logger_name":"org.apache.kafka.clients.NetworkClient","thread_name":"org.springframework.kafka.KafkaListenerEndpointContainer#1-retry-4000-0-C-1","level":"WARN","level_value":30000,"springAppName":"notification-service","app_name":"notification-service"}
{"@timestamp":"2026-08-25T14:42:38.518869+05:30","@version":"1","message":"[Consumer clientId=consumer-notification-service-group-adnotificationlistener-retry-4000-6, groupId=notification-service-group-adnotificationlistener-retry-4000] Bootstrap broker localhost:9092 (id: -1 rack: null) disconnected","logger_name":"org.apache.kafka.clients.NetworkClient","thread_name":"org.springframework.kafka.KafkaListenerEndpointContainer#1-retry-4000-0-C-1","level":"WARN","level_value":30000,"springAppName":"notification-service","app_name":"notification-service"}
{"@timestamp":"2026-08-25T14:42:38.521286+05:30","@version":"1","message":"[Consumer clientId=consumer-notification-service-group-adnotificationlistener-retry-8000-1, groupId=notification-service-group-adnotificationlistener-retry-8000] Node -1 disconnected.","logger_name":"org.apache.kafka.clients.NetworkClient","thread_name":"org.springframework.kafka.KafkaListenerEndpointContainer#1-retry-8000-0-C-1","level":"INFO","level_value":20000,"springAppName":"notification-service","app_name":"notification-service"}
{"@timestamp":"2026-08-25T14:42:38.521688+05:30","@version":"1","message":"[Consumer clientId=consumer-notification-service-group-adnotificationlistener-retry-8000-1, groupId=notification-service-group-adnotificationlistener-retry-8000] Connection to node -1 (localhost/127.0.0.1:9092) could not be established. Node may not be available.","logger_name":"org.apache.kafka.clients.NetworkClient","thread_name":"org.springframework.kafka.KafkaListenerEndpointContainer#1-retry-8000-0-C-1","level":"WARN","level_value":30000,"springAppName":"notification-service","app_name":"notification-service"}
{"@timestamp":"2026-08-25T14:42:38.521617+05:30","@version":"1","message":"[Consumer clientId=consumer-notification-service-group-notificationeventconsumer-10, groupId=notification-service-group-notificationeventconsumer] Node -1 disconnected.","logger_name":"org.apache.kafka.clients.NetworkClient","thread_name":"org.springframework.kafka.KafkaListenerEndpointContainer#0-0-C-1","level":"INFO","level_value":20000,"springAppName":"notification-service","app_name":"notification-service"}
{"@timestamp":"2026-08-25T14:42:38.521844+05:30","@version":"1","message":"[Consumer clientId=consumer-notification-service-group-adnotificationlistener-retry-8000-1, groupId=notification-service-group-adnotificationlistener-retry-8000] Bootstrap broker localhost:9092 (id: -1 rack: null) disconnected","logger_name":"org.apache.kafka.clients.NetworkClient","thread_name":"org.springframework.kafka.KafkaListenerEndpointContainer#1-retry-8000-0-C-1","level":"WARN","level_value":30000,"springAppName":"notification-service","app_name":"notification-service"}
{"@timestamp":"2026-08-25T14:42:38.521879+05:30","@version":"1","message":"[Consumer clientId=consumer-notification-service-group-notificationeventconsumer-10, groupId=notification-service-group-notificationeventconsumer] Connection to node -1 (localhost/127.0.0.1:9092) could not be established. Node may not be available.","logger_name":"org.apache.kafka.clients.NetworkClient","thread_name":"org.springframework.kafka.KafkaListenerEndpointContainer#0-0-C-1","level":"WARN","level_value":30000,"springAppName":"notification-service","app_name":"notification-service"}
{"@timestamp":"2026-08-25T14:42:38.522196+05:30","@version":"1","message":"[Consumer clientId=consumer-notification-service-group-notificationeventconsumer-10, groupId=notification-service-group-notificationeventconsumer] Bootstrap broker localhost:9092 (id: -1 rack: null) disconnected","logger_name":"org.apache.kafka.clients.NetworkClient","thread_name":"org.springframework.kafka.KafkaListenerEndpointContainer#0-0-C-1","level":"WARN","level_value":30000,"springAppName":"notification-service","app_name":"notification-service"}
{"@timestamp":"2026-08-25T14:42:38.587761+05:30","@version":"1","message":"[Consumer clientId=consumer-notification-service-group-adnotificationlistener-retry-2000-9, groupId=notification-service-group-adnotificationlistener-retry-2000] Node -1 disconnected.","logger_name":"org.apache.kafka.clients.NetworkClient","thread_name":"org.springframework.kafka.KafkaListenerEndpointContainer#1-retry-2000-0-C-1","level":"INFO","level_value":20000,"springAppName":"notification-service","app_name":"notification-service"}
{"@timestamp":"2026-08-25T14:42:38.588294+05:30","@version":"1","message":"[Consumer clientId=consumer-notification-service-group-notificationeventconsumer-dlt-3, groupId=notification-service-group-notificationeventconsumer-dlt] Node -1 disconnected.","logger_name":"org.apache.kafka.clients.NetworkClient","thread_name":"org.springframework.kafka.KafkaListenerEndpointContainer#0-dlt-0-C-1","level":"INFO","level_value":20000,"springAppName":"notification-service","app_name":"notification-service"}
{"@timestamp":"2026-08-25T14:42:38.588416+05:30","@version":"1","message":"[Consumer clientId=consumer-notification-service-group-adnotificationlistener-retry-2000-9, groupId=notification-service-group-adnotificationlistener-retry-2000] Connection to node -1 (localhost/127.0.0.1:9092) could not be established. Node may not be available.","logger_name":"org.apache.kafka.clients.NetworkClient","thread_name":"org.springframework.kafka.KafkaListenerEndpointContainer#1-retry-2000-0-C-1","level":"WARN","level_value":30000,"springAppName":"notification-service","app_name":"notification-service"}
{"@timestamp":"2026-08-25T14:42:38.588575+05:30","@version":"1","message":"[Consumer clientId=consumer-notification-service-group-adnotificationlistener-retry-2000-9, groupId=notification-service-group-adnotificationlistener-retry-2000] Bootstrap broker localhost:9092 (id: -1 rack: null) disconnected","logger_name":"org.apache.kafka.clients.NetworkClient","thread_name":"org.springframework.kafka.KafkaListenerEndpointContainer#1-retry-2000-0-C-1","level":"WARN","level_value":30000,"springAppName":"notification-service","app_name":"notification-service"}
{"@timestamp":"2026-08-25T14:42:38.588468+05:30","@version":"1","message":"[Consumer clientId=consumer-notification-service-group-notificationeventconsumer-dlt-3, groupId=notification-service-group-notificationeventconsumer-dlt] Connection to node -1 (localhost/127.0.0.1:9092) could not be established. Node may not be available.","logger_name":"org.apache.kafka.clients.NetworkClient","thread_name":"org.springframework.kafka.KafkaListenerEndpointContainer#0-dlt-0-C-1","level":"WARN","level_value":30000,"springAppName":"notification-service","app_name":"notification-service"}
{"@timestamp":"2026-08-25T14:42:38.589205+05:30","@version":"1","message":"[Consumer clientId=consumer-notification-service-group-notificationeventconsumer-dlt-3, groupId=notification-service-group-notificationeventconsumer-dlt] Bootstrap broker localhost:9092 (id: -1 rack: null) disconnected","logger_name":"org.apache.kafka.clients.NetworkClient","thread_name":"org.springframework.kafka.KafkaListenerEndpointContainer#0-dlt-0-C-1","level":"WARN","level_value":30000,"springAppName":"notification-service","app_name":"notification-service"}
{"@timestamp":"2026-08-25T14:42:38.590193+05:30","@version":"1","message":"[Consumer clientId=consumer-notification-service-group-notificationeventconsumer-retry-4000-8, groupId=notification-service-group-notificationeventconsumer-retry-4000] Node -1 disconnected.","logger_name":"org.apache.kafka.clients.NetworkClient","thread_name":"org.springframework.kafka.KafkaListenerEndpointContainer#0-retry-4000-0-C-1","level":"INFO","level_value":20000,"springAppName":"notification-service","app_name":"notification-service"}
{"@timestamp":"2026-08-25T14:42:38.59071+05:30","@version":"1","message":"[Consumer clientId=consumer-notification-service-group-notificationeventconsumer-retry-2000-2, groupId=notification-service-group-notificationeventconsumer-retry-2000] Node -1 disconnected.","logger_name":"org.apache.kafka.clients.NetworkClient","thread_name":"org.springframework.kafka.KafkaListenerEndpointContainer#0-retry-2000-0-C-1","level":"INFO","level_value":20000,"springAppName":"notification-service","app_name":"notification-service"}
{"@timestamp":"2026-08-25T14:42:38.590508+05:30","@version":"1","message":"[Consumer clientId=consumer-notification-service-group-notificationeventconsumer-retry-4000-8, groupId=notification-service-group-notificationeventconsumer-retry-4000] Connection to node -1 (localhost/127.0.0.1:9092) could not be established. Node may not be available.","logger_name":"org.apache.kafka.clients.NetworkClient","thread_name":"org.springframework.kafka.KafkaListenerEndpointContainer#0-retry-4000-0-C-1","level":"WARN","level_value":30000,"springAppName":"notification-service","app_name":"notification-service"}
{"@timestamp":"2026-08-25T14:42:38.591254+05:30","@version":"1","message":"[Consumer clientId=consumer-notification-service-group-notificationeventconsumer-retry-4000-8, groupId=notification-service-group-notificationeventconsumer-retry-4000] Bootstrap broker localhost:9092 (id: -1 rack: null) disconnected","logger_name":"org.apache.kafka.clients.NetworkClient","thread_name":"org.springframework.kafka.KafkaListenerEndpointContainer#0-retry-4000-0-C-1","level":"WARN","level_value":30000,"springAppName":"notification-service","app_name":"notification-service"}
{"@timestamp":"2026-08-25T14:42:38.592167+05:30","@version":"1","message":"[Consumer clientId=consumer-notification-service-group-adnotificationlistener-retry-1000-5, groupId=notification-service-group-adnotificationlistener-retry-1000] Node -1 disconnected.","logger_name":"org.apache.kafka.clients.NetworkClient","thread_name":"org.springframework.kafka.KafkaListenerEndpointContainer#1-retry-1000-0-C-1","level":"INFO","level_value":20000,"springAppName":"notification-service","app_name":"notification-service"}
{"@timestamp":"2026-08-25T14:42:38.592493+05:30","@version":"1","message":"[Consumer clientId=consumer-notification-service-group-adnotificationlistener-retry-1000-5, groupId=notification-service-group-adnotificationlistener-retry-1000] Connection to node -1 (localhost/127.0.0.1:9092) could not be established. Node may not be available.","logger_name":"org.apache.kafka.clients.NetworkClient","thread_name":"org.springframework.kafka.KafkaListenerEndpointContainer#1-retry-1000-0-C-1","level":"WARN","level_value":30000,"springAppName":"notification-service","app_name":"notification-service"}
{"@timestamp":"2026-08-25T14:42:38.592685+05:30","@version":"1","message":"[Consumer clientId=consumer-notification-service-group-adnotificationlistener-retry-1000-5, groupId=notification-service-group-adnotificationlistener-retry-1000] Bootstrap broker localhost:9092 (id: -1 rack: null) disconnected","logger_name":"org.apache.kafka.clients.NetworkClient","thread_name":"org.springframework.kafka.KafkaListenerEndpointContainer#1-retry-1000-0-C-1","level":"WARN","level_value":30000,"springAppName":"notification-service","app_name":"notification-service"}
{"@timestamp":"2026-08-25T14:42:38.592913+05:30","@version":"1","message":"[Consumer clientId=consumer-notification-service-group-notificationeventconsumer-retry-8000-4, groupId=notification-service-group-notificationeventconsumer-retry-8000] Node -1 disconnected.","logger_name":"org.apache.kafka.clients.NetworkClient","thread_name":"org.springframework.kafka.KafkaListenerEndpointContainer#0-retry-8000-0-C-1","level":"INFO","level_value":20000,"springAppName":"notification-service","app_name":"notification-service"}
{"@timestamp":"2026-08-25T14:42:38.590971+05:30","@version":"1","message":"[Consumer clientId=consumer-notification-service-group-notificationeventconsumer-retry-2000-2, groupId=notification-service-group-notificationeventconsumer-retry-2000] Connection to node -1 (localhost/127.0.0.1:9092) could not be established. Node may not be available.","logger_name":"org.apache.kafka.clients.NetworkClient","thread_name":"org.springframework.kafka.KafkaListenerEndpointContainer#0-retry-2000-0-C-1","level":"WARN","level_value":30000,"springAppName":"notification-service","app_name":"notification-service"}
{"@timestamp":"2026-08-25T14:42:38.593047+05:30","@version":"1","message":"[Consumer clientId=consumer-notification-service-group-notificationeventconsumer-retry-8000-4, groupId=notification-service-group-notificationeventconsumer-retry-8000] Connection to node -1 (localhost/127.0.0.1:9092) could not be established. Node may not be available.","logger_name":"org.apache.kafka.clients.NetworkClient","thread_name":"org.springframework.kafka.KafkaListenerEndpointContainer#0-retry-8000-0-C-1","level":"WARN","level_value":30000,"springAppName":"notification-service","app_name":"notification-service"}
{"@timestamp":"2026-08-25T14:42:38.593134+05:30","@version":"1","message":"[Consumer clientId=consumer-notification-service-group-notificationeventconsumer-retry-8000-4, groupId=notification-service-group-notificationeventconsumer-retry-8000] Bootstrap broker localhost:9092 (id: -1 rack: null) disconnected","logger_name":"org.apache.kafka.clients.NetworkClient","thread_name":"org.springframework.kafka.KafkaListenerEndpointContainer#0-retry-8000-0-C-1","level":"WARN","level_value":30000,"springAppName":"notification-service","app_name":"notification-service"}
{"@timestamp":"2026-08-25T14:42:38.593048+05:30","@version":"1","message":"[Consumer clientId=consumer-notification-service-group-notificationeventconsumer-retry-2000-2, groupId=notification-service-group-notificationeventconsumer-retry-2000] Bootstrap broker localhost:9092 (id: -1 rack: null) disconnected","logger_name":"org.apache.kafka.clients.NetworkClient","thread_name":"org.springframework.kafka.KafkaListenerEndpointContainer#0-retry-2000-0-C-1","level":"WARN","level_value":30000,"springAppName":"notification-service","app_name":"notification-service"}
{"@timestamp":"2026-08-25T14:42:38.601956+05:30","@version":"1","message":"[Consumer clientId=consumer-notification-service-group-adnotificationlistener-dlt-7, groupId=notification-service-group-adnotificationlistener-dlt] Node -1 disconnected.","logger_name":"org.apache.kafka.clients.NetworkClient","thread_name":"org.springframework.kafka.KafkaListenerEndpointContainer#1-dlt-0-C-1","level":"INFO","level_value":20000,"springAppName":"notification-service","app_name":"notification-service"}
{"@timestamp":"2026-08-25T14:42:38.602927+05:30","@version":"1","message":"[Consumer clientId=consumer-notification-service-group-adnotificationlistener-dlt-7, groupId=notification-service-group-adnotificationlistener-dlt] Connection to node -1 (localhost/127.0.0.1:9092) could not be established. Node may not be available.","logger_name":"org.apache.kafka.clients.NetworkClient","thread_name":"org.springframework.kafka.KafkaListenerEndpointContainer#1-dlt-0-C-1","level":"WARN","level_value":30000,"springAppName":"notification-service","app_name":"notification-service"}
{"@timestamp":"2026-08-25T14:42:38.603205+05:30","@version":"1","message":"[Consumer clientId=consumer-notification-service-group-adnotificationlistener-dlt-7, groupId=notification-service-group-adnotificationlistener-dlt] Bootstrap broker localhost:9092 (id: -1 rack: null) disconnected","logger_name":"org.apache.kafka.clients.NetworkClient","thread_name":"org.springframework.kafka.KafkaListenerEndpointContainer#1-dlt-0-C-1","level":"WARN","level_value":30000,"springAppName":"notification-service","app_name":"notification-service"}
{"@timestamp":"2026-08-25T14:42:38.604471+05:30","@version":"1","message":"[Consumer clientId=consumer-notification-service-group-adnotificationlistener-11, groupId=notification-service-group-adnotificationlistener] Node -1 disconnected.","logger_name":"org.apache.kafka.clients.NetworkClient","thread_name":"org.springframework.kafka.KafkaListenerEndpointContainer#1-0-C-1","level":"INFO","level_value":20000,"springAppName":"notification-service","app_name":"notification-service"}
{"@timestamp":"2026-08-25T14:42:38.604851+05:30","@version":"1","message":"[Consumer clientId=consumer-notification-service-group-adnotificationlistener-11, groupId=notification-service-group-adnotificationlistener] Connection to node -1 (localhost/127.0.0.1:9092) could not be established. Node may not be available.","logger_name":"org.apache.kafka.clients.NetworkClient","thread_name":"org.springframework.kafka.KafkaListenerEndpointContainer#1-0-C-1","level":"WARN","level_value":30000,"springAppName":"notification-service","app_name":"notification-service"}
{"@timestamp":"2026-08-25T14:42:38.604992+05:30","@version":"1","message":"[Consumer clientId=consumer-notification-service-group-adnotificationlistener-11, groupId=notification-service-group-adnotificationlistener] Bootstrap broker localhost:9092 (id: -1 rack: null) disconnected","logger_name":"org.apache.kafka.clients.NetworkClient","thread_name":"org.springframework.kafka.KafkaListenerEndpointContainer#1-0-C-1","level":"WARN","level_value":30000,"springAppName":"notification-service","app_name":"notification-service"}
{"@timestamp":"2026-08-25T14:42:38.636868+05:30","@version":"1","message":"[Consumer clientId=consumer-notification-service-group-notificationeventconsumer-10, groupId=notification-service-group-notificationeventconsumer] Node -1 disconnected.","logger_name":"org.apache.kafka.clients.NetworkClient","thread_name":"org.springframework.kafka.KafkaListenerEndpointContainer#0-0-C-1","level":"INFO","level_value":20000,"springAppName":"notification-service","app_name":"notification-service"}
{"@timestamp":"2026-08-25T14:42:38.637099+05:30","@version":"1","message":"[Consumer clientId=consumer-notification-service-group-adnotificationlistener-retry-8000-1, groupId=notification-service-group-adnotificationlistener-retry-8000] Node -1 disconnected.","logger_name":"org.apache.kafka.clients.NetworkClient","thread_name":"org.springframework.kafka.KafkaListenerEndpointContainer#1-retry-8000-0-C-1","level":"INFO","level_value":20000,"springAppName":"notification-service","app_name":"notification-service"}
{"@timestamp":"2026-08-25T14:42:38.637437+05:30","@version":"1","message":"[Consumer clientId=consumer-notification-service-group-notificationeventconsumer-10, groupId=notification-service-group-notificationeventconsumer] Connection to node -1 (localhost/127.0.0.1:9092) could not be established. Node may not be available.","logger_name":"org.apache.kafka.clients.NetworkClient","thread_name":"org.springframework.kafka.KafkaListenerEndpointContainer#0-0-C-1","level":"WARN","level_value":30000,"springAppName":"notification-service","app_name":"notification-service"}
{"@timestamp":"2026-08-25T14:42:38.637608+05:30","@version":"1","message":"[Consumer clientId=consumer-notification-service-group-adnotificationlistener-retry-8000-1, groupId=notification-service-group-adnotificationlistener-retry-8000] Connection to node -1 (localhost/127.0.0.1:9092) could not be established. Node may not be available.","logger_name":"org.apache.kafka.clients.NetworkClient","thread_name":"org.springframework.kafka.KafkaListenerEndpointContainer#1-retry-8000-0-C-1","level":"WARN","level_value":30000,"springAppName":"notification-service","app_name":"notification-service"}
{"@timestamp":"2026-08-25T14:42:38.637762+05:30","@version":"1","message":"[Consumer clientId=consumer-notification-service-group-adnotificationlistener-retry-8000-1, groupId=notification-service-group-adnotificationlistener-retry-8000] Bootstrap broker localhost:9092 (id: -1 rack: null) disconnected","logger_name":"org.apache.kafka.clients.NetworkClient","thread_name":"org.springframework.kafka.KafkaListenerEndpointContainer#1-retry-8000-0-C-1","level":"WARN","level_value":30000,"springAppName":"notification-service","app_name":"notification-service"}
{"@timestamp":"2026-08-25T14:42:38.637662+05:30","@version":"1","message":"[Consumer clientId=consumer-notification-service-group-notificationeventconsumer-10, groupId=notification-service-group-notificationeventconsumer] Bootstrap broker localhost:9092 (id: -1 rack: null) disconnected","logger_name":"org.apache.kafka.clients.NetworkClient","thread_name":"org.springframework.kafka.KafkaListenerEndpointContainer#0-0-C-1","level":"WARN","level_value":30000,"springAppName":"notification-service","app_name":"notification-service"}
{"@timestamp":"2026-08-25T14:42:38.641988+05:30","@version":"1","message":"[Consumer clientId=consumer-notification-service-group-adnotificationlistener-retry-4000-6, groupId=notification-service-group-adnotificationlistener-retry-4000] Node -1 disconnected.","logger_name":"org.apache.kafka.clients.NetworkClient","thread_name":"org.springframework.kafka.KafkaListenerEndpointContainer#1-retry-4000-0-C-1","level":"INFO","level_value":20000,"springAppName":"notification-service","app_name":"notification-service"}
{"@timestamp":"2026-08-25T14:42:38.642255+05:30","@version":"1","message":"[Consumer clientId=consumer-notification-service-group-adnotificationlistener-retry-4000-6, groupId=notification-service-group-adnotificationlistener-retry-4000] Connection to node -1 (localhost/127.0.0.1:9092) could not be established. Node may not be available.","logger_name":"org.apache.kafka.clients.NetworkClient","thread_name":"org.springframework.kafka.KafkaListenerEndpointContainer#1-retry-4000-0-C-1","level":"WARN","level_value":30000,"springAppName":"notification-service","app_name":"notification-service"}
{"@timestamp":"2026-08-25T14:42:38.642388+05:30","@version":"1","message":"[Consumer clientId=consumer-notification-service-group-adnotificationlistener-retry-4000-6, groupId=notification-service-group-adnotificationlistener-retry-4000] Bootstrap broker localhost:9092 (id: -1 rack: null) disconnected","logger_name":"org.apache.kafka.clients.NetworkClient","thread_name":"org.springframework.kafka.KafkaListenerEndpointContainer#1-retry-4000-0-C-1","level":"WARN","level_value":30000,"springAppName":"notification-service","app_name":"notification-service"}
{"@timestamp":"2026-08-25T14:42:38.661902+05:30","@version":"1","message":"SecurityContextFilter [GET /v3/api-docs] - Headers: X-User-Id=null, X-User-Roles=null","logger_name":"com.fooddelivery.common.security.SecurityContextFilter","thread_name":"main","level":"INFO","level_value":20000,"springAppName":"notification-service","traceId":"783f17f8ce60ff8de2e0c0b784a22c86","spanId":"20bca4a5540a9e87","app_name":"notification-service"}
{"@timestamp":"2026-08-25T14:42:38.6625+05:30","@version":"1","message":"SecurityContextFilter - Missing headers! Proceeding unauthenticated.","logger_name":"com.fooddelivery.common.security.SecurityContextFilter","thread_name":"main","level":"WARN","level_value":30000,"springAppName":"notification-service","traceId":"783f17f8ce60ff8de2e0c0b784a22c86","spanId":"20bca4a5540a9e87","app_name":"notification-service"}
{"@timestamp":"2026-08-25T14:42:38.692238+05:30","@version":"1","message":"[Consumer clientId=consumer-notification-service-group-notificationeventconsumer-dlt-3, groupId=notification-service-group-notificationeventconsumer-dlt] Node -1 disconnected.","logger_name":"org.apache.kafka.clients.NetworkClient","thread_name":"org.springframework.kafka.KafkaListenerEndpointContainer#0-dlt-0-C-1","level":"INFO","level_value":20000,"springAppName":"notification-service","app_name":"notification-service"}
{"@timestamp":"2026-08-25T14:42:38.692682+05:30","@version":"1","message":"[Consumer clientId=consumer-notification-service-group-notificationeventconsumer-dlt-3, groupId=notification-service-group-notificationeventconsumer-dlt] Connection to node -1 (localhost/127.0.0.1:9092) could not be established. Node may not be available.","logger_name":"org.apache.kafka.clients.NetworkClient","thread_name":"org.springframework.kafka.KafkaListenerEndpointContainer#0-dlt-0-C-1","level":"WARN","level_value":30000,"springAppName":"notification-service","app_name":"notification-service"}
{"@timestamp":"2026-08-25T14:42:38.692833+05:30","@version":"1","message":"[Consumer clientId=consumer-notification-service-group-notificationeventconsumer-dlt-3, groupId=notification-service-group-notificationeventconsumer-dlt] Bootstrap broker localhost:9092 (id: -1 rack: null) disconnected","logger_name":"org.apache.kafka.clients.NetworkClient","thread_name":"org.springframework.kafka.KafkaListenerEndpointContainer#0-dlt-0-C-1","level":"WARN","level_value":30000,"springAppName":"notification-service","app_name":"notification-service"}
{"@timestamp":"2026-08-25T14:42:38.695486+05:30","@version":"1","message":"[Consumer clientId=consumer-notification-service-group-notificationeventconsumer-retry-4000-8, groupId=notification-service-group-notificationeventconsumer-retry-4000] Node -1 disconnected.","logger_name":"org.apache.kafka.clients.NetworkClient","thread_name":"org.springframework.kafka.KafkaListenerEndpointContainer#0-retry-4000-0-C-1","level":"INFO","level_value":20000,"springAppName":"notification-service","app_name":"notification-service"}
{"@timestamp":"2026-08-25T14:42:38.695857+05:30","@version":"1","message":"[Consumer clientId=consumer-notification-service-group-notificationeventconsumer-retry-4000-8, groupId=notification-service-group-notificationeventconsumer-retry-4000] Connection to node -1 (localhost/127.0.0.1:9092) could not be established. Node may not be available.","logger_name":"org.apache.kafka.clients.NetworkClient","thread_name":"org.springframework.kafka.KafkaListenerEndpointContainer#0-retry-4000-0-C-1","level":"WARN","level_value":30000,"springAppName":"notification-service","app_name":"notification-service"}
{"@timestamp":"2026-08-25T14:42:38.695945+05:30","@version":"1","message":"[Consumer clientId=consumer-notification-service-group-notificationeventconsumer-retry-4000-8, groupId=notification-service-group-notificationeventconsumer-retry-4000] Bootstrap broker localhost:9092 (id: -1 rack: null) disconnected","logger_name":"org.apache.kafka.clients.NetworkClient","thread_name":"org.springframework.kafka.KafkaListenerEndpointContainer#0-retry-4000-0-C-1","level":"WARN","level_value":30000,"springAppName":"notification-service","app_name":"notification-service"}
{"@timestamp":"2026-08-25T14:42:38.696107+05:30","@version":"1","message":"[Consumer clientId=consumer-notification-service-group-adnotificationlistener-retry-1000-5, groupId=notification-service-group-adnotificationlistener-retry-1000] Node -1 disconnected.","logger_name":"org.apache.kafka.clients.NetworkClient","thread_name":"org.springframework.kafka.KafkaListenerEndpointContainer#1-retry-1000-0-C-1","level":"INFO","level_value":20000,"springAppName":"notification-service","app_name":"notification-service"}
{"@timestamp":"2026-08-25T14:42:38.696262+05:30","@version":"1","message":"[Consumer clientId=consumer-notification-service-group-adnotificationlistener-retry-1000-5, groupId=notification-service-group-adnotificationlistener-retry-1000] Connection to node -1 (localhost/127.0.0.1:9092) could not be established. Node may not be available.","logger_name":"org.apache.kafka.clients.NetworkClient","thread_name":"org.springframework.kafka.KafkaListenerEndpointContainer#1-retry-1000-0-C-1","level":"WARN","level_value":30000,"springAppName":"notification-service","app_name":"notification-service"}
{"@timestamp":"2026-08-25T14:42:38.696411+05:30","@version":"1","message":"[Consumer clientId=consumer-notification-service-group-adnotificationlistener-retry-1000-5, groupId=notification-service-group-adnotificationlistener-retry-1000] Bootstrap broker localhost:9092 (id: -1 rack: null) disconnected","logger_name":"org.apache.kafka.clients.NetworkClient","thread_name":"org.springframework.kafka.KafkaListenerEndpointContainer#1-retry-1000-0-C-1","level":"WARN","level_value":30000,"springAppName":"notification-service","app_name":"notification-service"}
{"@timestamp":"2026-08-25T14:42:38.708644+05:30","@version":"1","message":"[Consumer clientId=consumer-notification-service-group-adnotificationlistener-11, groupId=notification-service-group-adnotificationlistener] Node -1 disconnected.","logger_name":"org.apache.kafka.clients.NetworkClient","thread_name":"org.springframework.kafka.KafkaListenerEndpointContainer#1-0-C-1","level":"INFO","level_value":20000,"springAppName":"notification-service","app_name":"notification-service"}
{"@timestamp":"2026-08-25T14:42:38.708935+05:30","@version":"1","message":"[Consumer clientId=consumer-notification-service-group-adnotificationlistener-11, groupId=notification-service-group-adnotificationlistener] Connection to node -1 (localhost/127.0.0.1:9092) could not be established. Node may not be available.","logger_name":"org.apache.kafka.clients.NetworkClient","thread_name":"org.springframework.kafka.KafkaListenerEndpointContainer#1-0-C-1","level":"WARN","level_value":30000,"springAppName":"notification-service","app_name":"notification-service"}
{"@timestamp":"2026-08-25T14:42:38.70919+05:30","@version":"1","message":"[Consumer clientId=consumer-notification-service-group-adnotificationlistener-11, groupId=notification-service-group-adnotificationlistener] Bootstrap broker localhost:9092 (id: -1 rack: null) disconnected","logger_name":"org.apache.kafka.clients.NetworkClient","thread_name":"org.springframework.kafka.KafkaListenerEndpointContainer#1-0-C-1","level":"WARN","level_value":30000,"springAppName":"notification-service","app_name":"notification-service"}
{"@timestamp":"2026-08-25T14:42:38.741312+05:30","@version":"1","message":"[Consumer clientId=consumer-notification-service-group-adnotificationlistener-retry-8000-1, groupId=notification-service-group-adnotificationlistener-retry-8000] Node -1 disconnected.","logger_name":"org.apache.kafka.clients.NetworkClient","thread_name":"org.springframework.kafka.KafkaListenerEndpointContainer#1-retry-8000-0-C-1","level":"INFO","level_value":20000,"springAppName":"notification-service","app_name":"notification-service"}
{"@timestamp":"2026-08-25T14:42:38.741751+05:30","@version":"1","message":"[Consumer clientId=consumer-notification-service-group-adnotificationlistener-retry-8000-1, groupId=notification-service-group-adnotificationlistener-retry-8000] Connection to node -1 (localhost/127.0.0.1:9092) could not be established. Node may not be available.","logger_name":"org.apache.kafka.clients.NetworkClient","thread_name":"org.springframework.kafka.KafkaListenerEndpointContainer#1-retry-8000-0-C-1","level":"WARN","level_value":30000,"springAppName":"notification-service","app_name":"notification-service"}
{"@timestamp":"2026-08-25T14:42:38.74187+05:30","@version":"1","message":"[Consumer clientId=consumer-notification-service-group-adnotificationlistener-retry-8000-1, groupId=notification-service-group-adnotificationlistener-retry-8000] Bootstrap broker localhost:9092 (id: -1 rack: null) disconnected","logger_name":"org.apache.kafka.clients.NetworkClient","thread_name":"org.springframework.kafka.KafkaListenerEndpointContainer#1-retry-8000-0-C-1","level":"WARN","level_value":30000,"springAppName":"notification-service","app_name":"notification-service"}
{"@timestamp":"2026-08-25T14:42:38.743719+05:30","@version":"1","message":"[Consumer clientId=consumer-notification-service-group-adnotificationlistener-retry-2000-9, groupId=notification-service-group-adnotificationlistener-retry-2000] Node -1 disconnected.","logger_name":"org.apache.kafka.clients.NetworkClient","thread_name":"org.springframework.kafka.KafkaListenerEndpointContainer#1-retry-2000-0-C-1","level":"INFO","level_value":20000,"springAppName":"notification-service","app_name":"notification-service"}
{"@timestamp":"2026-08-25T14:42:38.744759+05:30","@version":"1","message":"[Consumer clientId=consumer-notification-service-group-adnotificationlistener-retry-2000-9, groupId=notification-service-group-adnotificationlistener-retry-2000] Connection to node -1 (localhost/127.0.0.1:9092) could not be established. Node may not be available.","logger_name":"org.apache.kafka.clients.NetworkClient","thread_name":"org.springframework.kafka.KafkaListenerEndpointContainer#1-retry-2000-0-C-1","level":"WARN","level_value":30000,"springAppName":"notification-service","app_name":"notification-service"}
{"@timestamp":"2026-08-25T14:42:38.74588+05:30","@version":"1","message":"[Consumer clientId=consumer-notification-service-group-adnotificationlistener-retry-2000-9, groupId=notification-service-group-adnotificationlistener-retry-2000] Bootstrap broker localhost:9092 (id: -1 rack: null) disconnected","logger_name":"org.apache.kafka.clients.NetworkClient","thread_name":"org.springframework.kafka.KafkaListenerEndpointContainer#1-retry-2000-0-C-1","level":"WARN","level_value":30000,"springAppName":"notification-service","app_name":"notification-service"}
{"@timestamp":"2026-08-25T14:42:38.746423+05:30","@version":"1","message":"[Consumer clientId=consumer-notification-service-group-adnotificationlistener-retry-4000-6, groupId=notification-service-group-adnotificationlistener-retry-4000] Node -1 disconnected.","logger_name":"org.apache.kafka.clients.NetworkClient","thread_name":"org.springframework.kafka.KafkaListenerEndpointContainer#1-retry-4000-0-C-1","level":"INFO","level_value":20000,"springAppName":"notification-service","app_name":"notification-service"}
{"@timestamp":"2026-08-25T14:42:38.7466+05:30","@version":"1","message":"[Consumer clientId=consumer-notification-service-group-adnotificationlistener-retry-4000-6, groupId=notification-service-group-adnotificationlistener-retry-4000] Connection to node -1 (localhost/127.0.0.1:9092) could not be established. Node may not be available.","logger_name":"org.apache.kafka.clients.NetworkClient","thread_name":"org.springframework.kafka.KafkaListenerEndpointContainer#1-retry-4000-0-C-1","level":"WARN","level_value":30000,"springAppName":"notification-service","app_name":"notification-service"}
{"@timestamp":"2026-08-25T14:42:38.746668+05:30","@version":"1","message":"[Consumer clientId=consumer-notification-service-group-adnotificationlistener-retry-4000-6, groupId=notification-service-group-adnotificationlistener-retry-4000] Bootstrap broker localhost:9092 (id: -1 rack: null) disconnected","logger_name":"org.apache.kafka.clients.NetworkClient","thread_name":"org.springframework.kafka.KafkaListenerEndpointContainer#1-retry-4000-0-C-1","level":"WARN","level_value":30000,"springAppName":"notification-service","app_name":"notification-service"}
{"@timestamp":"2026-08-25T14:42:38.747175+05:30","@version":"1","message":"[Consumer clientId=consumer-notification-service-group-notificationeventconsumer-retry-8000-4, groupId=notification-service-group-notificationeventconsumer-retry-8000] Node -1 disconnected.","logger_name":"org.apache.kafka.clients.NetworkClient","thread_name":"org.springframework.kafka.KafkaListenerEndpointContainer#0-retry-8000-0-C-1","level":"INFO","level_value":20000,"springAppName":"notification-service","app_name":"notification-service"}
{"@timestamp":"2026-08-25T14:42:38.747335+05:30","@version":"1","message":"[Consumer clientId=consumer-notification-service-group-notificationeventconsumer-retry-8000-4, groupId=notification-service-group-notificationeventconsumer-retry-8000] Connection to node -1 (localhost/127.0.0.1:9092) could not be established. Node may not be available.","logger_name":"org.apache.kafka.clients.NetworkClient","thread_name":"org.springframework.kafka.KafkaListenerEndpointContainer#0-retry-8000-0-C-1","level":"WARN","level_value":30000,"springAppName":"notification-service","app_name":"notification-service"}
{"@timestamp":"2026-08-25T14:42:38.747425+05:30","@version":"1","message":"[Consumer clientId=consumer-notification-service-group-notificationeventconsumer-retry-8000-4, groupId=notification-service-group-notificationeventconsumer-retry-8000] Bootstrap broker localhost:9092 (id: -1 rack: null) disconnected","logger_name":"org.apache.kafka.clients.NetworkClient","thread_name":"org.springframework.kafka.KafkaListenerEndpointContainer#0-retry-8000-0-C-1","level":"WARN","level_value":30000,"springAppName":"notification-service","app_name":"notification-service"}
{"@timestamp":"2026-08-25T14:42:38.75433+05:30","@version":"1","message":"[Consumer clientId=consumer-notification-service-group-notificationeventconsumer-retry-2000-2, groupId=notification-service-group-notificationeventconsumer-retry-2000] Node -1 disconnected.","logger_name":"org.apache.kafka.clients.NetworkClient","thread_name":"org.springframework.kafka.KafkaListenerEndpointContainer#0-retry-2000-0-C-1","level":"INFO","level_value":20000,"springAppName":"notification-service","app_name":"notification-service"}
{"@timestamp":"2026-08-25T14:42:38.754823+05:30","@version":"1","message":"[Consumer clientId=consumer-notification-service-group-notificationeventconsumer-retry-2000-2, groupId=notification-service-group-notificationeventconsumer-retry-2000] Connection to node -1 (localhost/127.0.0.1:9092) could not be established. Node may not be available.","logger_name":"org.apache.kafka.clients.NetworkClient","thread_name":"org.springframework.kafka.KafkaListenerEndpointContainer#0-retry-2000-0-C-1","level":"WARN","level_value":30000,"springAppName":"notification-service","app_name":"notification-service"}
{"@timestamp":"2026-08-25T14:42:38.75506+05:30","@version":"1","message":"[Consumer clientId=consumer-notification-service-group-notificationeventconsumer-retry-2000-2, groupId=notification-service-group-notificationeventconsumer-retry-2000] Bootstrap broker localhost:9092 (id: -1 rack: null) disconnected","logger_name":"org.apache.kafka.clients.NetworkClient","thread_name":"org.springframework.kafka.KafkaListenerEndpointContainer#0-retry-2000-0-C-1","level":"WARN","level_value":30000,"springAppName":"notification-service","app_name":"notification-service"}
{"@timestamp":"2026-08-25T14:42:38.763627+05:30","@version":"1","message":"[Consumer clientId=consumer-notification-service-group-adnotificationlistener-dlt-7, groupId=notification-service-group-adnotificationlistener-dlt] Node -1 disconnected.","logger_name":"org.apache.kafka.clients.NetworkClient","thread_name":"org.springframework.kafka.KafkaListenerEndpointContainer#1-dlt-0-C-1","level":"INFO","level_value":20000,"springAppName":"notification-service","app_name":"notification-service"}
{"@timestamp":"2026-08-25T14:42:38.764073+05:30","@version":"1","message":"[Consumer clientId=consumer-notification-service-group-adnotificationlistener-dlt-7, groupId=notification-service-group-adnotificationlistener-dlt] Connection to node -1 (localhost/127.0.0.1:9092) could not be established. Node may not be available.","logger_name":"org.apache.kafka.clients.NetworkClient","thread_name":"org.springframework.kafka.KafkaListenerEndpointContainer#1-dlt-0-C-1","level":"WARN","level_value":30000,"springAppName":"notification-service","app_name":"notification-service"}
{"@timestamp":"2026-08-25T14:42:38.764265+05:30","@version":"1","message":"[Consumer clientId=consumer-notification-service-group-adnotificationlistener-dlt-7, groupId=notification-service-group-adnotificationlistener-dlt] Bootstrap broker localhost:9092 (id: -1 rack: null) disconnected","logger_name":"org.apache.kafka.clients.NetworkClient","thread_name":"org.springframework.kafka.KafkaListenerEndpointContainer#1-dlt-0-C-1","level":"WARN","level_value":30000,"springAppName":"notification-service","app_name":"notification-service"}
{"@timestamp":"2026-08-25T14:42:38.795173+05:30","@version":"1","message":"[Consumer clientId=consumer-notification-service-group-notificationeventconsumer-10, groupId=notification-service-group-notificationeventconsumer] Node -1 disconnected.","logger_name":"org.apache.kafka.clients.NetworkClient","thread_name":"org.springframework.kafka.KafkaListenerEndpointContainer#0-0-C-1","level":"INFO","level_value":20000,"springAppName":"notification-service","app_name":"notification-service"}
{"@timestamp":"2026-08-25T14:42:38.795669+05:30","@version":"1","message":"[Consumer clientId=consumer-notification-service-group-notificationeventconsumer-10, groupId=notification-service-group-notificationeventconsumer] Connection to node -1 (localhost/127.0.0.1:9092) could not be established. Node may not be available.","logger_name":"org.apache.kafka.clients.NetworkClient","thread_name":"org.springframework.kafka.KafkaListenerEndpointContainer#0-0-C-1","level":"WARN","level_value":30000,"springAppName":"notification-service","app_name":"notification-service"}
{"@timestamp":"2026-08-25T14:42:38.804668+05:30","@version":"1","message":"[Consumer clientId=consumer-notification-service-group-notificationeventconsumer-10, groupId=notification-service-group-notificationeventconsumer] Bootstrap broker localhost:9092 (id: -1 rack: null) disconnected","logger_name":"org.apache.kafka.clients.NetworkClient","thread_name":"org.springframework.kafka.KafkaListenerEndpointContainer#0-0-C-1","level":"WARN","level_value":30000,"springAppName":"notification-service","app_name":"notification-service"}
{"@timestamp":"2026-08-25T14:42:38.897+05:30","@version":"1","message":"[Consumer clientId=consumer-notification-service-group-adnotificationlistener-retry-1000-5, groupId=notification-service-group-adnotificationlistener-retry-1000] Node -1 disconnected.","logger_name":"org.apache.kafka.clients.NetworkClient","thread_name":"org.springframework.kafka.KafkaListenerEndpointContainer#1-retry-1000-0-C-1","level":"INFO","level_value":20000,"springAppName":"notification-service","app_name":"notification-service"}
{"@timestamp":"2026-08-25T14:42:38.899121+05:30","@version":"1","message":"[Consumer clientId=consumer-notification-service-group-adnotificationlistener-retry-1000-5, groupId=notification-service-group-adnotificationlistener-retry-1000] Connection to node -1 (localhost/127.0.0.1:9092) could not be established. Node may not be available.","logger_name":"org.apache.kafka.clients.NetworkClient","thread_name":"org.springframework.kafka.KafkaListenerEndpointContainer#1-retry-1000-0-C-1","level":"WARN","level_value":30000,"springAppName":"notification-service","app_name":"notification-service"}
{"@timestamp":"2026-08-25T14:42:38.899454+05:30","@version":"1","message":"[Consumer clientId=consumer-notification-service-group-adnotificationlistener-retry-1000-5, groupId=notification-service-group-adnotificationlistener-retry-1000] Bootstrap broker localhost:9092 (id: -1 rack: null) disconnected","logger_name":"org.apache.kafka.clients.NetworkClient","thread_name":"org.springframework.kafka.KafkaListenerEndpointContainer#1-retry-1000-0-C-1","level":"WARN","level_value":30000,"springAppName":"notification-service","app_name":"notification-service"}
{"@timestamp":"2026-08-25T14:42:38.906135+05:30","@version":"1","message":"[Consumer clientId=consumer-notification-service-group-notificationeventconsumer-retry-4000-8, groupId=notification-service-group-notificationeventconsumer-retry-4000] Node -1 disconnected.","logger_name":"org.apache.kafka.clients.NetworkClient","thread_name":"org.springframework.kafka.KafkaListenerEndpointContainer#0-retry-4000-0-C-1","level":"INFO","level_value":20000,"springAppName":"notification-service","app_name":"notification-service"}
{"@timestamp":"2026-08-25T14:42:38.906615+05:30","@version":"1","message":"[Consumer clientId=consumer-notification-service-group-notificationeventconsumer-retry-4000-8, groupId=notification-service-group-notificationeventconsumer-retry-4000] Connection to node -1 (localhost/127.0.0.1:9092) could not be established. Node may not be available.","logger_name":"org.apache.kafka.clients.NetworkClient","thread_name":"org.springframework.kafka.KafkaListenerEndpointContainer#0-retry-4000-0-C-1","level":"WARN","level_value":30000,"springAppName":"notification-service","app_name":"notification-service"}
{"@timestamp":"2026-08-25T14:42:38.906762+05:30","@version":"1","message":"[Consumer clientId=consumer-notification-service-group-notificationeventconsumer-retry-4000-8, groupId=notification-service-group-notificationeventconsumer-retry-4000] Bootstrap broker localhost:9092 (id: -1 rack: null) disconnected","logger_name":"org.apache.kafka.clients.NetworkClient","thread_name":"org.springframework.kafka.KafkaListenerEndpointContainer#0-retry-4000-0-C-1","level":"WARN","level_value":30000,"springAppName":"notification-service","app_name":"notification-service"}
{"@timestamp":"2026-08-25T14:42:38.940986+05:30","@version":"1","message":"[Consumer clientId=consumer-notification-service-group-adnotificationlistener-11, groupId=notification-service-group-adnotificationlistener] Node -1 disconnected.","logger_name":"org.apache.kafka.clients.NetworkClient","thread_name":"org.springframework.kafka.KafkaListenerEndpointContainer#1-0-C-1","level":"INFO","level_value":20000,"springAppName":"notification-service","app_name":"notification-service"}
{"@timestamp":"2026-08-25T14:42:38.941341+05:30","@version":"1","message":"[Consumer clientId=consumer-notification-service-group-adnotificationlistener-11, groupId=notification-service-group-adnotificationlistener] Connection to node -1 (localhost/127.0.0.1:9092) could not be established. Node may not be available.","logger_name":"org.apache.kafka.clients.NetworkClient","thread_name":"org.springframework.kafka.KafkaListenerEndpointContainer#1-0-C-1","level":"WARN","level_value":30000,"springAppName":"notification-service","app_name":"notification-service"}
{"@timestamp":"2026-08-25T14:42:38.941435+05:30","@version":"1","message":"[Consumer clientId=consumer-notification-service-group-adnotificationlistener-11, groupId=notification-service-group-adnotificationlistener] Bootstrap broker localhost:9092 (id: -1 rack: null) disconnected","logger_name":"org.apache.kafka.clients.NetworkClient","thread_name":"org.springframework.kafka.KafkaListenerEndpointContainer#1-0-C-1","level":"WARN","level_value":30000,"springAppName":"notification-service","app_name":"notification-service"}
{"@timestamp":"2026-08-25T14:42:38.945782+05:30","@version":"1","message":"[Consumer clientId=consumer-notification-service-group-notificationeventconsumer-dlt-3, groupId=notification-service-group-notificationeventconsumer-dlt] Node -1 disconnected.","logger_name":"org.apache.kafka.clients.NetworkClient","thread_name":"org.springframework.kafka.KafkaListenerEndpointContainer#0-dlt-0-C-1","level":"INFO","level_value":20000,"springAppName":"notification-service","app_name":"notification-service"}
{"@timestamp":"2026-08-25T14:42:38.946486+05:30","@version":"1","message":"[Consumer clientId=consumer-notification-service-group-notificationeventconsumer-dlt-3, groupId=notification-service-group-notificationeventconsumer-dlt] Connection to node -1 (localhost/127.0.0.1:9092) could not be established. Node may not be available.","logger_name":"org.apache.kafka.clients.NetworkClient","thread_name":"org.springframework.kafka.KafkaListenerEndpointContainer#0-dlt-0-C-1","level":"WARN","level_value":30000,"springAppName":"notification-service","app_name":"notification-service"}
{"@timestamp":"2026-08-25T14:42:38.946721+05:30","@version":"1","message":"[Consumer clientId=consumer-notification-service-group-notificationeventconsumer-dlt-3, groupId=notification-service-group-notificationeventconsumer-dlt] Bootstrap broker localhost:9092 (id: -1 rack: null) disconnected","logger_name":"org.apache.kafka.clients.NetworkClient","thread_name":"org.springframework.kafka.KafkaListenerEndpointContainer#0-dlt-0-C-1","level":"WARN","level_value":30000,"springAppName":"notification-service","app_name":"notification-service"}
{"@timestamp":"2026-08-25T14:42:38.960089+05:30","@version":"1","message":"[Consumer clientId=consumer-notification-service-group-adnotificationlistener-retry-2000-9, groupId=notification-service-group-adnotificationlistener-retry-2000] Node -1 disconnected.","logger_name":"org.apache.kafka.clients.NetworkClient","thread_name":"org.springframework.kafka.KafkaListenerEndpointContainer#1-retry-2000-0-C-1","level":"INFO","level_value":20000,"springAppName":"notification-service","app_name":"notification-service"}
{"@timestamp":"2026-08-25T14:42:38.96261+05:30","@version":"1","message":"[Consumer clientId=consumer-notification-service-group-adnotificationlistener-retry-2000-9, groupId=notification-service-group-adnotificationlistener-retry-2000] Connection to node -1 (localhost/127.0.0.1:9092) could not be established. Node may not be available.","logger_name":"org.apache.kafka.clients.NetworkClient","thread_name":"org.springframework.kafka.KafkaListenerEndpointContainer#1-retry-2000-0-C-1","level":"WARN","level_value":30000,"springAppName":"notification-service","app_name":"notification-service"}
{"@timestamp":"2026-08-25T14:42:38.962951+05:30","@version":"1","message":"[Consumer clientId=consumer-notification-service-group-adnotificationlistener-retry-2000-9, groupId=notification-service-group-adnotificationlistener-retry-2000] Bootstrap broker localhost:9092 (id: -1 rack: null) disconnected","logger_name":"org.apache.kafka.clients.NetworkClient","thread_name":"org.springframework.kafka.KafkaListenerEndpointContainer#1-retry-2000-0-C-1","level":"WARN","level_value":30000,"springAppName":"notification-service","app_name":"notification-service"}
{"@timestamp":"2026-08-25T14:42:38.963109+05:30","@version":"1","message":"[Consumer clientId=consumer-notification-service-group-notificationeventconsumer-retry-8000-4, groupId=notification-service-group-notificationeventconsumer-retry-8000] Node -1 disconnected.","logger_name":"org.apache.kafka.clients.NetworkClient","thread_name":"org.springframework.kafka.KafkaListenerEndpointContainer#0-retry-8000-0-C-1","level":"INFO","level_value":20000,"springAppName":"notification-service","app_name":"notification-service"}
{"@timestamp":"2026-08-25T14:42:38.963315+05:30","@version":"1","message":"[Consumer clientId=consumer-notification-service-group-notificationeventconsumer-retry-8000-4, groupId=notification-service-group-notificationeventconsumer-retry-8000] Connection to node -1 (localhost/127.0.0.1:9092) could not be established. Node may not be available.","logger_name":"org.apache.kafka.clients.NetworkClient","thread_name":"org.springframework.kafka.KafkaListenerEndpointContainer#0-retry-8000-0-C-1","level":"WARN","level_value":30000,"springAppName":"notification-service","app_name":"notification-service"}
{"@timestamp":"2026-08-25T14:42:38.963387+05:30","@version":"1","message":"[Consumer clientId=consumer-notification-service-group-notificationeventconsumer-retry-8000-4, groupId=notification-service-group-notificationeventconsumer-retry-8000] Bootstrap broker localhost:9092 (id: -1 rack: null) disconnected","logger_name":"org.apache.kafka.clients.NetworkClient","thread_name":"org.springframework.kafka.KafkaListenerEndpointContainer#0-retry-8000-0-C-1","level":"WARN","level_value":30000,"springAppName":"notification-service","app_name":"notification-service"}
{"@timestamp":"2026-08-25T14:42:38.979657+05:30","@version":"1","message":"[Consumer clientId=consumer-notification-service-group-adnotificationlistener-dlt-7, groupId=notification-service-group-adnotificationlistener-dlt] Node -1 disconnected.","logger_name":"org.apache.kafka.clients.NetworkClient","thread_name":"org.springframework.kafka.KafkaListenerEndpointContainer#1-dlt-0-C-1","level":"INFO","level_value":20000,"springAppName":"notification-service","app_name":"notification-service"}
{"@timestamp":"2026-08-25T14:42:38.980222+05:30","@version":"1","message":"[Consumer clientId=consumer-notification-service-group-adnotificationlistener-dlt-7, groupId=notification-service-group-adnotificationlistener-dlt] Connection to node -1 (localhost/127.0.0.1:9092) could not be established. Node may not be available.","logger_name":"org.apache.kafka.clients.NetworkClient","thread_name":"org.springframework.kafka.KafkaListenerEndpointContainer#1-dlt-0-C-1","level":"WARN","level_value":30000,"springAppName":"notification-service","app_name":"notification-service"}
{"@timestamp":"2026-08-25T14:42:38.980464+05:30","@version":"1","message":"[Consumer clientId=consumer-notification-service-group-adnotificationlistener-dlt-7, groupId=notification-service-group-adnotificationlistener-dlt] Bootstrap broker localhost:9092 (id: -1 rack: null) disconnected","logger_name":"org.apache.kafka.clients.NetworkClient","thread_name":"org.springframework.kafka.KafkaListenerEndpointContainer#1-dlt-0-C-1","level":"WARN","level_value":30000,"springAppName":"notification-service","app_name":"notification-service"}
{"@timestamp":"2026-08-25T14:42:38.985305+05:30","@version":"1","message":"[Consumer clientId=consumer-notification-service-group-adnotificationlistener-retry-8000-1, groupId=notification-service-group-adnotificationlistener-retry-8000] Node -1 disconnected.","logger_name":"org.apache.kafka.clients.NetworkClient","thread_name":"org.springframework.kafka.KafkaListenerEndpointContainer#1-retry-8000-0-C-1","level":"INFO","level_value":20000,"springAppName":"notification-service","app_name":"notification-service"}
{"@timestamp":"2026-08-25T14:42:38.985881+05:30","@version":"1","message":"[Consumer clientId=consumer-notification-service-group-adnotificationlistener-retry-8000-1, groupId=notification-service-group-adnotificationlistener-retry-8000] Connection to node -1 (localhost/127.0.0.1:9092) could not be established. Node may not be available.","logger_name":"org.apache.kafka.clients.NetworkClient","thread_name":"org.springframework.kafka.KafkaListenerEndpointContainer#1-retry-8000-0-C-1","level":"WARN","level_value":30000,"springAppName":"notification-service","app_name":"notification-service"}
{"@timestamp":"2026-08-25T14:42:38.986029+05:30","@version":"1","message":"[Consumer clientId=consumer-notification-service-group-adnotificationlistener-retry-8000-1, groupId=notification-service-group-adnotificationlistener-retry-8000] Bootstrap broker localhost:9092 (id: -1 rack: null) disconnected","logger_name":"org.apache.kafka.clients.NetworkClient","thread_name":"org.springframework.kafka.KafkaListenerEndpointContainer#1-retry-8000-0-C-1","level":"WARN","level_value":30000,"springAppName":"notification-service","app_name":"notification-service"}
{"@timestamp":"2026-08-25T14:42:39.012728+05:30","@version":"1","message":"[Consumer clientId=consumer-notification-service-group-notificationeventconsumer-retry-2000-2, groupId=notification-service-group-notificationeventconsumer-retry-2000] Node -1 disconnected.","logger_name":"org.apache.kafka.clients.NetworkClient","thread_name":"org.springframework.kafka.KafkaListenerEndpointContainer#0-retry-2000-0-C-1","level":"INFO","level_value":20000,"springAppName":"notification-service","app_name":"notification-service"}
{"@timestamp":"2026-08-25T14:42:39.013372+05:30","@version":"1","message":"[Consumer clientId=consumer-notification-service-group-notificationeventconsumer-retry-2000-2, groupId=notification-service-group-notificationeventconsumer-retry-2000] Connection to node -1 (localhost/127.0.0.1:9092) could not be established. Node may not be available.","logger_name":"org.apache.kafka.clients.NetworkClient","thread_name":"org.springframework.kafka.KafkaListenerEndpointContainer#0-retry-2000-0-C-1","level":"WARN","level_value":30000,"springAppName":"notification-service","app_name":"notification-service"}
{"@timestamp":"2026-08-25T14:42:39.013579+05:30","@version":"1","message":"[Consumer clientId=consumer-notification-service-group-notificationeventconsumer-retry-2000-2, groupId=notification-service-group-notificationeventconsumer-retry-2000] Bootstrap broker localhost:9092 (id: -1 rack: null) disconnected","logger_name":"org.apache.kafka.clients.NetworkClient","thread_name":"org.springframework.kafka.KafkaListenerEndpointContainer#0-retry-2000-0-C-1","level":"WARN","level_value":30000,"springAppName":"notification-service","app_name":"notification-service"}
{"@timestamp":"2026-08-25T14:42:39.02087+05:30","@version":"1","message":"[Consumer clientId=consumer-notification-service-group-adnotificationlistener-retry-4000-6, groupId=notification-service-group-adnotificationlistener-retry-4000] Node -1 disconnected.","logger_name":"org.apache.kafka.clients.NetworkClient","thread_name":"org.springframework.kafka.KafkaListenerEndpointContainer#1-retry-4000-0-C-1","level":"INFO","level_value":20000,"springAppName":"notification-service","app_name":"notification-service"}
{"@timestamp":"2026-08-25T14:42:39.021544+05:30","@version":"1","message":"[Consumer clientId=consumer-notification-service-group-adnotificationlistener-retry-4000-6, groupId=notification-service-group-adnotificationlistener-retry-4000] Connection to node -1 (localhost/127.0.0.1:9092) could not be established. Node may not be available.","logger_name":"org.apache.kafka.clients.NetworkClient","thread_name":"org.springframework.kafka.KafkaListenerEndpointContainer#1-retry-4000-0-C-1","level":"WARN","level_value":30000,"springAppName":"notification-service","app_name":"notification-service"}
{"@timestamp":"2026-08-25T14:42:39.021762+05:30","@version":"1","message":"[Consumer clientId=consumer-notification-service-group-adnotificationlistener-retry-4000-6, groupId=notification-service-group-adnotificationlistener-retry-4000] Bootstrap broker localhost:9092 (id: -1 rack: null) disconnected","logger_name":"org.apache.kafka.clients.NetworkClient","thread_name":"org.springframework.kafka.KafkaListenerEndpointContainer#1-retry-4000-0-C-1","level":"WARN","level_value":30000,"springAppName":"notification-service","app_name":"notification-service"}
{"@timestamp":"2026-08-25T14:42:39.059212+05:30","@version":"1","message":"[Consumer clientId=consumer-notification-service-group-notificationeventconsumer-10, groupId=notification-service-group-notificationeventconsumer] Node -1 disconnected.","logger_name":"org.apache.kafka.clients.NetworkClient","thread_name":"org.springframework.kafka.KafkaListenerEndpointContainer#0-0-C-1","level":"INFO","level_value":20000,"springAppName":"notification-service","app_name":"notification-service"}
{"@timestamp":"2026-08-25T14:42:39.059608+05:30","@version":"1","message":"[Consumer clientId=consumer-notification-service-group-notificationeventconsumer-10, groupId=notification-service-group-notificationeventconsumer] Connection to node -1 (localhost/127.0.0.1:9092) could not be established. Node may not be available.","logger_name":"org.apache.kafka.clients.NetworkClient","thread_name":"org.springframework.kafka.KafkaListenerEndpointContainer#0-0-C-1","level":"WARN","level_value":30000,"springAppName":"notification-service","app_name":"notification-service"}
{"@timestamp":"2026-08-25T14:42:39.059738+05:30","@version":"1","message":"[Consumer clientId=consumer-notification-service-group-notificationeventconsumer-10, groupId=notification-service-group-notificationeventconsumer] Bootstrap broker localhost:9092 (id: -1 rack: null) disconnected","logger_name":"org.apache.kafka.clients.NetworkClient","thread_name":"org.springframework.kafka.KafkaListenerEndpointContainer#0-0-C-1","level":"WARN","level_value":30000,"springAppName":"notification-service","app_name":"notification-service"}
{"@timestamp":"2026-08-25T14:42:39.273181+05:30","@version":"1","message":"[Consumer clientId=consumer-notification-service-group-notificationeventconsumer-retry-4000-8, groupId=notification-service-group-notificationeventconsumer-retry-4000] Node -1 disconnected.","logger_name":"org.apache.kafka.clients.NetworkClient","thread_name":"org.springframework.kafka.KafkaListenerEndpointContainer#0-retry-4000-0-C-1","level":"INFO","level_value":20000,"springAppName":"notification-service","app_name":"notification-service"}
{"@timestamp":"2026-08-25T14:42:39.273584+05:30","@version":"1","message":"[Consumer clientId=consumer-notification-service-group-notificationeventconsumer-retry-4000-8, groupId=notification-service-group-notificationeventconsumer-retry-4000] Connection to node -1 (localhost/127.0.0.1:9092) could not be established. Node may not be available.","logger_name":"org.apache.kafka.clients.NetworkClient","thread_name":"org.springframework.kafka.KafkaListenerEndpointContainer#0-retry-4000-0-C-1","level":"WARN","level_value":30000,"springAppName":"notification-service","app_name":"notification-service"}
{"@timestamp":"2026-08-25T14:42:39.273726+05:30","@version":"1","message":"[Consumer clientId=consumer-notification-service-group-notificationeventconsumer-retry-4000-8, groupId=notification-service-group-notificationeventconsumer-retry-4000] Bootstrap broker localhost:9092 (id: -1 rack: null) disconnected","logger_name":"org.apache.kafka.clients.NetworkClient","thread_name":"org.springframework.kafka.KafkaListenerEndpointContainer#0-retry-4000-0-C-1","level":"WARN","level_value":30000,"springAppName":"notification-service","app_name":"notification-service"}
{"@timestamp":"2026-08-25T14:42:39.30839+05:30","@version":"1","message":"[Consumer clientId=consumer-notification-service-group-adnotificationlistener-11, groupId=notification-service-group-adnotificationlistener] Node -1 disconnected.","logger_name":"org.apache.kafka.clients.NetworkClient","thread_name":"org.springframework.kafka.KafkaListenerEndpointContainer#1-0-C-1","level":"INFO","level_value":20000,"springAppName":"notification-service","app_name":"notification-service"}
{"@timestamp":"2026-08-25T14:42:39.308684+05:30","@version":"1","message":"[Consumer clientId=consumer-notification-service-group-adnotificationlistener-11, groupId=notification-service-group-adnotificationlistener] Connection to node -1 (localhost/127.0.0.1:9092) could not be established. Node may not be available.","logger_name":"org.apache.kafka.clients.NetworkClient","thread_name":"org.springframework.kafka.KafkaListenerEndpointContainer#1-0-C-1","level":"WARN","level_value":30000,"springAppName":"notification-service","app_name":"notification-service"}
{"@timestamp":"2026-08-25T14:42:39.308767+05:30","@version":"1","message":"[Consumer clientId=consumer-notification-service-group-adnotificationlistener-11, groupId=notification-service-group-adnotificationlistener] Bootstrap broker localhost:9092 (id: -1 rack: null) disconnected","logger_name":"org.apache.kafka.clients.NetworkClient","thread_name":"org.springframework.kafka.KafkaListenerEndpointContainer#1-0-C-1","level":"WARN","level_value":30000,"springAppName":"notification-service","app_name":"notification-service"}
{"@timestamp":"2026-08-25T14:42:39.339541+05:30","@version":"1","message":"[Consumer clientId=consumer-notification-service-group-notificationeventconsumer-retry-8000-4, groupId=notification-service-group-notificationeventconsumer-retry-8000] Node -1 disconnected.","logger_name":"org.apache.kafka.clients.NetworkClient","thread_name":"org.springframework.kafka.KafkaListenerEndpointContainer#0-retry-8000-0-C-1","level":"INFO","level_value":20000,"springAppName":"notification-service","app_name":"notification-service"}
{"@timestamp":"2026-08-25T14:42:39.339954+05:30","@version":"1","message":"[Consumer clientId=consumer-notification-service-group-notificationeventconsumer-retry-8000-4, groupId=notification-service-group-notificationeventconsumer-retry-8000] Connection to node -1 (localhost/127.0.0.1:9092) could not be established. Node may not be available.","logger_name":"org.apache.kafka.clients.NetworkClient","thread_name":"org.springframework.kafka.KafkaListenerEndpointContainer#0-retry-8000-0-C-1","level":"WARN","level_value":30000,"springAppName":"notification-service","app_name":"notification-service"}
{"@timestamp":"2026-08-25T14:42:39.340076+05:30","@version":"1","message":"[Consumer clientId=consumer-notification-service-group-notificationeventconsumer-retry-8000-4, groupId=notification-service-group-notificationeventconsumer-retry-8000] Bootstrap broker localhost:9092 (id: -1 rack: null) disconnected","logger_name":"org.apache.kafka.clients.NetworkClient","thread_name":"org.springframework.kafka.KafkaListenerEndpointContainer#0-retry-8000-0-C-1","level":"WARN","level_value":30000,"springAppName":"notification-service","app_name":"notification-service"}
{"@timestamp":"2026-08-25T14:42:39.375031+05:30","@version":"1","message":"[Consumer clientId=consumer-notification-service-group-adnotificationlistener-retry-1000-5, groupId=notification-service-group-adnotificationlistener-retry-1000] Node -1 disconnected.","logger_name":"org.apache.kafka.clients.NetworkClient","thread_name":"org.springframework.kafka.KafkaListenerEndpointContainer#1-retry-1000-0-C-1","level":"INFO","level_value":20000,"springAppName":"notification-service","app_name":"notification-service"}
{"@timestamp":"2026-08-25T14:42:39.375352+05:30","@version":"1","message":"[Consumer clientId=consumer-notification-service-group-adnotificationlistener-retry-1000-5, groupId=notification-service-group-adnotificationlistener-retry-1000] Connection to node -1 (localhost/127.0.0.1:9092) could not be established. Node may not be available.","logger_name":"org.apache.kafka.clients.NetworkClient","thread_name":"org.springframework.kafka.KafkaListenerEndpointContainer#1-retry-1000-0-C-1","level":"WARN","level_value":30000,"springAppName":"notification-service","app_name":"notification-service"}
{"@timestamp":"2026-08-25T14:42:39.375516+05:30","@version":"1","message":"[Consumer clientId=consumer-notification-service-group-adnotificationlistener-retry-1000-5, groupId=notification-service-group-adnotificationlistener-retry-1000] Bootstrap broker localhost:9092 (id: -1 rack: null) disconnected","logger_name":"org.apache.kafka.clients.NetworkClient","thread_name":"org.springframework.kafka.KafkaListenerEndpointContainer#1-retry-1000-0-C-1","level":"WARN","level_value":30000,"springAppName":"notification-service","app_name":"notification-service"}
{"@timestamp":"2026-08-25T14:42:39.386771+05:30","@version":"1","message":"[Consumer clientId=consumer-notification-service-group-adnotificationlistener-retry-2000-9, groupId=notification-service-group-adnotificationlistener-retry-2000] Node -1 disconnected.","logger_name":"org.apache.kafka.clients.NetworkClient","thread_name":"org.springframework.kafka.KafkaListenerEndpointContainer#1-retry-2000-0-C-1","level":"INFO","level_value":20000,"springAppName":"notification-service","app_name":"notification-service"}
{"@timestamp":"2026-08-25T14:42:39.387497+05:30","@version":"1","message":"[Consumer clientId=consumer-notification-service-group-adnotificationlistener-retry-2000-9, groupId=notification-service-group-adnotificationlistener-retry-2000] Connection to node -1 (localhost/127.0.0.1:9092) could not be established. Node may not be available.","logger_name":"org.apache.kafka.clients.NetworkClient","thread_name":"org.springframework.kafka.KafkaListenerEndpointContainer#1-retry-2000-0-C-1","level":"WARN","level_value":30000,"springAppName":"notification-service","app_name":"notification-service"}
{"@timestamp":"2026-08-25T14:42:39.387977+05:30","@version":"1","message":"[Consumer clientId=consumer-notification-service-group-adnotificationlistener-retry-2000-9, groupId=notification-service-group-adnotificationlistener-retry-2000] Bootstrap broker localhost:9092 (id: -1 rack: null) disconnected","logger_name":"org.apache.kafka.clients.NetworkClient","thread_name":"org.springframework.kafka.KafkaListenerEndpointContainer#1-retry-2000-0-C-1","level":"WARN","level_value":30000,"springAppName":"notification-service","app_name":"notification-service"}
{"@timestamp":"2026-08-25T14:42:39.398872+05:30","@version":"1","message":"[Consumer clientId=consumer-notification-service-group-notificationeventconsumer-retry-2000-2, groupId=notification-service-group-notificationeventconsumer-retry-2000] Node -1 disconnected.","logger_name":"org.apache.kafka.clients.NetworkClient","thread_name":"org.springframework.kafka.KafkaListenerEndpointContainer#0-retry-2000-0-C-1","level":"INFO","level_value":20000,"springAppName":"notification-service","app_name":"notification-service"}
{"@timestamp":"2026-08-25T14:42:39.399977+05:30","@version":"1","message":"[Consumer clientId=consumer-notification-service-group-notificationeventconsumer-retry-2000-2, groupId=notification-service-group-notificationeventconsumer-retry-2000] Connection to node -1 (localhost/127.0.0.1:9092) could not be established. Node may not be available.","logger_name":"org.apache.kafka.clients.NetworkClient","thread_name":"org.springframework.kafka.KafkaListenerEndpointContainer#0-retry-2000-0-C-1","level":"WARN","level_value":30000,"springAppName":"notification-service","app_name":"notification-service"}
{"@timestamp":"2026-08-25T14:42:39.40022+05:30","@version":"1","message":"[Consumer clientId=consumer-notification-service-group-notificationeventconsumer-retry-2000-2, groupId=notification-service-group-notificationeventconsumer-retry-2000] Bootstrap broker localhost:9092 (id: -1 rack: null) disconnected","logger_name":"org.apache.kafka.clients.NetworkClient","thread_name":"org.springframework.kafka.KafkaListenerEndpointContainer#0-retry-2000-0-C-1","level":"WARN","level_value":30000,"springAppName":"notification-service","app_name":"notification-service"}
{"@timestamp":"2026-08-25T14:42:39.423202+05:30","@version":"1","message":"[Consumer clientId=consumer-notification-service-group-notificationeventconsumer-dlt-3, groupId=notification-service-group-notificationeventconsumer-dlt] Node -1 disconnected.","logger_name":"org.apache.kafka.clients.NetworkClient","thread_name":"org.springframework.kafka.KafkaListenerEndpointContainer#0-dlt-0-C-1","level":"INFO","level_value":20000,"springAppName":"notification-service","app_name":"notification-service"}
{"@timestamp":"2026-08-25T14:42:39.423774+05:30","@version":"1","message":"[Consumer clientId=consumer-notification-service-group-notificationeventconsumer-dlt-3, groupId=notification-service-group-notificationeventconsumer-dlt] Connection to node -1 (localhost/127.0.0.1:9092) could not be established. Node may not be available.","logger_name":"org.apache.kafka.clients.NetworkClient","thread_name":"org.springframework.kafka.KafkaListenerEndpointContainer#0-dlt-0-C-1","level":"WARN","level_value":30000,"springAppName":"notification-service","app_name":"notification-service"}
{"@timestamp":"2026-08-25T14:42:39.423941+05:30","@version":"1","message":"[Consumer clientId=consumer-notification-service-group-notificationeventconsumer-dlt-3, groupId=notification-service-group-notificationeventconsumer-dlt] Bootstrap broker localhost:9092 (id: -1 rack: null) disconnected","logger_name":"org.apache.kafka.clients.NetworkClient","thread_name":"org.springframework.kafka.KafkaListenerEndpointContainer#0-dlt-0-C-1","level":"WARN","level_value":30000,"springAppName":"notification-service","app_name":"notification-service"}
{"@timestamp":"2026-08-25T14:42:39.45621+05:30","@version":"1","message":"[Consumer clientId=consumer-notification-service-group-adnotificationlistener-retry-8000-1, groupId=notification-service-group-adnotificationlistener-retry-8000] Node -1 disconnected.","logger_name":"org.apache.kafka.clients.NetworkClient","thread_name":"org.springframework.kafka.KafkaListenerEndpointContainer#1-retry-8000-0-C-1","level":"INFO","level_value":20000,"springAppName":"notification-service","app_name":"notification-service"}
{"@timestamp":"2026-08-25T14:42:39.457125+05:30","@version":"1","message":"[Consumer clientId=consumer-notification-service-group-adnotificationlistener-retry-8000-1, groupId=notification-service-group-adnotificationlistener-retry-8000] Connection to node -1 (localhost/127.0.0.1:9092) could not be established. Node may not be available.","logger_name":"org.apache.kafka.clients.NetworkClient","thread_name":"org.springframework.kafka.KafkaListenerEndpointContainer#1-retry-8000-0-C-1","level":"WARN","level_value":30000,"springAppName":"notification-service","app_name":"notification-service"}
{"@timestamp":"2026-08-25T14:42:39.457237+05:30","@version":"1","message":"[Consumer clientId=consumer-notification-service-group-adnotificationlistener-retry-8000-1, groupId=notification-service-group-adnotificationlistener-retry-8000] Bootstrap broker localhost:9092 (id: -1 rack: null) disconnected","logger_name":"org.apache.kafka.clients.NetworkClient","thread_name":"org.springframework.kafka.KafkaListenerEndpointContainer#1-retry-8000-0-C-1","level":"WARN","level_value":30000,"springAppName":"notification-service","app_name":"notification-service"}
{"@timestamp":"2026-08-25T14:42:39.489163+05:30","@version":"1","message":"[Consumer clientId=consumer-notification-service-group-adnotificationlistener-retry-4000-6, groupId=notification-service-group-adnotificationlistener-retry-4000] Node -1 disconnected.","logger_name":"org.apache.kafka.clients.NetworkClient","thread_name":"org.springframework.kafka.KafkaListenerEndpointContainer#1-retry-4000-0-C-1","level":"INFO","level_value":20000,"springAppName":"notification-service","app_name":"notification-service"}
{"@timestamp":"2026-08-25T14:42:39.489884+05:30","@version":"1","message":"[Consumer clientId=consumer-notification-service-group-adnotificationlistener-retry-4000-6, groupId=notification-service-group-adnotificationlistener-retry-4000] Connection to node -1 (localhost/127.0.0.1:9092) could not be established. Node may not be available.","logger_name":"org.apache.kafka.clients.NetworkClient","thread_name":"org.springframework.kafka.KafkaListenerEndpointContainer#1-retry-4000-0-C-1","level":"WARN","level_value":30000,"springAppName":"notification-service","app_name":"notification-service"}
{"@timestamp":"2026-08-25T14:42:39.490077+05:30","@version":"1","message":"[Consumer clientId=consumer-notification-service-group-adnotificationlistener-retry-4000-6, groupId=notification-service-group-adnotificationlistener-retry-4000] Bootstrap broker localhost:9092 (id: -1 rack: null) disconnected","logger_name":"org.apache.kafka.clients.NetworkClient","thread_name":"org.springframework.kafka.KafkaListenerEndpointContainer#1-retry-4000-0-C-1","level":"WARN","level_value":30000,"springAppName":"notification-service","app_name":"notification-service"}
{"@timestamp":"2026-08-25T14:42:39.499361+05:30","@version":"1","message":"[Consumer clientId=consumer-notification-service-group-adnotificationlistener-dlt-7, groupId=notification-service-group-adnotificationlistener-dlt] Node -1 disconnected.","logger_name":"org.apache.kafka.clients.NetworkClient","thread_name":"org.springframework.kafka.KafkaListenerEndpointContainer#1-dlt-0-C-1","level":"INFO","level_value":20000,"springAppName":"notification-service","app_name":"notification-service"}
{"@timestamp":"2026-08-25T14:42:39.500205+05:30","@version":"1","message":"[Consumer clientId=consumer-notification-service-group-adnotificationlistener-dlt-7, groupId=notification-service-group-adnotificationlistener-dlt] Connection to node -1 (localhost/127.0.0.1:9092) could not be established. Node may not be available.","logger_name":"org.apache.kafka.clients.NetworkClient","thread_name":"org.springframework.kafka.KafkaListenerEndpointContainer#1-dlt-0-C-1","level":"WARN","level_value":30000,"springAppName":"notification-service","app_name":"notification-service"}
{"@timestamp":"2026-08-25T14:42:39.500928+05:30","@version":"1","message":"[Consumer clientId=consumer-notification-service-group-adnotificationlistener-dlt-7, groupId=notification-service-group-adnotificationlistener-dlt] Bootstrap broker localhost:9092 (id: -1 rack: null) disconnected","logger_name":"org.apache.kafka.clients.NetworkClient","thread_name":"org.springframework.kafka.KafkaListenerEndpointContainer#1-dlt-0-C-1","level":"WARN","level_value":30000,"springAppName":"notification-service","app_name":"notification-service"}
{"@timestamp":"2026-08-25T14:42:39.514026+05:30","@version":"1","message":"[Consumer clientId=consumer-notification-service-group-notificationeventconsumer-10, groupId=notification-service-group-notificationeventconsumer] Node -1 disconnected.","logger_name":"org.apache.kafka.clients.NetworkClient","thread_name":"org.springframework.kafka.KafkaListenerEndpointContainer#0-0-C-1","level":"INFO","level_value":20000,"springAppName":"notification-service","app_name":"notification-service"}
{"@timestamp":"2026-08-25T14:42:39.5175+05:30","@version":"1","message":"[Consumer clientId=consumer-notification-service-group-notificationeventconsumer-10, groupId=notification-service-group-notificationeventconsumer] Connection to node -1 (localhost/127.0.0.1:9092) could not be established. Node may not be available.","logger_name":"org.apache.kafka.clients.NetworkClient","thread_name":"org.springframework.kafka.KafkaListenerEndpointContainer#0-0-C-1","level":"WARN","level_value":30000,"springAppName":"notification-service","app_name":"notification-service"}
{"@timestamp":"2026-08-25T14:42:39.517863+05:30","@version":"1","message":"[Consumer clientId=consumer-notification-service-group-notificationeventconsumer-10, groupId=notification-service-group-notificationeventconsumer] Bootstrap broker localhost:9092 (id: -1 rack: null) disconnected","logger_name":"org.apache.kafka.clients.NetworkClient","thread_name":"org.springframework.kafka.KafkaListenerEndpointContainer#0-0-C-1","level":"WARN","level_value":30000,"springAppName":"notification-service","app_name":"notification-service"}
{"@timestamp":"2026-08-25T14:42:39.701827+05:30","@version":"1","message":"Init duration for springdoc-openapi is: 925 ms","logger_name":"org.springdoc.api.AbstractOpenApiResource","thread_name":"main","level":"INFO","level_value":20000,"springAppName":"notification-service","traceId":"9b8aed76-e8d7-4b77-94f4-eeee0d885cf7","spanId":"7238ab04e1c4bc79","app_name":"notification-service"}
OpenAPI spec written to target/openapi.json
[INFO] Tests run: 1, Failures: 0, Errors: 0, Skipped: 0, Time elapsed: 54.89 s -- in com.fooddelivery.notification.OpenApiGenerationTest
{"@timestamp":"2026-08-25T14:42:39.994121+05:30","@version":"1","message":"[Consumer clientId=consumer-notification-service-group-adnotificationlistener-11, groupId=notification-service-group-adnotificationlistener] Node -1 disconnected.","logger_name":"org.apache.kafka.clients.NetworkClient","thread_name":"org.springframework.kafka.KafkaListenerEndpointContainer#1-0-C-1","level":"INFO","level_value":20000,"springAppName":"notification-service","app_name":"notification-service"}
{"@timestamp":"2026-08-25T14:42:39.995665+05:30","@version":"1","message":"[Consumer clientId=consumer-notification-service-group-adnotificationlistener-11, groupId=notification-service-group-adnotificationlistener] Connection to node -1 (localhost/127.0.0.1:9092) could not be established. Node may not be available.","logger_name":"org.apache.kafka.clients.NetworkClient","thread_name":"org.springframework.kafka.KafkaListenerEndpointContainer#1-0-C-1","level":"WARN","level_value":30000,"springAppName":"notification-service","app_name":"notification-service"}
{"@timestamp":"2026-08-25T14:42:39.99582+05:30","@version":"1","message":"[Consumer clientId=consumer-notification-service-group-adnotificationlistener-11, groupId=notification-service-group-adnotificationlistener] Bootstrap broker localhost:9092 (id: -1 rack: null) disconnected","logger_name":"org.apache.kafka.clients.NetworkClient","thread_name":"org.springframework.kafka.KafkaListenerEndpointContainer#1-0-C-1","level":"WARN","level_value":30000,"springAppName":"notification-service","app_name":"notification-service"}
{"@timestamp":"2026-08-25T14:42:40.071991+05:30","@version":"1","message":"[Consumer clientId=consumer-notification-service-group-adnotificationlistener-retry-1000-5, groupId=notification-service-group-adnotificationlistener-retry-1000] Node -1 disconnected.","logger_name":"org.apache.kafka.clients.NetworkClient","thread_name":"org.springframework.kafka.KafkaListenerEndpointContainer#1-retry-1000-0-C-1","level":"INFO","level_value":20000,"springAppName":"notification-service","app_name":"notification-service"}
{"@timestamp":"2026-08-25T14:42:40.073357+05:30","@version":"1","message":"[Consumer clientId=consumer-notification-service-group-adnotificationlistener-retry-1000-5, groupId=notification-service-group-adnotificationlistener-retry-1000] Connection to node -1 (localhost/127.0.0.1:9092) could not be established. Node may not be available.","logger_name":"org.apache.kafka.clients.NetworkClient","thread_name":"org.springframework.kafka.KafkaListenerEndpointContainer#1-retry-1000-0-C-1","level":"WARN","level_value":30000,"springAppName":"notification-service","app_name":"notification-service"}
{"@timestamp":"2026-08-25T14:42:40.073689+05:30","@version":"1","message":"[Consumer clientId=consumer-notification-service-group-adnotificationlistener-retry-1000-5, groupId=notification-service-group-adnotificationlistener-retry-1000] Bootstrap broker localhost:9092 (id: -1 rack: null) disconnected","logger_name":"org.apache.kafka.clients.NetworkClient","thread_name":"org.springframework.kafka.KafkaListenerEndpointContainer#1-retry-1000-0-C-1","level":"WARN","level_value":30000,"springAppName":"notification-service","app_name":"notification-service"}
{"@timestamp":"2026-08-25T14:42:40.10298+05:30","@version":"1","message":"[Consumer clientId=consumer-notification-service-group-notificationeventconsumer-retry-4000-8, groupId=notification-service-group-notificationeventconsumer-retry-4000] Node -1 disconnected.","logger_name":"org.apache.kafka.clients.NetworkClient","thread_name":"org.springframework.kafka.KafkaListenerEndpointContainer#0-retry-4000-0-C-1","level":"INFO","level_value":20000,"springAppName":"notification-service","app_name":"notification-service"}
{"@timestamp":"2026-08-25T14:42:40.103489+05:30","@version":"1","message":"[Consumer clientId=consumer-notification-service-group-notificationeventconsumer-retry-4000-8, groupId=notification-service-group-notificationeventconsumer-retry-4000] Connection to node -1 (localhost/127.0.0.1:9092) could not be established. Node may not be available.","logger_name":"org.apache.kafka.clients.NetworkClient","thread_name":"org.springframework.kafka.KafkaListenerEndpointContainer#0-retry-4000-0-C-1","level":"WARN","level_value":30000,"springAppName":"notification-service","app_name":"notification-service"}
{"@timestamp":"2026-08-25T14:42:40.103798+05:30","@version":"1","message":"[Consumer clientId=consumer-notification-service-group-notificationeventconsumer-retry-4000-8, groupId=notification-service-group-notificationeventconsumer-retry-4000] Bootstrap broker localhost:9092 (id: -1 rack: null) disconnected","logger_name":"org.apache.kafka.clients.NetworkClient","thread_name":"org.springframework.kafka.KafkaListenerEndpointContainer#0-retry-4000-0-C-1","level":"WARN","level_value":30000,"springAppName":"notification-service","app_name":"notification-service"}
{"@timestamp":"2026-08-25T14:42:40.138292+05:30","@version":"1","message":"[Consumer clientId=consumer-notification-service-group-adnotificationlistener-retry-4000-6, groupId=notification-service-group-adnotificationlistener-retry-4000] Node -1 disconnected.","logger_name":"org.apache.kafka.clients.NetworkClient","thread_name":"org.springframework.kafka.KafkaListenerEndpointContainer#1-retry-4000-0-C-1","level":"INFO","level_value":20000,"springAppName":"notification-service","app_name":"notification-service"}
{"@timestamp":"2026-08-25T14:42:40.138666+05:30","@version":"1","message":"[Consumer clientId=consumer-notification-service-group-adnotificationlistener-retry-4000-6, groupId=notification-service-group-adnotificationlistener-retry-4000] Connection to node -1 (localhost/127.0.0.1:9092) could not be established. Node may not be available.","logger_name":"org.apache.kafka.clients.NetworkClient","thread_name":"org.springframework.kafka.KafkaListenerEndpointContainer#1-retry-4000-0-C-1","level":"WARN","level_value":30000,"springAppName":"notification-service","app_name":"notification-service"}
{"@timestamp":"2026-08-25T14:42:40.138789+05:30","@version":"1","message":"[Consumer clientId=consumer-notification-service-group-adnotificationlistener-retry-4000-6, groupId=notification-service-group-adnotificationlistener-retry-4000] Bootstrap broker localhost:9092 (id: -1 rack: null) disconnected","logger_name":"org.apache.kafka.clients.NetworkClient","thread_name":"org.springframework.kafka.KafkaListenerEndpointContainer#1-retry-4000-0-C-1","level":"WARN","level_value":30000,"springAppName":"notification-service","app_name":"notification-service"}
{"@timestamp":"2026-08-25T14:42:40.191604+05:30","@version":"1","message":"[Consumer clientId=consumer-notification-service-group-adnotificationlistener-retry-2000-9, groupId=notification-service-group-adnotificationlistener-retry-2000] Node -1 disconnected.","logger_name":"org.apache.kafka.clients.NetworkClient","thread_name":"org.springframework.kafka.KafkaListenerEndpointContainer#1-retry-2000-0-C-1","level":"INFO","level_value":20000,"springAppName":"notification-service","app_name":"notification-service"}
{"@timestamp":"2026-08-25T14:42:40.191958+05:30","@version":"1","message":"[Consumer clientId=consumer-notification-service-group-adnotificationlistener-retry-2000-9, groupId=notification-service-group-adnotificationlistener-retry-2000] Connection to node -1 (localhost/127.0.0.1:9092) could not be established. Node may not be available.","logger_name":"org.apache.kafka.clients.NetworkClient","thread_name":"org.springframework.kafka.KafkaListenerEndpointContainer#1-retry-2000-0-C-1","level":"WARN","level_value":30000,"springAppName":"notification-service","app_name":"notification-service"}
{"@timestamp":"2026-08-25T14:42:40.192108+05:30","@version":"1","message":"[Consumer clientId=consumer-notification-service-group-adnotificationlistener-retry-2000-9, groupId=notification-service-group-adnotificationlistener-retry-2000] Bootstrap broker localhost:9092 (id: -1 rack: null) disconnected","logger_name":"org.apache.kafka.clients.NetworkClient","thread_name":"org.springframework.kafka.KafkaListenerEndpointContainer#1-retry-2000-0-C-1","level":"WARN","level_value":30000,"springAppName":"notification-service","app_name":"notification-service"}
{"@timestamp":"2026-08-25T14:42:40.201754+05:30","@version":"1","message":"[Consumer clientId=consumer-notification-service-group-adnotificationlistener-dlt-7, groupId=notification-service-group-adnotificationlistener-dlt] Node -1 disconnected.","logger_name":"org.apache.kafka.clients.NetworkClient","thread_name":"org.springframework.kafka.KafkaListenerEndpointContainer#1-dlt-0-C-1","level":"INFO","level_value":20000,"springAppName":"notification-service","app_name":"notification-service"}
{"@timestamp":"2026-08-25T14:42:40.202073+05:30","@version":"1","message":"[Consumer clientId=consumer-notification-service-group-adnotificationlistener-dlt-7, groupId=notification-service-group-adnotificationlistener-dlt] Connection to node -1 (localhost/127.0.0.1:9092) could not be established. Node may not be available.","logger_name":"org.apache.kafka.clients.NetworkClient","thread_name":"org.springframework.kafka.KafkaListenerEndpointContainer#1-dlt-0-C-1","level":"WARN","level_value":30000,"springAppName":"notification-service","app_name":"notification-service"}
{"@timestamp":"2026-08-25T14:42:40.202169+05:30","@version":"1","message":"[Consumer clientId=consumer-notification-service-group-adnotificationlistener-dlt-7, groupId=notification-service-group-adnotificationlistener-dlt] Bootstrap broker localhost:9092 (id: -1 rack: null) disconnected","logger_name":"org.apache.kafka.clients.NetworkClient","thread_name":"org.springframework.kafka.KafkaListenerEndpointContainer#1-dlt-0-C-1","level":"WARN","level_value":30000,"springAppName":"notification-service","app_name":"notification-service"}
{"@timestamp":"2026-08-25T14:42:40.20284+05:30","@version":"1","message":"[Consumer clientId=consumer-notification-service-group-notificationeventconsumer-retry-8000-4, groupId=notification-service-group-notificationeventconsumer-retry-8000] Node -1 disconnected.","logger_name":"org.apache.kafka.clients.NetworkClient","thread_name":"org.springframework.kafka.KafkaListenerEndpointContainer#0-retry-8000-0-C-1","level":"INFO","level_value":20000,"springAppName":"notification-service","app_name":"notification-service"}
{"@timestamp":"2026-08-25T14:42:40.203044+05:30","@version":"1","message":"[Consumer clientId=consumer-notification-service-group-notificationeventconsumer-retry-8000-4, groupId=notification-service-group-notificationeventconsumer-retry-8000] Connection to node -1 (localhost/127.0.0.1:9092) could not be established. Node may not be available.","logger_name":"org.apache.kafka.clients.NetworkClient","thread_name":"org.springframework.kafka.KafkaListenerEndpointContainer#0-retry-8000-0-C-1","level":"WARN","level_value":30000,"springAppName":"notification-service","app_name":"notification-service"}
{"@timestamp":"2026-08-25T14:42:40.203124+05:30","@version":"1","message":"[Consumer clientId=consumer-notification-service-group-notificationeventconsumer-retry-8000-4, groupId=notification-service-group-notificationeventconsumer-retry-8000] Bootstrap broker localhost:9092 (id: -1 rack: null) disconnected","logger_name":"org.apache.kafka.clients.NetworkClient","thread_name":"org.springframework.kafka.KafkaListenerEndpointContainer#0-retry-8000-0-C-1","level":"WARN","level_value":30000,"springAppName":"notification-service","app_name":"notification-service"}
{"@timestamp":"2026-08-25T14:42:40.245504+05:30","@version":"1","message":"[Consumer clientId=consumer-notification-service-group-adnotificationlistener-retry-8000-1, groupId=notification-service-group-adnotificationlistener-retry-8000] Node -1 disconnected.","logger_name":"org.apache.kafka.clients.NetworkClient","thread_name":"org.springframework.kafka.KafkaListenerEndpointContainer#1-retry-8000-0-C-1","level":"INFO","level_value":20000,"springAppName":"notification-service","app_name":"notification-service"}
{"@timestamp":"2026-08-25T14:42:40.24593+05:30","@version":"1","message":"[Consumer clientId=consumer-notification-service-group-adnotificationlistener-retry-8000-1, groupId=notification-service-group-adnotificationlistener-retry-8000] Connection to node -1 (localhost/127.0.0.1:9092) could not be established. Node may not be available.","logger_name":"org.apache.kafka.clients.NetworkClient","thread_name":"org.springframework.kafka.KafkaListenerEndpointContainer#1-retry-8000-0-C-1","level":"WARN","level_value":30000,"springAppName":"notification-service","app_name":"notification-service"}
{"@timestamp":"2026-08-25T14:42:40.246079+05:30","@version":"1","message":"[Consumer clientId=consumer-notification-service-group-adnotificationlistener-retry-8000-1, groupId=notification-service-group-adnotificationlistener-retry-8000] Bootstrap broker localhost:9092 (id: -1 rack: null) disconnected","logger_name":"org.apache.kafka.clients.NetworkClient","thread_name":"org.springframework.kafka.KafkaListenerEndpointContainer#1-retry-8000-0-C-1","level":"WARN","level_value":30000,"springAppName":"notification-service","app_name":"notification-service"}
{"@timestamp":"2026-08-25T14:42:40.249514+05:30","@version":"1","message":"[Consumer clientId=consumer-notification-service-group-adnotificationlistener-retry-8000-1, groupId=notification-service-group-adnotificationlistener-retry-8000] Resetting generation and member id due to: consumer pro-actively leaving the group","logger_name":"org.apache.kafka.clients.consumer.internals.ConsumerCoordinator","thread_name":"org.springframework.kafka.KafkaListenerEndpointContainer#1-retry-8000-0-C-1","level":"INFO","level_value":20000,"springAppName":"notification-service","app_name":"notification-service"}
{"@timestamp":"2026-08-25T14:42:40.250976+05:30","@version":"1","message":"[Consumer clientId=consumer-notification-service-group-adnotificationlistener-retry-8000-1, groupId=notification-service-group-adnotificationlistener-retry-8000] Request joining group due to: consumer pro-actively leaving the group","logger_name":"org.apache.kafka.clients.consumer.internals.ConsumerCoordinator","thread_name":"org.springframework.kafka.KafkaListenerEndpointContainer#1-retry-8000-0-C-1","level":"INFO","level_value":20000,"springAppName":"notification-service","app_name":"notification-service"}
{"@timestamp":"2026-08-25T14:42:40.251138+05:30","@version":"1","message":"[Consumer clientId=consumer-notification-service-group-notificationeventconsumer-retry-2000-2, groupId=notification-service-group-notificationeventconsumer-retry-2000] Resetting generation and member id due to: consumer pro-actively leaving the group","logger_name":"org.apache.kafka.clients.consumer.internals.ConsumerCoordinator","thread_name":"org.springframework.kafka.KafkaListenerEndpointContainer#0-retry-2000-0-C-1","level":"INFO","level_value":20000,"springAppName":"notification-service","app_name":"notification-service"}
{"@timestamp":"2026-08-25T14:42:40.251253+05:30","@version":"1","message":"[Consumer clientId=consumer-notification-service-group-notificationeventconsumer-retry-2000-2, groupId=notification-service-group-notificationeventconsumer-retry-2000] Request joining group due to: consumer pro-actively leaving the group","logger_name":"org.apache.kafka.clients.consumer.internals.ConsumerCoordinator","thread_name":"org.springframework.kafka.KafkaListenerEndpointContainer#0-retry-2000-0-C-1","level":"INFO","level_value":20000,"springAppName":"notification-service","app_name":"notification-service"}
{"@timestamp":"2026-08-25T14:42:40.25128+05:30","@version":"1","message":"[Consumer clientId=consumer-notification-service-group-adnotificationlistener-retry-8000-1, groupId=notification-service-group-adnotificationlistener-retry-8000] Unsubscribed all topics or patterns and assigned partitions","logger_name":"org.apache.kafka.clients.consumer.internals.LegacyKafkaConsumer","thread_name":"org.springframework.kafka.KafkaListenerEndpointContainer#1-retry-8000-0-C-1","level":"INFO","level_value":20000,"springAppName":"notification-service","app_name":"notification-service"}
{"@timestamp":"2026-08-25T14:42:40.251302+05:30","@version":"1","message":"[Consumer clientId=consumer-notification-service-group-notificationeventconsumer-retry-2000-2, groupId=notification-service-group-notificationeventconsumer-retry-2000] Unsubscribed all topics or patterns and assigned partitions","logger_name":"org.apache.kafka.clients.consumer.internals.LegacyKafkaConsumer","thread_name":"org.springframework.kafka.KafkaListenerEndpointContainer#0-retry-2000-0-C-1","level":"INFO","level_value":20000,"springAppName":"notification-service","app_name":"notification-service"}
{"@timestamp":"2026-08-25T14:42:40.251922+05:30","@version":"1","message":"[Consumer clientId=consumer-notification-service-group-notificationeventconsumer-dlt-3, groupId=notification-service-group-notificationeventconsumer-dlt] Resetting generation and member id due to: consumer pro-actively leaving the group","logger_name":"org.apache.kafka.clients.consumer.internals.ConsumerCoordinator","thread_name":"org.springframework.kafka.KafkaListenerEndpointContainer#0-dlt-0-C-1","level":"INFO","level_value":20000,"springAppName":"notification-service","app_name":"notification-service"}
{"@timestamp":"2026-08-25T14:42:40.252215+05:30","@version":"1","message":"[Consumer clientId=consumer-notification-service-group-notificationeventconsumer-retry-8000-4, groupId=notification-service-group-notificationeventconsumer-retry-8000] Resetting generation and member id due to: consumer pro-actively leaving the group","logger_name":"org.apache.kafka.clients.consumer.internals.ConsumerCoordinator","thread_name":"org.springframework.kafka.KafkaListenerEndpointContainer#0-retry-8000-0-C-1","level":"INFO","level_value":20000,"springAppName":"notification-service","app_name":"notification-service"}
{"@timestamp":"2026-08-25T14:42:40.252324+05:30","@version":"1","message":"[Consumer clientId=consumer-notification-service-group-notificationeventconsumer-retry-8000-4, groupId=notification-service-group-notificationeventconsumer-retry-8000] Request joining group due to: consumer pro-actively leaving the group","logger_name":"org.apache.kafka.clients.consumer.internals.ConsumerCoordinator","thread_name":"org.springframework.kafka.KafkaListenerEndpointContainer#0-retry-8000-0-C-1","level":"INFO","level_value":20000,"springAppName":"notification-service","app_name":"notification-service"}
{"@timestamp":"2026-08-25T14:42:40.252378+05:30","@version":"1","message":"[Consumer clientId=consumer-notification-service-group-notificationeventconsumer-retry-8000-4, groupId=notification-service-group-notificationeventconsumer-retry-8000] Unsubscribed all topics or patterns and assigned partitions","logger_name":"org.apache.kafka.clients.consumer.internals.LegacyKafkaConsumer","thread_name":"org.springframework.kafka.KafkaListenerEndpointContainer#0-retry-8000-0-C-1","level":"INFO","level_value":20000,"springAppName":"notification-service","app_name":"notification-service"}
{"@timestamp":"2026-08-25T14:42:40.252478+05:30","@version":"1","message":"[Consumer clientId=consumer-notification-service-group-adnotificationlistener-retry-1000-5, groupId=notification-service-group-adnotificationlistener-retry-1000] Resetting generation and member id due to: consumer pro-actively leaving the group","logger_name":"org.apache.kafka.clients.consumer.internals.ConsumerCoordinator","thread_name":"org.springframework.kafka.KafkaListenerEndpointContainer#1-retry-1000-0-C-1","level":"INFO","level_value":20000,"springAppName":"notification-service","app_name":"notification-service"}
{"@timestamp":"2026-08-25T14:42:40.252566+05:30","@version":"1","message":"[Consumer clientId=consumer-notification-service-group-adnotificationlistener-retry-1000-5, groupId=notification-service-group-adnotificationlistener-retry-1000] Request joining group due to: consumer pro-actively leaving the group","logger_name":"org.apache.kafka.clients.consumer.internals.ConsumerCoordinator","thread_name":"org.springframework.kafka.KafkaListenerEndpointContainer#1-retry-1000-0-C-1","level":"INFO","level_value":20000,"springAppName":"notification-service","app_name":"notification-service"}
{"@timestamp":"2026-08-25T14:42:40.252616+05:30","@version":"1","message":"[Consumer clientId=consumer-notification-service-group-adnotificationlistener-retry-1000-5, groupId=notification-service-group-adnotificationlistener-retry-1000] Unsubscribed all topics or patterns and assigned partitions","logger_name":"org.apache.kafka.clients.consumer.internals.LegacyKafkaConsumer","thread_name":"org.springframework.kafka.KafkaListenerEndpointContainer#1-retry-1000-0-C-1","level":"INFO","level_value":20000,"springAppName":"notification-service","app_name":"notification-service"}
{"@timestamp":"2026-08-25T14:42:40.252906+05:30","@version":"1","message":"[Consumer clientId=consumer-notification-service-group-adnotificationlistener-retry-4000-6, groupId=notification-service-group-adnotificationlistener-retry-4000] Resetting generation and member id due to: consumer pro-actively leaving the group","logger_name":"org.apache.kafka.clients.consumer.internals.ConsumerCoordinator","thread_name":"org.springframework.kafka.KafkaListenerEndpointContainer#1-retry-4000-0-C-1","level":"INFO","level_value":20000,"springAppName":"notification-service","app_name":"notification-service"}
{"@timestamp":"2026-08-25T14:42:40.252998+05:30","@version":"1","message":"[Consumer clientId=consumer-notification-service-group-adnotificationlistener-retry-4000-6, groupId=notification-service-group-adnotificationlistener-retry-4000] Request joining group due to: consumer pro-actively leaving the group","logger_name":"org.apache.kafka.clients.consumer.internals.ConsumerCoordinator","thread_name":"org.springframework.kafka.KafkaListenerEndpointContainer#1-retry-4000-0-C-1","level":"INFO","level_value":20000,"springAppName":"notification-service","app_name":"notification-service"}
{"@timestamp":"2026-08-25T14:42:40.253039+05:30","@version":"1","message":"[Consumer clientId=consumer-notification-service-group-adnotificationlistener-retry-4000-6, groupId=notification-service-group-adnotificationlistener-retry-4000] Unsubscribed all topics or patterns and assigned partitions","logger_name":"org.apache.kafka.clients.consumer.internals.LegacyKafkaConsumer","thread_name":"org.springframework.kafka.KafkaListenerEndpointContainer#1-retry-4000-0-C-1","level":"INFO","level_value":20000,"springAppName":"notification-service","app_name":"notification-service"}
{"@timestamp":"2026-08-25T14:42:40.252819+05:30","@version":"1","message":"[Consumer clientId=consumer-notification-service-group-adnotificationlistener-dlt-7, groupId=notification-service-group-adnotificationlistener-dlt] Resetting generation and member id due to: consumer pro-actively leaving the group","logger_name":"org.apache.kafka.clients.consumer.internals.ConsumerCoordinator","thread_name":"org.springframework.kafka.KafkaListenerEndpointContainer#1-dlt-0-C-1","level":"INFO","level_value":20000,"springAppName":"notification-service","app_name":"notification-service"}
{"@timestamp":"2026-08-25T14:42:40.253205+05:30","@version":"1","message":"[Consumer clientId=consumer-notification-service-group-adnotificationlistener-dlt-7, groupId=notification-service-group-adnotificationlistener-dlt] Request joining group due to: consumer pro-actively leaving the group","logger_name":"org.apache.kafka.clients.consumer.internals.ConsumerCoordinator","thread_name":"org.springframework.kafka.KafkaListenerEndpointContainer#1-dlt-0-C-1","level":"INFO","level_value":20000,"springAppName":"notification-service","app_name":"notification-service"}
{"@timestamp":"2026-08-25T14:42:40.253254+05:30","@version":"1","message":"[Consumer clientId=consumer-notification-service-group-adnotificationlistener-dlt-7, groupId=notification-service-group-adnotificationlistener-dlt] Unsubscribed all topics or patterns and assigned partitions","logger_name":"org.apache.kafka.clients.consumer.internals.LegacyKafkaConsumer","thread_name":"org.springframework.kafka.KafkaListenerEndpointContainer#1-dlt-0-C-1","level":"INFO","level_value":20000,"springAppName":"notification-service","app_name":"notification-service"}
{"@timestamp":"2026-08-25T14:42:40.25394+05:30","@version":"1","message":"[Consumer clientId=consumer-notification-service-group-adnotificationlistener-retry-8000-1, groupId=notification-service-group-adnotificationlistener-retry-8000] Resetting generation and member id due to: consumer pro-actively leaving the group","logger_name":"org.apache.kafka.clients.consumer.internals.ConsumerCoordinator","thread_name":"org.springframework.kafka.KafkaListenerEndpointContainer#1-retry-8000-0-C-1","level":"INFO","level_value":20000,"springAppName":"notification-service","app_name":"notification-service"}
{"@timestamp":"2026-08-25T14:42:40.255315+05:30","@version":"1","message":"[Consumer clientId=consumer-notification-service-group-adnotificationlistener-retry-8000-1, groupId=notification-service-group-adnotificationlistener-retry-8000] Request joining group due to: consumer pro-actively leaving the group","logger_name":"org.apache.kafka.clients.consumer.internals.ConsumerCoordinator","thread_name":"org.springframework.kafka.KafkaListenerEndpointContainer#1-retry-8000-0-C-1","level":"INFO","level_value":20000,"springAppName":"notification-service","app_name":"notification-service"}
{"@timestamp":"2026-08-25T14:42:40.252309+05:30","@version":"1","message":"[Consumer clientId=consumer-notification-service-group-notificationeventconsumer-dlt-3, groupId=notification-service-group-notificationeventconsumer-dlt] Request joining group due to: consumer pro-actively leaving the group","logger_name":"org.apache.kafka.clients.consumer.internals.ConsumerCoordinator","thread_name":"org.springframework.kafka.KafkaListenerEndpointContainer#0-dlt-0-C-1","level":"INFO","level_value":20000,"springAppName":"notification-service","app_name":"notification-service"}
{"@timestamp":"2026-08-25T14:42:40.25414+05:30","@version":"1","message":"[Consumer clientId=consumer-notification-service-group-notificationeventconsumer-retry-4000-8, groupId=notification-service-group-notificationeventconsumer-retry-4000] Resetting generation and member id due to: consumer pro-actively leaving the group","logger_name":"org.apache.kafka.clients.consumer.internals.ConsumerCoordinator","thread_name":"org.springframework.kafka.KafkaListenerEndpointContainer#0-retry-4000-0-C-1","level":"INFO","level_value":20000,"springAppName":"notification-service","app_name":"notification-service"}
{"@timestamp":"2026-08-25T14:42:40.255626+05:30","@version":"1","message":"[Consumer clientId=consumer-notification-service-group-notificationeventconsumer-retry-4000-8, groupId=notification-service-group-notificationeventconsumer-retry-4000] Request joining group due to: consumer pro-actively leaving the group","logger_name":"org.apache.kafka.clients.consumer.internals.ConsumerCoordinator","thread_name":"org.springframework.kafka.KafkaListenerEndpointContainer#0-retry-4000-0-C-1","level":"INFO","level_value":20000,"springAppName":"notification-service","app_name":"notification-service"}
{"@timestamp":"2026-08-25T14:42:40.254185+05:30","@version":"1","message":"[Consumer clientId=consumer-notification-service-group-notificationeventconsumer-retry-2000-2, groupId=notification-service-group-notificationeventconsumer-retry-2000] Resetting generation and member id due to: consumer pro-actively leaving the group","logger_name":"org.apache.kafka.clients.consumer.internals.ConsumerCoordinator","thread_name":"org.springframework.kafka.KafkaListenerEndpointContainer#0-retry-2000-0-C-1","level":"INFO","level_value":20000,"springAppName":"notification-service","app_name":"notification-service"}
{"@timestamp":"2026-08-25T14:42:40.255706+05:30","@version":"1","message":"[Consumer clientId=consumer-notification-service-group-notificationeventconsumer-retry-4000-8, groupId=notification-service-group-notificationeventconsumer-retry-4000] Unsubscribed all topics or patterns and assigned partitions","logger_name":"org.apache.kafka.clients.consumer.internals.LegacyKafkaConsumer","thread_name":"org.springframework.kafka.KafkaListenerEndpointContainer#0-retry-4000-0-C-1","level":"INFO","level_value":20000,"springAppName":"notification-service","app_name":"notification-service"}
{"@timestamp":"2026-08-25T14:42:40.255729+05:30","@version":"1","message":"[Consumer clientId=consumer-notification-service-group-notificationeventconsumer-retry-2000-2, groupId=notification-service-group-notificationeventconsumer-retry-2000] Request joining group due to: consumer pro-actively leaving the group","logger_name":"org.apache.kafka.clients.consumer.internals.ConsumerCoordinator","thread_name":"org.springframework.kafka.KafkaListenerEndpointContainer#0-retry-2000-0-C-1","level":"INFO","level_value":20000,"springAppName":"notification-service","app_name":"notification-service"}
{"@timestamp":"2026-08-25T14:42:40.254289+05:30","@version":"1","message":"[Consumer clientId=consumer-notification-service-group-adnotificationlistener-retry-2000-9, groupId=notification-service-group-adnotificationlistener-retry-2000] Resetting generation and member id due to: consumer pro-actively leaving the group","logger_name":"org.apache.kafka.clients.consumer.internals.ConsumerCoordinator","thread_name":"org.springframework.kafka.KafkaListenerEndpointContainer#1-retry-2000-0-C-1","level":"INFO","level_value":20000,"springAppName":"notification-service","app_name":"notification-service"}
{"@timestamp":"2026-08-25T14:42:40.255803+05:30","@version":"1","message":"[Consumer clientId=consumer-notification-service-group-adnotificationlistener-retry-2000-9, groupId=notification-service-group-adnotificationlistener-retry-2000] Request joining group due to: consumer pro-actively leaving the group","logger_name":"org.apache.kafka.clients.consumer.internals.ConsumerCoordinator","thread_name":"org.springframework.kafka.KafkaListenerEndpointContainer#1-retry-2000-0-C-1","level":"INFO","level_value":20000,"springAppName":"notification-service","app_name":"notification-service"}
{"@timestamp":"2026-08-25T14:42:40.25585+05:30","@version":"1","message":"[Consumer clientId=consumer-notification-service-group-adnotificationlistener-retry-2000-9, groupId=notification-service-group-adnotificationlistener-retry-2000] Unsubscribed all topics or patterns and assigned partitions","logger_name":"org.apache.kafka.clients.consumer.internals.LegacyKafkaConsumer","thread_name":"org.springframework.kafka.KafkaListenerEndpointContainer#1-retry-2000-0-C-1","level":"INFO","level_value":20000,"springAppName":"notification-service","app_name":"notification-service"}
{"@timestamp":"2026-08-25T14:42:40.255934+05:30","@version":"1","message":"[Consumer clientId=consumer-notification-service-group-adnotificationlistener-retry-2000-9, groupId=notification-service-group-adnotificationlistener-retry-2000] Resetting generation and member id due to: consumer pro-actively leaving the group","logger_name":"org.apache.kafka.clients.consumer.internals.ConsumerCoordinator","thread_name":"org.springframework.kafka.KafkaListenerEndpointContainer#1-retry-2000-0-C-1","level":"INFO","level_value":20000,"springAppName":"notification-service","app_name":"notification-service"}
{"@timestamp":"2026-08-25T14:42:40.255974+05:30","@version":"1","message":"[Consumer clientId=consumer-notification-service-group-adnotificationlistener-retry-2000-9, groupId=notification-service-group-adnotificationlistener-retry-2000] Request joining group due to: consumer pro-actively leaving the group","logger_name":"org.apache.kafka.clients.consumer.internals.ConsumerCoordinator","thread_name":"org.springframework.kafka.KafkaListenerEndpointContainer#1-retry-2000-0-C-1","level":"INFO","level_value":20000,"springAppName":"notification-service","app_name":"notification-service"}
{"@timestamp":"2026-08-25T14:42:40.254448+05:30","@version":"1","message":"[Consumer clientId=consumer-notification-service-group-notificationeventconsumer-10, groupId=notification-service-group-notificationeventconsumer] Resetting generation and member id due to: consumer pro-actively leaving the group","logger_name":"org.apache.kafka.clients.consumer.internals.ConsumerCoordinator","thread_name":"org.springframework.kafka.KafkaListenerEndpointContainer#0-0-C-1","level":"INFO","level_value":20000,"springAppName":"notification-service","app_name":"notification-service"}
{"@timestamp":"2026-08-25T14:42:40.256105+05:30","@version":"1","message":"[Consumer clientId=consumer-notification-service-group-notificationeventconsumer-10, groupId=notification-service-group-notificationeventconsumer] Request joining group due to: consumer pro-actively leaving the group","logger_name":"org.apache.kafka.clients.consumer.internals.ConsumerCoordinator","thread_name":"org.springframework.kafka.KafkaListenerEndpointContainer#0-0-C-1","level":"INFO","level_value":20000,"springAppName":"notification-service","app_name":"notification-service"}
{"@timestamp":"2026-08-25T14:42:40.256261+05:30","@version":"1","message":"[Consumer clientId=consumer-notification-service-group-notificationeventconsumer-10, groupId=notification-service-group-notificationeventconsumer] Unsubscribed all topics or patterns and assigned partitions","logger_name":"org.apache.kafka.clients.consumer.internals.LegacyKafkaConsumer","thread_name":"org.springframework.kafka.KafkaListenerEndpointContainer#0-0-C-1","level":"INFO","level_value":20000,"springAppName":"notification-service","app_name":"notification-service"}
{"@timestamp":"2026-08-25T14:42:40.254991+05:30","@version":"1","message":"[Consumer clientId=consumer-notification-service-group-adnotificationlistener-11, groupId=notification-service-group-adnotificationlistener] Resetting generation and member id due to: consumer pro-actively leaving the group","logger_name":"org.apache.kafka.clients.consumer.internals.ConsumerCoordinator","thread_name":"org.springframework.kafka.KafkaListenerEndpointContainer#1-0-C-1","level":"INFO","level_value":20000,"springAppName":"notification-service","app_name":"notification-service"}
{"@timestamp":"2026-08-25T14:42:40.256447+05:30","@version":"1","message":"[Consumer clientId=consumer-notification-service-group-notificationeventconsumer-10, groupId=notification-service-group-notificationeventconsumer] Resetting generation and member id due to: consumer pro-actively leaving the group","logger_name":"org.apache.kafka.clients.consumer.internals.ConsumerCoordinator","thread_name":"org.springframework.kafka.KafkaListenerEndpointContainer#0-0-C-1","level":"INFO","level_value":20000,"springAppName":"notification-service","app_name":"notification-service"}
{"@timestamp":"2026-08-25T14:42:40.256502+05:30","@version":"1","message":"[Consumer clientId=consumer-notification-service-group-adnotificationlistener-11, groupId=notification-service-group-adnotificationlistener] Request joining group due to: consumer pro-actively leaving the group","logger_name":"org.apache.kafka.clients.consumer.internals.ConsumerCoordinator","thread_name":"org.springframework.kafka.KafkaListenerEndpointContainer#1-0-C-1","level":"INFO","level_value":20000,"springAppName":"notification-service","app_name":"notification-service"}
{"@timestamp":"2026-08-25T14:42:40.256517+05:30","@version":"1","message":"[Consumer clientId=consumer-notification-service-group-notificationeventconsumer-10, groupId=notification-service-group-notificationeventconsumer] Request joining group due to: consumer pro-actively leaving the group","logger_name":"org.apache.kafka.clients.consumer.internals.ConsumerCoordinator","thread_name":"org.springframework.kafka.KafkaListenerEndpointContainer#0-0-C-1","level":"INFO","level_value":20000,"springAppName":"notification-service","app_name":"notification-service"}
{"@timestamp":"2026-08-25T14:42:40.256542+05:30","@version":"1","message":"[Consumer clientId=consumer-notification-service-group-adnotificationlistener-11, groupId=notification-service-group-adnotificationlistener] Unsubscribed all topics or patterns and assigned partitions","logger_name":"org.apache.kafka.clients.consumer.internals.LegacyKafkaConsumer","thread_name":"org.springframework.kafka.KafkaListenerEndpointContainer#1-0-C-1","level":"INFO","level_value":20000,"springAppName":"notification-service","app_name":"notification-service"}
{"@timestamp":"2026-08-25T14:42:40.255083+05:30","@version":"1","message":"[Consumer clientId=consumer-notification-service-group-notificationeventconsumer-retry-8000-4, groupId=notification-service-group-notificationeventconsumer-retry-8000] Resetting generation and member id due to: consumer pro-actively leaving the group","logger_name":"org.apache.kafka.clients.consumer.internals.ConsumerCoordinator","thread_name":"org.springframework.kafka.KafkaListenerEndpointContainer#0-retry-8000-0-C-1","level":"INFO","level_value":20000,"springAppName":"notification-service","app_name":"notification-service"}
{"@timestamp":"2026-08-25T14:42:40.256654+05:30","@version":"1","message":"[Consumer clientId=consumer-notification-service-group-adnotificationlistener-11, groupId=notification-service-group-adnotificationlistener] Resetting generation and member id due to: consumer pro-actively leaving the group","logger_name":"org.apache.kafka.clients.consumer.internals.ConsumerCoordinator","thread_name":"org.springframework.kafka.KafkaListenerEndpointContainer#1-0-C-1","level":"INFO","level_value":20000,"springAppName":"notification-service","app_name":"notification-service"}
{"@timestamp":"2026-08-25T14:42:40.256676+05:30","@version":"1","message":"[Consumer clientId=consumer-notification-service-group-notificationeventconsumer-retry-8000-4, groupId=notification-service-group-notificationeventconsumer-retry-8000] Request joining group due to: consumer pro-actively leaving the group","logger_name":"org.apache.kafka.clients.consumer.internals.ConsumerCoordinator","thread_name":"org.springframework.kafka.KafkaListenerEndpointContainer#0-retry-8000-0-C-1","level":"INFO","level_value":20000,"springAppName":"notification-service","app_name":"notification-service"}
{"@timestamp":"2026-08-25T14:42:40.256695+05:30","@version":"1","message":"[Consumer clientId=consumer-notification-service-group-adnotificationlistener-11, groupId=notification-service-group-adnotificationlistener] Request joining group due to: consumer pro-actively leaving the group","logger_name":"org.apache.kafka.clients.consumer.internals.ConsumerCoordinator","thread_name":"org.springframework.kafka.KafkaListenerEndpointContainer#1-0-C-1","level":"INFO","level_value":20000,"springAppName":"notification-service","app_name":"notification-service"}
{"@timestamp":"2026-08-25T14:42:40.255321+05:30","@version":"1","message":"[Consumer clientId=consumer-notification-service-group-adnotificationlistener-retry-4000-6, groupId=notification-service-group-adnotificationlistener-retry-4000] Resetting generation and member id due to: consumer pro-actively leaving the group","logger_name":"org.apache.kafka.clients.consumer.internals.ConsumerCoordinator","thread_name":"org.springframework.kafka.KafkaListenerEndpointContainer#1-retry-4000-0-C-1","level":"INFO","level_value":20000,"springAppName":"notification-service","app_name":"notification-service"}
{"@timestamp":"2026-08-25T14:42:40.256782+05:30","@version":"1","message":"[Consumer clientId=consumer-notification-service-group-adnotificationlistener-retry-4000-6, groupId=notification-service-group-adnotificationlistener-retry-4000] Request joining group due to: consumer pro-actively leaving the group","logger_name":"org.apache.kafka.clients.consumer.internals.ConsumerCoordinator","thread_name":"org.springframework.kafka.KafkaListenerEndpointContainer#1-retry-4000-0-C-1","level":"INFO","level_value":20000,"springAppName":"notification-service","app_name":"notification-service"}
{"@timestamp":"2026-08-25T14:42:40.255302+05:30","@version":"1","message":"[Consumer clientId=consumer-notification-service-group-adnotificationlistener-retry-1000-5, groupId=notification-service-group-adnotificationlistener-retry-1000] Resetting generation and member id due to: consumer pro-actively leaving the group","logger_name":"org.apache.kafka.clients.consumer.internals.ConsumerCoordinator","thread_name":"org.springframework.kafka.KafkaListenerEndpointContainer#1-retry-1000-0-C-1","level":"INFO","level_value":20000,"springAppName":"notification-service","app_name":"notification-service"}
{"@timestamp":"2026-08-25T14:42:40.255577+05:30","@version":"1","message":"[Consumer clientId=consumer-notification-service-group-notificationeventconsumer-dlt-3, groupId=notification-service-group-notificationeventconsumer-dlt] Unsubscribed all topics or patterns and assigned partitions","logger_name":"org.apache.kafka.clients.consumer.internals.LegacyKafkaConsumer","thread_name":"org.springframework.kafka.KafkaListenerEndpointContainer#0-dlt-0-C-1","level":"INFO","level_value":20000,"springAppName":"notification-service","app_name":"notification-service"}
{"@timestamp":"2026-08-25T14:42:40.255636+05:30","@version":"1","message":"[Consumer clientId=consumer-notification-service-group-adnotificationlistener-dlt-7, groupId=notification-service-group-adnotificationlistener-dlt] Resetting generation and member id due to: consumer pro-actively leaving the group","logger_name":"org.apache.kafka.clients.consumer.internals.ConsumerCoordinator","thread_name":"org.springframework.kafka.KafkaListenerEndpointContainer#1-dlt-0-C-1","level":"INFO","level_value":20000,"springAppName":"notification-service","app_name":"notification-service"}
{"@timestamp":"2026-08-25T14:42:40.256899+05:30","@version":"1","message":"[Consumer clientId=consumer-notification-service-group-adnotificationlistener-dlt-7, groupId=notification-service-group-adnotificationlistener-dlt] Request joining group due to: consumer pro-actively leaving the group","logger_name":"org.apache.kafka.clients.consumer.internals.ConsumerCoordinator","thread_name":"org.springframework.kafka.KafkaListenerEndpointContainer#1-dlt-0-C-1","level":"INFO","level_value":20000,"springAppName":"notification-service","app_name":"notification-service"}
{"@timestamp":"2026-08-25T14:42:40.256954+05:30","@version":"1","message":"[Consumer clientId=consumer-notification-service-group-notificationeventconsumer-dlt-3, groupId=notification-service-group-notificationeventconsumer-dlt] Resetting generation and member id due to: consumer pro-actively leaving the group","logger_name":"org.apache.kafka.clients.consumer.internals.ConsumerCoordinator","thread_name":"org.springframework.kafka.KafkaListenerEndpointContainer#0-dlt-0-C-1","level":"INFO","level_value":20000,"springAppName":"notification-service","app_name":"notification-service"}
{"@timestamp":"2026-08-25T14:42:40.256993+05:30","@version":"1","message":"[Consumer clientId=consumer-notification-service-group-notificationeventconsumer-dlt-3, groupId=notification-service-group-notificationeventconsumer-dlt] Request joining group due to: consumer pro-actively leaving the group","logger_name":"org.apache.kafka.clients.consumer.internals.ConsumerCoordinator","thread_name":"org.springframework.kafka.KafkaListenerEndpointContainer#0-dlt-0-C-1","level":"INFO","level_value":20000,"springAppName":"notification-service","app_name":"notification-service"}
{"@timestamp":"2026-08-25T14:42:40.25586+05:30","@version":"1","message":"[Consumer clientId=consumer-notification-service-group-notificationeventconsumer-retry-4000-8, groupId=notification-service-group-notificationeventconsumer-retry-4000] Resetting generation and member id due to: consumer pro-actively leaving the group","logger_name":"org.apache.kafka.clients.consumer.internals.ConsumerCoordinator","thread_name":"org.springframework.kafka.KafkaListenerEndpointContainer#0-retry-4000-0-C-1","level":"INFO","level_value":20000,"springAppName":"notification-service","app_name":"notification-service"}
{"@timestamp":"2026-08-25T14:42:40.256847+05:30","@version":"1","message":"[Consumer clientId=consumer-notification-service-group-adnotificationlistener-retry-1000-5, groupId=notification-service-group-adnotificationlistener-retry-1000] Request joining group due to: consumer pro-actively leaving the group","logger_name":"org.apache.kafka.clients.consumer.internals.ConsumerCoordinator","thread_name":"org.springframework.kafka.KafkaListenerEndpointContainer#1-retry-1000-0-C-1","level":"INFO","level_value":20000,"springAppName":"notification-service","app_name":"notification-service"}
{"@timestamp":"2026-08-25T14:42:40.257045+05:30","@version":"1","message":"[Consumer clientId=consumer-notification-service-group-notificationeventconsumer-retry-4000-8, groupId=notification-service-group-notificationeventconsumer-retry-4000] Request joining group due to: consumer pro-actively leaving the group","logger_name":"org.apache.kafka.clients.consumer.internals.ConsumerCoordinator","thread_name":"org.springframework.kafka.KafkaListenerEndpointContainer#0-retry-4000-0-C-1","level":"INFO","level_value":20000,"springAppName":"notification-service","app_name":"notification-service"}
{"@timestamp":"2026-08-25T14:42:40.263571+05:30","@version":"1","message":"Metrics scheduler closed","logger_name":"org.apache.kafka.common.metrics.Metrics","thread_name":"org.springframework.kafka.KafkaListenerEndpointContainer#0-retry-8000-0-C-1","level":"INFO","level_value":20000,"springAppName":"notification-service","app_name":"notification-service"}
{"@timestamp":"2026-08-25T14:42:40.263846+05:30","@version":"1","message":"Metrics scheduler closed","logger_name":"org.apache.kafka.common.metrics.Metrics","thread_name":"org.springframework.kafka.KafkaListenerEndpointContainer#1-dlt-0-C-1","level":"INFO","level_value":20000,"springAppName":"notification-service","app_name":"notification-service"}
{"@timestamp":"2026-08-25T14:42:40.264022+05:30","@version":"1","message":"Metrics scheduler closed","logger_name":"org.apache.kafka.common.metrics.Metrics","thread_name":"org.springframework.kafka.KafkaListenerEndpointContainer#0-retry-2000-0-C-1","level":"INFO","level_value":20000,"springAppName":"notification-service","app_name":"notification-service"}
{"@timestamp":"2026-08-25T14:42:40.264043+05:30","@version":"1","message":"Closing reporter org.apache.kafka.common.metrics.JmxReporter","logger_name":"org.apache.kafka.common.metrics.Metrics","thread_name":"org.springframework.kafka.KafkaListenerEndpointContainer#1-dlt-0-C-1","level":"INFO","level_value":20000,"springAppName":"notification-service","app_name":"notification-service"}
{"@timestamp":"2026-08-25T14:42:40.263844+05:30","@version":"1","message":"Metrics scheduler closed","logger_name":"org.apache.kafka.common.metrics.Metrics","thread_name":"org.springframework.kafka.KafkaListenerEndpointContainer#1-0-C-1","level":"INFO","level_value":20000,"springAppName":"notification-service","app_name":"notification-service"}
{"@timestamp":"2026-08-25T14:42:40.264085+05:30","@version":"1","message":"Metrics scheduler closed","logger_name":"org.apache.kafka.common.metrics.Metrics","thread_name":"org.springframework.kafka.KafkaListenerEndpointContainer#1-retry-8000-0-C-1","level":"INFO","level_value":20000,"springAppName":"notification-service","app_name":"notification-service"}
{"@timestamp":"2026-08-25T14:42:40.264111+05:30","@version":"1","message":"Closing reporter org.apache.kafka.common.metrics.JmxReporter","logger_name":"org.apache.kafka.common.metrics.Metrics","thread_name":"org.springframework.kafka.KafkaListenerEndpointContainer#1-0-C-1","level":"INFO","level_value":20000,"springAppName":"notification-service","app_name":"notification-service"}
{"@timestamp":"2026-08-25T14:42:40.264121+05:30","@version":"1","message":"Closing reporter org.apache.kafka.common.telemetry.internals.ClientTelemetryReporter","logger_name":"org.apache.kafka.common.metrics.Metrics","thread_name":"org.springframework.kafka.KafkaListenerEndpointContainer#1-dlt-0-C-1","level":"INFO","level_value":20000,"springAppName":"notification-service","app_name":"notification-service"}
{"@timestamp":"2026-08-25T14:42:40.264131+05:30","@version":"1","message":"Closing reporter org.apache.kafka.common.metrics.JmxReporter","logger_name":"org.apache.kafka.common.metrics.Metrics","thread_name":"org.springframework.kafka.KafkaListenerEndpointContainer#1-retry-8000-0-C-1","level":"INFO","level_value":20000,"springAppName":"notification-service","app_name":"notification-service"}
{"@timestamp":"2026-08-25T14:42:40.263842+05:30","@version":"1","message":"Metrics scheduler closed","logger_name":"org.apache.kafka.common.metrics.Metrics","thread_name":"org.springframework.kafka.KafkaListenerEndpointContainer#0-dlt-0-C-1","level":"INFO","level_value":20000,"springAppName":"notification-service","app_name":"notification-service"}
{"@timestamp":"2026-08-25T14:42:40.264188+05:30","@version":"1","message":"Closing reporter org.apache.kafka.common.metrics.JmxReporter","logger_name":"org.apache.kafka.common.metrics.Metrics","thread_name":"org.springframework.kafka.KafkaListenerEndpointContainer#0-dlt-0-C-1","level":"INFO","level_value":20000,"springAppName":"notification-service","app_name":"notification-service"}
{"@timestamp":"2026-08-25T14:42:40.264032+05:30","@version":"1","message":"Closing reporter org.apache.kafka.common.metrics.JmxReporter","logger_name":"org.apache.kafka.common.metrics.Metrics","thread_name":"org.springframework.kafka.KafkaListenerEndpointContainer#0-retry-8000-0-C-1","level":"INFO","level_value":20000,"springAppName":"notification-service","app_name":"notification-service"}
{"@timestamp":"2026-08-25T14:42:40.264075+05:30","@version":"1","message":"Closing reporter org.apache.kafka.common.metrics.JmxReporter","logger_name":"org.apache.kafka.common.metrics.Metrics","thread_name":"org.springframework.kafka.KafkaListenerEndpointContainer#0-retry-2000-0-C-1","level":"INFO","level_value":20000,"springAppName":"notification-service","app_name":"notification-service"}
{"@timestamp":"2026-08-25T14:42:40.264259+05:30","@version":"1","message":"Metrics reporters closed","logger_name":"org.apache.kafka.common.metrics.Metrics","thread_name":"org.springframework.kafka.KafkaListenerEndpointContainer#1-dlt-0-C-1","level":"INFO","level_value":20000,"springAppName":"notification-service","app_name":"notification-service"}
{"@timestamp":"2026-08-25T14:42:40.264255+05:30","@version":"1","message":"Closing reporter org.apache.kafka.common.telemetry.internals.ClientTelemetryReporter","logger_name":"org.apache.kafka.common.metrics.Metrics","thread_name":"org.springframework.kafka.KafkaListenerEndpointContainer#0-dlt-0-C-1","level":"INFO","level_value":20000,"springAppName":"notification-service","app_name":"notification-service"}
{"@timestamp":"2026-08-25T14:42:40.264323+05:30","@version":"1","message":"Metrics reporters closed","logger_name":"org.apache.kafka.common.metrics.Metrics","thread_name":"org.springframework.kafka.KafkaListenerEndpointContainer#0-dlt-0-C-1","level":"INFO","level_value":20000,"springAppName":"notification-service","app_name":"notification-service"}
{"@timestamp":"2026-08-25T14:42:40.264337+05:30","@version":"1","message":"Metrics scheduler closed","logger_name":"org.apache.kafka.common.metrics.Metrics","thread_name":"org.springframework.kafka.KafkaListenerEndpointContainer#1-retry-1000-0-C-1","level":"INFO","level_value":20000,"springAppName":"notification-service","app_name":"notification-service"}
{"@timestamp":"2026-08-25T14:42:40.264383+05:30","@version":"1","message":"Metrics scheduler closed","logger_name":"org.apache.kafka.common.metrics.Metrics","thread_name":"org.springframework.kafka.KafkaListenerEndpointContainer#1-retry-2000-0-C-1","level":"INFO","level_value":20000,"springAppName":"notification-service","app_name":"notification-service"}
{"@timestamp":"2026-08-25T14:42:40.264417+05:30","@version":"1","message":"Closing reporter org.apache.kafka.common.telemetry.internals.ClientTelemetryReporter","logger_name":"org.apache.kafka.common.metrics.Metrics","thread_name":"org.springframework.kafka.KafkaListenerEndpointContainer#1-0-C-1","level":"INFO","level_value":20000,"springAppName":"notification-service","app_name":"notification-service"}
{"@timestamp":"2026-08-25T14:42:40.264413+05:30","@version":"1","message":"Closing reporter org.apache.kafka.common.metrics.JmxReporter","logger_name":"org.apache.kafka.common.metrics.Metrics","thread_name":"org.springframework.kafka.KafkaListenerEndpointContainer#1-retry-1000-0-C-1","level":"INFO","level_value":20000,"springAppName":"notification-service","app_name":"notification-service"}
{"@timestamp":"2026-08-25T14:42:40.264352+05:30","@version":"1","message":"Metrics scheduler closed","logger_name":"org.apache.kafka.common.metrics.Metrics","thread_name":"org.springframework.kafka.KafkaListenerEndpointContainer#0-retry-4000-0-C-1","level":"INFO","level_value":20000,"springAppName":"notification-service","app_name":"notification-service"}
{"@timestamp":"2026-08-25T14:42:40.264462+05:30","@version":"1","message":"Metrics reporters closed","logger_name":"org.apache.kafka.common.metrics.Metrics","thread_name":"org.springframework.kafka.KafkaListenerEndpointContainer#1-0-C-1","level":"INFO","level_value":20000,"springAppName":"notification-service","app_name":"notification-service"}
{"@timestamp":"2026-08-25T14:42:40.264494+05:30","@version":"1","message":"Closing reporter org.apache.kafka.common.telemetry.internals.ClientTelemetryReporter","logger_name":"org.apache.kafka.common.metrics.Metrics","thread_name":"org.springframework.kafka.KafkaListenerEndpointContainer#1-retry-8000-0-C-1","level":"INFO","level_value":20000,"springAppName":"notification-service","app_name":"notification-service"}
{"@timestamp":"2026-08-25T14:42:40.26442+05:30","@version":"1","message":"Closing reporter org.apache.kafka.common.metrics.JmxReporter","logger_name":"org.apache.kafka.common.metrics.Metrics","thread_name":"org.springframework.kafka.KafkaListenerEndpointContainer#1-retry-2000-0-C-1","level":"INFO","level_value":20000,"springAppName":"notification-service","app_name":"notification-service"}
{"@timestamp":"2026-08-25T14:42:40.264486+05:30","@version":"1","message":"Closing reporter org.apache.kafka.common.metrics.JmxReporter","logger_name":"org.apache.kafka.common.metrics.Metrics","thread_name":"org.springframework.kafka.KafkaListenerEndpointContainer#0-retry-4000-0-C-1","level":"INFO","level_value":20000,"springAppName":"notification-service","app_name":"notification-service"}
{"@timestamp":"2026-08-25T14:42:40.264542+05:30","@version":"1","message":"Metrics scheduler closed","logger_name":"org.apache.kafka.common.metrics.Metrics","thread_name":"org.springframework.kafka.KafkaListenerEndpointContainer#0-0-C-1","level":"INFO","level_value":20000,"springAppName":"notification-service","app_name":"notification-service"}
{"@timestamp":"2026-08-25T14:42:40.264539+05:30","@version":"1","message":"Metrics reporters closed","logger_name":"org.apache.kafka.common.metrics.Metrics","thread_name":"org.springframework.kafka.KafkaListenerEndpointContainer#1-retry-8000-0-C-1","level":"INFO","level_value":20000,"springAppName":"notification-service","app_name":"notification-service"}
{"@timestamp":"2026-08-25T14:42:40.264592+05:30","@version":"1","message":"Closing reporter org.apache.kafka.common.telemetry.internals.ClientTelemetryReporter","logger_name":"org.apache.kafka.common.metrics.Metrics","thread_name":"org.springframework.kafka.KafkaListenerEndpointContainer#0-retry-4000-0-C-1","level":"INFO","level_value":20000,"springAppName":"notification-service","app_name":"notification-service"}
{"@timestamp":"2026-08-25T14:42:40.264581+05:30","@version":"1","message":"Closing reporter org.apache.kafka.common.metrics.JmxReporter","logger_name":"org.apache.kafka.common.metrics.Metrics","thread_name":"org.springframework.kafka.KafkaListenerEndpointContainer#0-0-C-1","level":"INFO","level_value":20000,"springAppName":"notification-service","app_name":"notification-service"}
{"@timestamp":"2026-08-25T14:42:40.264627+05:30","@version":"1","message":"Closing reporter org.apache.kafka.common.telemetry.internals.ClientTelemetryReporter","logger_name":"org.apache.kafka.common.metrics.Metrics","thread_name":"org.springframework.kafka.KafkaListenerEndpointContainer#0-retry-8000-0-C-1","level":"INFO","level_value":20000,"springAppName":"notification-service","app_name":"notification-service"}
{"@timestamp":"2026-08-25T14:42:40.264637+05:30","@version":"1","message":"Metrics reporters closed","logger_name":"org.apache.kafka.common.metrics.Metrics","thread_name":"org.springframework.kafka.KafkaListenerEndpointContainer#0-retry-4000-0-C-1","level":"INFO","level_value":20000,"springAppName":"notification-service","app_name":"notification-service"}
{"@timestamp":"2026-08-25T14:42:40.264668+05:30","@version":"1","message":"Metrics reporters closed","logger_name":"org.apache.kafka.common.metrics.Metrics","thread_name":"org.springframework.kafka.KafkaListenerEndpointContainer#0-retry-8000-0-C-1","level":"INFO","level_value":20000,"springAppName":"notification-service","app_name":"notification-service"}
{"@timestamp":"2026-08-25T14:42:40.264689+05:30","@version":"1","message":"Closing reporter org.apache.kafka.common.telemetry.internals.ClientTelemetryReporter","logger_name":"org.apache.kafka.common.metrics.Metrics","thread_name":"org.springframework.kafka.KafkaListenerEndpointContainer#0-retry-2000-0-C-1","level":"INFO","level_value":20000,"springAppName":"notification-service","app_name":"notification-service"}
{"@timestamp":"2026-08-25T14:42:40.264729+05:30","@version":"1","message":"Metrics reporters closed","logger_name":"org.apache.kafka.common.metrics.Metrics","thread_name":"org.springframework.kafka.KafkaListenerEndpointContainer#0-retry-2000-0-C-1","level":"INFO","level_value":20000,"springAppName":"notification-service","app_name":"notification-service"}
{"@timestamp":"2026-08-25T14:42:40.264771+05:30","@version":"1","message":"Metrics scheduler closed","logger_name":"org.apache.kafka.common.metrics.Metrics","thread_name":"org.springframework.kafka.KafkaListenerEndpointContainer#1-retry-4000-0-C-1","level":"INFO","level_value":20000,"springAppName":"notification-service","app_name":"notification-service"}
{"@timestamp":"2026-08-25T14:42:40.264806+05:30","@version":"1","message":"Closing reporter org.apache.kafka.common.metrics.JmxReporter","logger_name":"org.apache.kafka.common.metrics.Metrics","thread_name":"org.springframework.kafka.KafkaListenerEndpointContainer#1-retry-4000-0-C-1","level":"INFO","level_value":20000,"springAppName":"notification-service","app_name":"notification-service"}
{"@timestamp":"2026-08-25T14:42:40.264837+05:30","@version":"1","message":"Closing reporter org.apache.kafka.common.telemetry.internals.ClientTelemetryReporter","logger_name":"org.apache.kafka.common.metrics.Metrics","thread_name":"org.springframework.kafka.KafkaListenerEndpointContainer#1-retry-1000-0-C-1","level":"INFO","level_value":20000,"springAppName":"notification-service","app_name":"notification-service"}
{"@timestamp":"2026-08-25T14:42:40.264874+05:30","@version":"1","message":"Metrics reporters closed","logger_name":"org.apache.kafka.common.metrics.Metrics","thread_name":"org.springframework.kafka.KafkaListenerEndpointContainer#1-retry-1000-0-C-1","level":"INFO","level_value":20000,"springAppName":"notification-service","app_name":"notification-service"}
{"@timestamp":"2026-08-25T14:42:40.264899+05:30","@version":"1","message":"Closing reporter org.apache.kafka.common.telemetry.internals.ClientTelemetryReporter","logger_name":"org.apache.kafka.common.metrics.Metrics","thread_name":"org.springframework.kafka.KafkaListenerEndpointContainer#1-retry-2000-0-C-1","level":"INFO","level_value":20000,"springAppName":"notification-service","app_name":"notification-service"}
{"@timestamp":"2026-08-25T14:42:40.264941+05:30","@version":"1","message":"Metrics reporters closed","logger_name":"org.apache.kafka.common.metrics.Metrics","thread_name":"org.springframework.kafka.KafkaListenerEndpointContainer#1-retry-2000-0-C-1","level":"INFO","level_value":20000,"springAppName":"notification-service","app_name":"notification-service"}
{"@timestamp":"2026-08-25T14:42:40.265+05:30","@version":"1","message":"Closing reporter org.apache.kafka.common.telemetry.internals.ClientTelemetryReporter","logger_name":"org.apache.kafka.common.metrics.Metrics","thread_name":"org.springframework.kafka.KafkaListenerEndpointContainer#0-0-C-1","level":"INFO","level_value":20000,"springAppName":"notification-service","app_name":"notification-service"}
{"@timestamp":"2026-08-25T14:42:40.267219+05:30","@version":"1","message":"Metrics reporters closed","logger_name":"org.apache.kafka.common.metrics.Metrics","thread_name":"org.springframework.kafka.KafkaListenerEndpointContainer#0-0-C-1","level":"INFO","level_value":20000,"springAppName":"notification-service","app_name":"notification-service"}
{"@timestamp":"2026-08-25T14:42:40.268781+05:30","@version":"1","message":"Closing reporter org.apache.kafka.common.telemetry.internals.ClientTelemetryReporter","logger_name":"org.apache.kafka.common.metrics.Metrics","thread_name":"org.springframework.kafka.KafkaListenerEndpointContainer#1-retry-4000-0-C-1","level":"INFO","level_value":20000,"springAppName":"notification-service","app_name":"notification-service"}
{"@timestamp":"2026-08-25T14:42:40.268988+05:30","@version":"1","message":"Metrics reporters closed","logger_name":"org.apache.kafka.common.metrics.Metrics","thread_name":"org.springframework.kafka.KafkaListenerEndpointContainer#1-retry-4000-0-C-1","level":"INFO","level_value":20000,"springAppName":"notification-service","app_name":"notification-service"}
{"@timestamp":"2026-08-25T14:42:40.2802+05:30","@version":"1","message":"App info kafka.consumer for consumer-notification-service-group-adnotificationlistener-retry-2000-9 unregistered","logger_name":"org.apache.kafka.common.utils.AppInfoParser","thread_name":"org.springframework.kafka.KafkaListenerEndpointContainer#1-retry-2000-0-C-1","level":"INFO","level_value":20000,"springAppName":"notification-service","app_name":"notification-service"}
{"@timestamp":"2026-08-25T14:42:40.281431+05:30","@version":"1","message":"notification-service-group-adnotificationlistener-retry-2000: Consumer stopped","logger_name":"org.springframework.kafka.listener.KafkaMessageListenerContainer","thread_name":"org.springframework.kafka.KafkaListenerEndpointContainer#1-retry-2000-0-C-1","level":"INFO","level_value":20000,"springAppName":"notification-service","app_name":"notification-service"}
{"@timestamp":"2026-08-25T14:42:40.306167+05:30","@version":"1","message":"App info kafka.consumer for consumer-notification-service-group-adnotificationlistener-retry-8000-1 unregistered","logger_name":"org.apache.kafka.common.utils.AppInfoParser","thread_name":"org.springframework.kafka.KafkaListenerEndpointContainer#1-retry-8000-0-C-1","level":"INFO","level_value":20000,"springAppName":"notification-service","app_name":"notification-service"}
{"@timestamp":"2026-08-25T14:42:40.306789+05:30","@version":"1","message":"notification-service-group-adnotificationlistener-retry-8000: Consumer stopped","logger_name":"org.springframework.kafka.listener.KafkaMessageListenerContainer","thread_name":"org.springframework.kafka.KafkaListenerEndpointContainer#1-retry-8000-0-C-1","level":"INFO","level_value":20000,"springAppName":"notification-service","app_name":"notification-service"}
{"@timestamp":"2026-08-25T14:42:40.30763+05:30","@version":"1","message":"App info kafka.consumer for consumer-notification-service-group-notificationeventconsumer-retry-8000-4 unregistered","logger_name":"org.apache.kafka.common.utils.AppInfoParser","thread_name":"org.springframework.kafka.KafkaListenerEndpointContainer#0-retry-8000-0-C-1","level":"INFO","level_value":20000,"springAppName":"notification-service","app_name":"notification-service"}
{"@timestamp":"2026-08-25T14:42:40.307926+05:30","@version":"1","message":"notification-service-group-notificationeventconsumer-retry-8000: Consumer stopped","logger_name":"org.springframework.kafka.listener.KafkaMessageListenerContainer","thread_name":"org.springframework.kafka.KafkaListenerEndpointContainer#0-retry-8000-0-C-1","level":"INFO","level_value":20000,"springAppName":"notification-service","app_name":"notification-service"}
{"@timestamp":"2026-08-25T14:42:40.308518+05:30","@version":"1","message":"App info kafka.consumer for consumer-notification-service-group-adnotificationlistener-11 unregistered","logger_name":"org.apache.kafka.common.utils.AppInfoParser","thread_name":"org.springframework.kafka.KafkaListenerEndpointContainer#1-0-C-1","level":"INFO","level_value":20000,"springAppName":"notification-service","app_name":"notification-service"}
{"@timestamp":"2026-08-25T14:42:40.308793+05:30","@version":"1","message":"notification-service-group-adnotificationlistener: Consumer stopped","logger_name":"org.springframework.kafka.listener.KafkaMessageListenerContainer","thread_name":"org.springframework.kafka.KafkaListenerEndpointContainer#1-0-C-1","level":"INFO","level_value":20000,"springAppName":"notification-service","app_name":"notification-service"}
{"@timestamp":"2026-08-25T14:42:40.309794+05:30","@version":"1","message":"App info kafka.consumer for consumer-notification-service-group-adnotificationlistener-retry-1000-5 unregistered","logger_name":"org.apache.kafka.common.utils.AppInfoParser","thread_name":"org.springframework.kafka.KafkaListenerEndpointContainer#1-retry-1000-0-C-1","level":"INFO","level_value":20000,"springAppName":"notification-service","app_name":"notification-service"}
{"@timestamp":"2026-08-25T14:42:40.310114+05:30","@version":"1","message":"notification-service-group-adnotificationlistener-retry-1000: Consumer stopped","logger_name":"org.springframework.kafka.listener.KafkaMessageListenerContainer","thread_name":"org.springframework.kafka.KafkaListenerEndpointContainer#1-retry-1000-0-C-1","level":"INFO","level_value":20000,"springAppName":"notification-service","app_name":"notification-service"}
{"@timestamp":"2026-08-25T14:42:40.312639+05:30","@version":"1","message":"App info kafka.consumer for consumer-notification-service-group-notificationeventconsumer-dlt-3 unregistered","logger_name":"org.apache.kafka.common.utils.AppInfoParser","thread_name":"org.springframework.kafka.KafkaListenerEndpointContainer#0-dlt-0-C-1","level":"INFO","level_value":20000,"springAppName":"notification-service","app_name":"notification-service"}
{"@timestamp":"2026-08-25T14:42:40.313214+05:30","@version":"1","message":"notification-service-group-notificationeventconsumer-dlt: Consumer stopped","logger_name":"org.springframework.kafka.listener.KafkaMessageListenerContainer","thread_name":"org.springframework.kafka.KafkaListenerEndpointContainer#0-dlt-0-C-1","level":"INFO","level_value":20000,"springAppName":"notification-service","app_name":"notification-service"}
{"@timestamp":"2026-08-25T14:42:40.313468+05:30","@version":"1","message":"App info kafka.consumer for consumer-notification-service-group-adnotificationlistener-dlt-7 unregistered","logger_name":"org.apache.kafka.common.utils.AppInfoParser","thread_name":"org.springframework.kafka.KafkaListenerEndpointContainer#1-dlt-0-C-1","level":"INFO","level_value":20000,"springAppName":"notification-service","app_name":"notification-service"}
{"@timestamp":"2026-08-25T14:42:40.313629+05:30","@version":"1","message":"notification-service-group-adnotificationlistener-dlt: Consumer stopped","logger_name":"org.springframework.kafka.listener.KafkaMessageListenerContainer","thread_name":"org.springframework.kafka.KafkaListenerEndpointContainer#1-dlt-0-C-1","level":"INFO","level_value":20000,"springAppName":"notification-service","app_name":"notification-service"}
{"@timestamp":"2026-08-25T14:42:40.313932+05:30","@version":"1","message":"App info kafka.consumer for consumer-notification-service-group-notificationeventconsumer-retry-2000-2 unregistered","logger_name":"org.apache.kafka.common.utils.AppInfoParser","thread_name":"org.springframework.kafka.KafkaListenerEndpointContainer#0-retry-2000-0-C-1","level":"INFO","level_value":20000,"springAppName":"notification-service","app_name":"notification-service"}
[INFO] 
[INFO] Results:
[INFO] 
[INFO] Tests run: 1, Failures: 0, Errors: 0, Skipped: 0
[INFO] 
[INFO] ------------------------------------------------------------------------
[INFO] BUILD SUCCESS
[INFO] ------------------------------------------------------------------------
[INFO] Total time:  01:03 min
[INFO] Finished at: 2026-08-25T14:42:42+05:30
[INFO] ------------------------------------------------------------------------
